Archive member included to satisfy reference by file (symbol)

C:/ST/STM32CubeIDE_2.2.0/STM32CubeIDE/plugins/com.st.stm32cube.ide.mcu.externaltools.gnu-tools-for-stm32.14.3.rel1.win32_1.0.100.202602081740/tools/bin/../lib/gcc/arm-none-eabi/14.3.1/../../../../arm-none-eabi/lib/thumb/v7e-m+fp/hard\libc_nano.a(libc_a-exit.o)
                              C:/ST/STM32CubeIDE_2.2.0/STM32CubeIDE/plugins/com.st.stm32cube.ide.mcu.externaltools.gnu-tools-for-stm32.14.3.rel1.win32_1.0.100.202602081740/tools/bin/../lib/gcc/arm-none-eabi/14.3.1/../../../../arm-none-eabi/lib/thumb/v7e-m+fp/hard/crt0.o (exit)
C:/ST/STM32CubeIDE_2.2.0/STM32CubeIDE/plugins/com.st.stm32cube.ide.mcu.externaltools.gnu-tools-for-stm32.14.3.rel1.win32_1.0.100.202602081740/tools/bin/../lib/gcc/arm-none-eabi/14.3.1/../../../../arm-none-eabi/lib/thumb/v7e-m+fp/hard\libc_nano.a(libc_a-findfp.o)
                              C:/ST/STM32CubeIDE_2.2.0/STM32CubeIDE/plugins/com.st.stm32cube.ide.mcu.externaltools.gnu-tools-for-stm32.14.3.rel1.win32_1.0.100.202602081740/tools/bin/../lib/gcc/arm-none-eabi/14.3.1/../../../../arm-none-eabi/lib/thumb/v7e-m+fp/hard\libc_nano.a(libc_a-exit.o) (__stdio_exit_handler)
C:/ST/STM32CubeIDE_2.2.0/STM32CubeIDE/plugins/com.st.stm32cube.ide.mcu.externaltools.gnu-tools-for-stm32.14.3.rel1.win32_1.0.100.202602081740/tools/bin/../lib/gcc/arm-none-eabi/14.3.1/../../../../arm-none-eabi/lib/thumb/v7e-m+fp/hard\libc_nano.a(libc_a-fwalk.o)
                              C:/ST/STM32CubeIDE_2.2.0/STM32CubeIDE/plugins/com.st.stm32cube.ide.mcu.externaltools.gnu-tools-for-stm32.14.3.rel1.win32_1.0.100.202602081740/tools/bin/../lib/gcc/arm-none-eabi/14.3.1/../../../../arm-none-eabi/lib/thumb/v7e-m+fp/hard\libc_nano.a(libc_a-findfp.o) (_fwalk_sglue)
C:/ST/STM32CubeIDE_2.2.0/STM32CubeIDE/plugins/com.st.stm32cube.ide.mcu.externaltools.gnu-tools-for-stm32.14.3.rel1.win32_1.0.100.202602081740/tools/bin/../lib/gcc/arm-none-eabi/14.3.1/../../../../arm-none-eabi/lib/thumb/v7e-m+fp/hard\libc_nano.a(libc_a-stdio.o)
                              C:/ST/STM32CubeIDE_2.2.0/STM32CubeIDE/plugins/com.st.stm32cube.ide.mcu.externaltools.gnu-tools-for-stm32.14.3.rel1.win32_1.0.100.202602081740/tools/bin/../lib/gcc/arm-none-eabi/14.3.1/../../../../arm-none-eabi/lib/thumb/v7e-m+fp/hard\libc_nano.a(libc_a-findfp.o) (__sread)
C:/ST/STM32CubeIDE_2.2.0/STM32CubeIDE/plugins/com.st.stm32cube.ide.mcu.externaltools.gnu-tools-for-stm32.14.3.rel1.win32_1.0.100.202602081740/tools/bin/../lib/gcc/arm-none-eabi/14.3.1/../../../../arm-none-eabi/lib/thumb/v7e-m+fp/hard\libc_nano.a(libc_a-memset.o)
                              C:/ST/STM32CubeIDE_2.2.0/STM32CubeIDE/plugins/com.st.stm32cube.ide.mcu.externaltools.gnu-tools-for-stm32.14.3.rel1.win32_1.0.100.202602081740/tools/bin/../lib/gcc/arm-none-eabi/14.3.1/../../../../arm-none-eabi/lib/thumb/v7e-m+fp/hard/crt0.o (memset)
C:/ST/STM32CubeIDE_2.2.0/STM32CubeIDE/plugins/com.st.stm32cube.ide.mcu.externaltools.gnu-tools-for-stm32.14.3.rel1.win32_1.0.100.202602081740/tools/bin/../lib/gcc/arm-none-eabi/14.3.1/../../../../arm-none-eabi/lib/thumb/v7e-m+fp/hard\libc_nano.a(libc_a-closer.o)
                              C:/ST/STM32CubeIDE_2.2.0/STM32CubeIDE/plugins/com.st.stm32cube.ide.mcu.externaltools.gnu-tools-for-stm32.14.3.rel1.win32_1.0.100.202602081740/tools/bin/../lib/gcc/arm-none-eabi/14.3.1/../../../../arm-none-eabi/lib/thumb/v7e-m+fp/hard\libc_nano.a(libc_a-stdio.o) (_close_r)
C:/ST/STM32CubeIDE_2.2.0/STM32CubeIDE/plugins/com.st.stm32cube.ide.mcu.externaltools.gnu-tools-for-stm32.14.3.rel1.win32_1.0.100.202602081740/tools/bin/../lib/gcc/arm-none-eabi/14.3.1/../../../../arm-none-eabi/lib/thumb/v7e-m+fp/hard\libc_nano.a(libc_a-reent.o)
                              C:/ST/STM32CubeIDE_2.2.0/STM32CubeIDE/plugins/com.st.stm32cube.ide.mcu.externaltools.gnu-tools-for-stm32.14.3.rel1.win32_1.0.100.202602081740/tools/bin/../lib/gcc/arm-none-eabi/14.3.1/../../../../arm-none-eabi/lib/thumb/v7e-m+fp/hard\libc_nano.a(libc_a-closer.o) (errno)
C:/ST/STM32CubeIDE_2.2.0/STM32CubeIDE/plugins/com.st.stm32cube.ide.mcu.externaltools.gnu-tools-for-stm32.14.3.rel1.win32_1.0.100.202602081740/tools/bin/../lib/gcc/arm-none-eabi/14.3.1/../../../../arm-none-eabi/lib/thumb/v7e-m+fp/hard\libc_nano.a(libc_a-impure.o)
                              C:/ST/STM32CubeIDE_2.2.0/STM32CubeIDE/plugins/com.st.stm32cube.ide.mcu.externaltools.gnu-tools-for-stm32.14.3.rel1.win32_1.0.100.202602081740/tools/bin/../lib/gcc/arm-none-eabi/14.3.1/../../../../arm-none-eabi/lib/thumb/v7e-m+fp/hard\libc_nano.a(libc_a-reent.o) (_impure_ptr)
C:/ST/STM32CubeIDE_2.2.0/STM32CubeIDE/plugins/com.st.stm32cube.ide.mcu.externaltools.gnu-tools-for-stm32.14.3.rel1.win32_1.0.100.202602081740/tools/bin/../lib/gcc/arm-none-eabi/14.3.1/../../../../arm-none-eabi/lib/thumb/v7e-m+fp/hard\libc_nano.a(libc_a-lseekr.o)
[...]
Memory Configuration

Name             Origin             Length             Attributes
RAM              0x20000000         0x00020000         xrw
FLASH            0x08000000         0x00080000         xr
*default*        0x00000000         0xffffffff

Linker script and memory map

LOAD C:/ST/STM32CubeIDE_2.2.0/STM32CubeIDE/plugins/com.st.stm32cube.ide.mcu.externaltools.gnu-tools-for-stm32.14.3.rel1.win32_1.0.100.202602081740/tools/bin/../lib/gcc/arm-none-eabi/14.3.1/thumb/v7e-m+fp/hard/crti.o
LOAD C:/ST/STM32CubeIDE_2.2.0/STM32CubeIDE/plugins/com.st.stm32cube.ide.mcu.externaltools.gnu-tools-for-stm32.14.3.rel1.win32_1.0.100.202602081740/tools/bin/../lib/gcc/arm-none-eabi/14.3.1/thumb/v7e-m+fp/hard/crtbegin.o
LOAD C:/ST/STM32CubeIDE_2.2.0/STM32CubeIDE/plugins/com.st.stm32cube.ide.mcu.externaltools.gnu-tools-for-stm32.14.3.rel1.win32_1.0.100.202602081740/tools/bin/../lib/gcc/arm-none-eabi/14.3.1/../../../../arm-none-eabi/lib/thumb/v7e-m+fp/hard/crt0.o
LOAD ./Core/Src/button.o
LOAD ./Core/Src/freertos.o
LOAD ./Core/Src/lcd.o
LOAD ./Core/Src/main.o
LOAD ./Core/Src/sensor.o
LOAD ./Core/Src/servo.o
LOAD ./Core/Src/stm32f4xx_hal_msp.o
LOAD ./Core/Src/stm32f4xx_hal_timebase_tim.o
LOAD ./Core/Src/stm32f4xx_it.o
LOAD ./Core/Src/syscalls.o
LOAD ./Core/Src/sysmem.o
LOAD ./Core/Src/system_stm32f4xx.o
LOAD ./Core/Src/uart.o
LOAD ./Core/Startup/startup_stm32f411ceux.o
LOAD ./Drivers/STM32F4xx_HAL_Driver/Src/stm32f4xx_hal.o
LOAD ./Drivers/STM32F4xx_HAL_Driver/Src/stm32f4xx_hal_cortex.o
LOAD ./Drivers/STM32F4xx_HAL_Driver/Src/stm32f4xx_hal_dma.o
LOAD ./Drivers/STM32F4xx_HAL_Driver/Src/stm32f4xx_hal_dma_ex.o
LOAD ./Drivers/STM32F4xx_HAL_Driver/Src/stm32f4xx_hal_exti.o
LOAD ./Drivers/STM32F4xx_HAL_Driver/Src/stm32f4xx_hal_flash.o
LOAD ./Drivers/STM32F4xx_HAL_Driver/Src/stm32f4xx_hal_flash_ex.o
LOAD ./Drivers/STM32F4xx_HAL_Driver/Src/stm32f4xx_hal_flash_ramfunc.o
LOAD ./Drivers/STM32F4xx_HAL_Driver/Src/stm32f4xx_hal_gpio.o
LOAD ./Drivers/STM32F4xx_HAL_Driver/Src/stm32f4xx_hal_pwr.o
LOAD ./Drivers/STM32F4xx_HAL_Driver/Src/stm32f4xx_hal_pwr_ex.o
LOAD ./Drivers/STM32F4xx_HAL_Driver/Src/stm32f4xx_hal_rcc.o
LOAD ./Drivers/STM32F4xx_HAL_Driver/Src/stm32f4xx_hal_rcc_ex.o
LOAD ./Drivers/STM32F4xx_HAL_Driver/Src/stm32f4xx_hal_tim.o
LOAD ./Drivers/STM32F4xx_HAL_Driver/Src/stm32f4xx_hal_tim_ex.o
LOAD ./Drivers/STM32F4xx_HAL_Driver/Src/stm32f4xx_hal_uart.o
LOAD ./Middlewares/Third_Party/FreeRTOS/Source/CMSIS_RTOS_V2/cmsis_os2.o
LOAD ./Middlewares/Third_Party/FreeRTOS/Source/croutine.o
LOAD ./Middlewares/Third_Party/FreeRTOS/Source/event_groups.o
LOAD ./Middlewares/Third_Party/FreeRTOS/Source/list.o
LOAD ./Middlewares/Third_Party/FreeRTOS/Source/queue.o
LOAD ./Middlewares/Third_Party/FreeRTOS/Source/stream_buffer.o
LOAD ./Middlewares/Third_Party/FreeRTOS/Source/tasks.o
LOAD ./Middlewares/Third_Party/FreeRTOS/Source/timers.o
LOAD ./Middlewares/Third_Party/FreeRTOS/Source/portable/GCC/ARM_CM4F/port.o
LOAD ./Middlewares/Third_Party/FreeRTOS/Source/portable/MemMang/heap_4.o
START GROUP
LOAD C:/ST/STM32CubeIDE_2.2.0/STM32CubeIDE/plugins/com.st.stm32cube.ide.mcu.externaltools.gnu-tools-for-stm32.14.3.rel1.win32_1.0.100.202602081740/tools/bin/../lib/gcc/arm-none-eabi/14.3.1/../../../../arm-none-eabi/lib/thumb/v7e-m+fp/hard\libc_nano.a
LOAD C:/ST/STM32CubeIDE_2.2.0/STM32CubeIDE/plugins/com.st.stm32cube.ide.mcu.externaltools.gnu-tools-for-stm32.14.3.rel1.win32_1.0.100.202602081740/tools/bin/../lib/gcc/arm-none-eabi/14.3.1/../../../../arm-none-eabi/lib/thumb/v7e-m+fp/hard\libm.a
END GROUP
START GROUP
LOAD C:/ST/STM32CubeIDE_2.2.0/STM32CubeIDE/plugins/com.st.stm32cube.ide.mcu.externaltools.gnu-tools-for-stm32.14.3.rel1.win32_1.0.100.202602081740/tools/bin/../lib/gcc/arm-none-eabi/14.3.1/thumb/v7e-m+fp/hard\libgcc.a
LOAD C:/ST/STM32CubeIDE_2.2.0/STM32CubeIDE/plugins/com.st.stm32cube.ide.mcu.externaltools.gnu-tools-for-stm32.14.3.rel1.win32_1.0.100.202602081740/tools/bin/../lib/gcc/arm-none-eabi/14.3.1/../../../../arm-none-eabi/lib/thumb/v7e-m+fp/hard\libc_nano.a
END GROUP
START GROUP
LOAD C:/ST/STM32CubeIDE_2.2.0/STM32CubeIDE/plugins/com.st.stm32cube.ide.mcu.externaltools.gnu-tools-for-stm32.14.3.rel1.win32_1.0.100.202602081740/tools/bin/../lib/gcc/arm-none-eabi/14.3.1/thumb/v7e-m+fp/hard\libgcc.a
LOAD C:/ST/STM32CubeIDE_2.2.0/STM32CubeIDE/plugins/com.st.stm32cube.ide.mcu.externaltools.gnu-tools-for-stm32.14.3.rel1.win32_1.0.100.202602081740/tools/bin/../lib/gcc/arm-none-eabi/14.3.1/../../../../arm-none-eabi/lib/thumb/v7e-m+fp/hard\libc_nano.a
LOAD C:/ST/STM32CubeIDE_2.2.0/STM32CubeIDE/plugins/com.st.stm32cube.ide.mcu.externaltools.gnu-tools-for-stm32.14.3.rel1.win32_1.0.100.202602081740/tools/bin/../lib/gcc/arm-none-eabi/14.3.1/../../../../arm-none-eabi/lib/thumb/v7e-m+fp/hard\libnosys.a
END GROUP
START GROUP
LOAD C:/ST/STM32CubeIDE_2.2.0/STM32CubeIDE/plugins/com.st.stm32cube.ide.mcu.externaltools.gnu-tools-for-stm32.14.3.rel1.win32_1.0.100.202602081740/tools/bin/../lib/gcc/arm-none-eabi/14.3.1/thumb/v7e-m+fp/hard\libgcc.a
LOAD C:/ST/STM32CubeIDE_2.2.0/STM32CubeIDE/plugins/com.st.stm32cube.ide.mcu.externaltools.gnu-tools-for-stm32.14.3.rel1.win32_1.0.100.202602081740/tools/bin/../lib/gcc/arm-none-eabi/14.3.1/../../../../arm-none-eabi/lib/thumb/v7e-m+fp/hard\libc_nano.a
LOAD C:/ST/STM32CubeIDE_2.2.0/STM32CubeIDE/plugins/com.st.stm32cube.ide.mcu.externaltools.gnu-tools-for-stm32.14.3.rel1.win32_1.0.100.202602081740/tools/bin/../lib/gcc/arm-none-eabi/14.3.1/../../../../arm-none-eabi/lib/thumb/v7e-m+fp/hard\libnosys.a
END GROUP
LOAD C:/ST/STM32CubeIDE_2.2.0/STM32CubeIDE/plugins/com.st.stm32cube.ide.mcu.externaltools.gnu-tools-for-stm32.14.3.rel1.win32_1.0.100.202602081740/tools/bin/../lib/gcc/arm-none-eabi/14.3.1/thumb/v7e-m+fp/hard/crtend.o
LOAD C:/ST/STM32CubeIDE_2.2.0/STM32CubeIDE/plugins/com.st.stm32cube.ide.mcu.externaltools.gnu-tools-for-stm32.14.3.rel1.win32_1.0.100.202602081740/tools/bin/../lib/gcc/arm-none-eabi/14.3.1/thumb/v7e-m+fp/hard/crtn.o
                0x20020000                        _estack = (ORIGIN (RAM) + LENGTH (RAM))
                0x00000200                        _Min_Heap_Size = 0x200
                0x00000400                        _Min_Stack_Size = 0x400

.isr_vector     0x08000000      0x198
                0x08000000                        . = ALIGN (0x4)
 *(.isr_vector)
 .isr_vector    0x08000000      0x198 ./Core/Startup/startup_stm32f411ceux.o
                0x08000000                g_pfnVectors
                0x08000198                        . = ALIGN (0x4)

.text           0x080001a0     0x6764
                0x080001a0                        . = ALIGN (0x4)
 *(.text)
 .text          0x080001a0       0x40 C:/ST/STM32CubeIDE_2.2.0/STM32CubeIDE/plugins/com.st.stm32cube.ide.mcu.externaltools.gnu-tools-for-stm32.14.3.rel1.win32_1.0.100.202602081740/tools/bin/../lib/gcc/arm-none-eabi/14.3.1/thumb/v7e-m+fp/hard/crtbegin.o
 .text          0x080001e0       0x10 C:/ST/STM32CubeIDE_2.2.0/STM32CubeIDE/plugins/com.st.stm32cube.ide.mcu.externaltools.gnu-tools-for-stm32.14.3.rel1.win32_1.0.100.202602081740/tools/bin/../lib/gcc/arm-none-eabi/14.3.1/../../../../arm-none-eabi/lib/thumb/v7e-m+fp/hard\libc_nano.a(libc_a-strlen.o)
                0x080001e0                strlen
 .text          0x080001f0       0x30 C:/ST/STM32CubeIDE_2.2.0/STM32CubeIDE/plugins/com.st.stm32cube.ide.mcu.externaltools.gnu-tools-for-stm32.14.3.rel1.win32_1.0.100.202602081740/tools/bin/../lib/gcc/arm-none-eabi/14.3.1/thumb/v7e-m+fp/hard\libgcc.a(_aeabi_uldivmod.o)
                0x080001f0                __aeabi_uldivmod
 .text          0x08000220      0x2f8 C:/ST/STM32CubeIDE_2.2.0/STM32CubeIDE/plugins/com.st.stm32cube.ide.mcu.externaltools.gnu-tools-for-stm32.14.3.rel1.win32_1.0.100.202602081740/tools/bin/../lib/gcc/arm-none-eabi/14.3.1/thumb/v7e-m+fp/hard\libgcc.a(_udivmoddi4.o)
                0x08000220                __udivmoddi4
 .text          0x08000518        0x4 C:/ST/STM32CubeIDE_2.2.0/STM32CubeIDE/plugins/com.st.stm32cube.ide.mcu.externaltools.gnu-tools-for-stm32.14.3.rel1.win32_1.0.100.202602081740/tools/bin/../lib/gcc/arm-none-eabi/14.3.1/thumb/v7e-m+fp/hard\libgcc.a(_dvmd_tls.o)
                0x08000518                __aeabi_idiv0
                0x08000518                __aeabi_ldiv0
 *(.text*)
 .text.Button_Mode
                0x0800051c       0x20 ./Core/Src/button.o
                0x0800051c                Button_Mode
 .text.Button_ManualIn
                0x0800053c       0x20 ./Core/Src/button.o
                0x0800053c                Button_ManualIn
 .text.Button_ManualOut
                0x0800055c       0x20 ./Core/Src/button.o
                0x0800055c                Button_ManualOut
 .text.LCD_EnablePulse
                0x0800057c       0x50 ./Core/Src/lcd.o
 .text.LCD_SendNibble
                0x080005cc       0x78 ./Core/Src/lcd.o
 .text.LCD_SendCommand
                0x08000644       0x44 ./Core/Src/lcd.o
 .text.LCD_SendData
                0x08000688       0x3c ./Core/Src/lcd.o
 .text.LCD_SendString
                0x080006c4       0x2c ./Core/Src/lcd.o
 .text.LCD_SetCursor
                0x080006f0       0x38 ./Core/Src/lcd.o
 .text.LCD_Init
                0x08000728       0x60 ./Core/Src/lcd.o
                0x08000728                LCD_Init
 .text.LCD_Clear
                0x08000788       0x14 ./Core/Src/lcd.o
                0x08000788                LCD_Clear
 .text.LCD_Update
                0x0800079c       0xa0 ./Core/Src/lcd.o
                0x0800079c                LCD_Update
 .text.main     0x0800083c       0xbc ./Core/Src/main.o
                0x0800083c                main
 .text.SystemClock_Config
                0x080008f8       0xbc ./Core/Src/main.o
                0x080008f8                SystemClock_Config
 .text.MX_TIM4_Init
                0x080009b4       0xf0 ./Core/Src/main.o
 .text.MX_USART2_UART_Init
                0x08000aa4       0x54 ./Core/Src/main.o
 .text.MX_GPIO_Init
                0x08000af8       0xbc ./Core/Src/main.o
 .text.StartSensorTask
                0x08000bb4       0x68 ./Core/Src/main.o
                0x08000bb4                StartSensorTask
 .text.StartControlTask
                0x08000c1c      0x100 ./Core/Src/main.o
                0x08000c1c                StartControlTask
 .text.StartDisplayTask
                0x08000d1c       0xe4 ./Core/Src/main.o
                0x08000d1c                StartDisplayTask
 .text.HAL_TIM_PeriodElapsedCallback
                0x08000e00       0x24 ./Core/Src/main.o
                0x08000e00                HAL_TIM_PeriodElapsedCallback
 .text.Error_Handler
                0x08000e24        0xc ./Core/Src/main.o
                0x08000e24                Error_Handler
 .text.Sensor_IsRaining
                0x08000e30       0x20 ./Core/Src/sensor.o
                0x08000e30                Sensor_IsRaining
 .text.Sensor_IsLight
                0x08000e50       0x20 ./Core/Src/sensor.o
                0x08000e50                Sensor_IsLight
 .text.Servo_Init
                0x08000e70       0x18 ./Core/Src/servo.o
                0x08000e70                Servo_Init
 .text.Servo_SetIn
                0x08000e88       0x1c ./Core/Src/servo.o
                0x08000e88                Servo_SetIn
 .text.Servo_SetOut
                0x08000ea4       0x1c ./Core/Src/servo.o
                0x08000ea4                Servo_SetOut
 .text.HAL_MspInit
                0x08000ec0       0x58 ./Core/Src/stm32f4xx_hal_msp.o
                0x08000ec0                HAL_MspInit
 .text.HAL_TIM_Base_MspInit
                0x08000f18       0x44 ./Core/Src/stm32f4xx_hal_msp.o
                0x08000f18                HAL_TIM_Base_MspInit
 .text.HAL_TIM_MspPostInit
                0x08000f5c       0x74 ./Core/Src/stm32f4xx_hal_msp.o
                0x08000f5c                HAL_TIM_MspPostInit
 .text.HAL_UART_MspInit
                0x08000fd0       0x90 ./Core/Src/stm32f4xx_hal_msp.o
                0x08000fd0                HAL_UART_MspInit
 .text.HAL_InitTick
                0x08001060       0xf8 ./Core/Src/stm32f4xx_hal_timebase_tim.o
                0x08001060                HAL_InitTick
 .text.NMI_Handler
                0x08001158        0x8 ./Core/Src/stm32f4xx_it.o
                0x08001158                NMI_Handler
 .text.HardFault_Handler
                0x08001160        0x8 ./Core/Src/stm32f4xx_it.o
                0x08001160                HardFault_Handler
 .text.MemManage_Handler
                0x08001168        0x8 ./Core/Src/stm32f4xx_it.o
                0x08001168                MemManage_Handler
 .text.BusFault_Handler
                0x08001170        0x8 ./Core/Src/stm32f4xx_it.o
                0x08001170                BusFault_Handler
 .text.UsageFault_Handler
                0x08001178        0x8 ./Core/Src/stm32f4xx_it.o
                0x08001178                UsageFault_Handler
 .text.DebugMon_Handler
                0x08001180        0xe ./Core/Src/stm32f4xx_it.o
                0x08001180                DebugMon_Handler
 *fill*         0x0800118e        0x2 
 .text.TIM5_IRQHandler
                0x08001190       0x14 ./Core/Src/stm32f4xx_it.o
                0x08001190                TIM5_IRQHandler
 .text.SystemInit
                0x080011a4       0x24 ./Core/Src/system_stm32f4xx.o
                0x080011a4                SystemInit
 .text.UART2_SendString
                0x080011c8       0x2c ./Core/Src/uart.o
                0x080011c8                UART2_SendString
 .text.Reset_Handler
                0x080011f4       0x50 ./Core/Startup/startup_stm32f411ceux.o
                0x080011f4                Reset_Handler
 .text.Default_Handler
                0x08001244        0x2 ./Core/Startup/startup_stm32f411ceux.o
                0x08001244                RTC_Alarm_IRQHandler
                0x08001244                EXTI2_IRQHandler
                0x08001244                SPI4_IRQHandler
                0x08001244                TIM1_CC_IRQHandler
                0x08001244                DMA2_Stream5_IRQHandler
                0x08001244                DMA1_Stream5_IRQHandler
                0x08001244                PVD_IRQHandler
                0x08001244                SDIO_IRQHandler
                0x08001244                TAMP_STAMP_IRQHandler
                0x08001244                EXTI3_IRQHandler
                0x08001244                TIM1_UP_TIM10_IRQHandler
                0x08001244                I2C3_ER_IRQHandler
                0x08001244                EXTI0_IRQHandler
                0x08001244                I2C2_EV_IRQHandler
                0x08001244                DMA1_Stream2_IRQHandler
                0x08001244                FPU_IRQHandler
                0x08001244                DMA2_Stream2_IRQHandler
                0x08001244                SPI1_IRQHandler
                0x08001244                TIM1_BRK_TIM9_IRQHandler
                0x08001244                DMA2_Stream3_IRQHandler
                0x08001244                USART6_IRQHandler
                0x08001244                DMA2_Stream0_IRQHandler
                0x08001244                TIM4_IRQHandler
                0x08001244                I2C1_EV_IRQHandler
                0x08001244                DMA1_Stream6_IRQHandler
                0x08001244                DMA1_Stream1_IRQHandler
                0x08001244                TIM3_IRQHandler
                0x08001244                RCC_IRQHandler
                0x08001244                Default_Handler
                0x08001244                EXTI15_10_IRQHandler
                0x08001244                ADC_IRQHandler
                0x08001244                DMA1_Stream7_IRQHandler
                0x08001244                SPI5_IRQHandler
                0x08001244                DMA2_Stream7_IRQHandler
                0x08001244                I2C3_EV_IRQHandler
                0x08001244                EXTI9_5_IRQHandler
                0x08001244                RTC_WKUP_IRQHandler
                0x08001244                SPI2_IRQHandler
                0x08001244                DMA1_Stream0_IRQHandler
                0x08001244                EXTI4_IRQHandler
                0x08001244                WWDG_IRQHandler
                0x08001244                TIM2_IRQHandler
                0x08001244                OTG_FS_WKUP_IRQHandler
                0x08001244                TIM1_TRG_COM_TIM11_IRQHandler
                0x08001244                EXTI1_IRQHandler
                0x08001244                USART2_IRQHandler
                0x08001244                I2C2_ER_IRQHandler
                0x08001244                DMA2_Stream1_IRQHandler
                0x08001244                FLASH_IRQHandler
                0x08001244                DMA2_Stream4_IRQHandler
                0x08001244                USART1_IRQHandler
                0x08001244                OTG_FS_IRQHandler
                0x08001244                SPI3_IRQHandler
                0x08001244                DMA1_Stream4_IRQHandler
                0x08001244                I2C1_ER_IRQHandler
                0x08001244                DMA2_Stream6_IRQHandler
                0x08001244                DMA1_Stream3_IRQHandler
 *fill*         0x08001246        0x2 
 .text.HAL_Init
                0x08001248       0x44 ./Drivers/STM32F4xx_HAL_Driver/Src/stm32f4xx_hal.o
                0x08001248                HAL_Init
 .text.HAL_IncTick
                0x0800128c       0x28 ./Drivers/STM32F4xx_HAL_Driver/Src/stm32f4xx_hal.o
                0x0800128c                HAL_IncTick
 .text.HAL_GetTick
                0x080012b4       0x18 ./Drivers/STM32F4xx_HAL_Driver/Src/stm32f4xx_hal.o
                0x080012b4                HAL_GetTick
 .text.HAL_Delay
                0x080012cc       0x48 ./Drivers/STM32F4xx_HAL_Driver/Src/stm32f4xx_hal.o
                0x080012cc                HAL_Delay
 .text.__NVIC_SetPriorityGrouping
                0x08001314       0x48 ./Drivers/STM32F4xx_HAL_Driver/Src/stm32f4xx_hal_cortex.o
 .text.__NVIC_GetPriorityGrouping
                0x0800135c       0x1c ./Drivers/STM32F4xx_HAL_Driver/Src/stm32f4xx_hal_cortex.o
 .text.__NVIC_EnableIRQ
                0x08001378       0x3c ./Drivers/STM32F4xx_HAL_Driver/Src/stm32f4xx_hal_cortex.o
 .text.__NVIC_SetPriority
                0x080013b4       0x54 ./Drivers/STM32F4xx_HAL_Driver/Src/stm32f4xx_hal_cortex.o
 .text.NVIC_EncodePriority
                0x08001408       0x66 ./Drivers/STM32F4xx_HAL_Driver/Src/stm32f4xx_hal_cortex.o
 .text.HAL_NVIC_SetPriorityGrouping
                0x0800146e       0x16 ./Drivers/STM32F4xx_HAL_Driver/Src/stm32f4xx_hal_cortex.o
                0x0800146e                HAL_NVIC_SetPriorityGrouping
 .text.HAL_NVIC_SetPriority
                0x08001484       0x38 ./Drivers/STM32F4xx_HAL_Driver/Src/stm32f4xx_hal_cortex.o
                0x08001484                HAL_NVIC_SetPriority
 .text.HAL_NVIC_EnableIRQ
                0x080014bc       0x1c ./Drivers/STM32F4xx_HAL_Driver/Src/stm32f4xx_hal_cortex.o
                0x080014bc                HAL_NVIC_EnableIRQ
 .text.HAL_GPIO_Init
                0x080014d8      0x308 ./Drivers/STM32F4xx_HAL_Driver/Src/stm32f4xx_hal_gpio.o
                0x080014d8                HAL_GPIO_Init
 .text.HAL_GPIO_ReadPin
                0x080017e0       0x30 ./Drivers/STM32F4xx_HAL_Driver/Src/stm32f4xx_hal_gpio.o
                0x080017e0                HAL_GPIO_ReadPin
 .text.HAL_GPIO_WritePin
                0x08001810       0x32 ./Drivers/STM32F4xx_HAL_Driver/Src/stm32f4xx_hal_gpio.o
                0x08001810                HAL_GPIO_WritePin
 *fill*         0x08001842        0x2 
 .text.HAL_RCC_OscConfig
                0x08001844      0x4f0 ./Drivers/STM32F4xx_HAL_Driver/Src/stm32f4xx_hal_rcc.o
                0x08001844                HAL_RCC_OscConfig
 .text.HAL_RCC_ClockConfig
                0x08001d34      0x1cc ./Drivers/STM32F4xx_HAL_Driver/Src/stm32f4xx_hal_rcc.o
                0x08001d34                HAL_RCC_ClockConfig
 .text.HAL_RCC_GetSysClockFreq
                0x08001f00      0x188 ./Drivers/STM32F4xx_HAL_Driver/Src/stm32f4xx_hal_rcc.o
                0x08001f00                HAL_RCC_GetSysClockFreq
 .text.HAL_RCC_GetHCLKFreq
                0x08002088       0x18 ./Drivers/STM32F4xx_HAL_Driver/Src/stm32f4xx_hal_rcc.o
                0x08002088                HAL_RCC_GetHCLKFreq
 .text.HAL_RCC_GetPCLK1Freq
                0x080020a0       0x28 ./Drivers/STM32F4xx_HAL_Driver/Src/stm32f4xx_hal_rcc.o
                0x080020a0                HAL_RCC_GetPCLK1Freq
 .text.HAL_RCC_GetPCLK2Freq
                0x080020c8       0x28 ./Drivers/STM32F4xx_HAL_Driver/Src/stm32f4xx_hal_rcc.o
                0x080020c8                HAL_RCC_GetPCLK2Freq
 .text.HAL_RCC_GetClockConfig
                0x080020f0       0x64 ./Drivers/STM32F4xx_HAL_Driver/Src/stm32f4xx_hal_rcc.o
                0x080020f0                HAL_RCC_GetClockConfig
 .text.HAL_TIM_Base_Init
                0x08002154       0x9e ./Drivers/STM32F4xx_HAL_Driver/Src/stm32f4xx_hal_tim.o
                0x08002154                HAL_TIM_Base_Init
 *fill*         0x080021f2        0x2 
 .text.HAL_TIM_Base_Start_IT
                0x080021f4       0xc4 ./Drivers/STM32F4xx_HAL_Driver/Src/stm32f4xx_hal_tim.o
                0x080021f4                HAL_TIM_Base_Start_IT
 .text.HAL_TIM_PWM_Init
                0x080022b8       0x9e ./Drivers/STM32F4xx_HAL_Driver/Src/stm32f4xx_hal_tim.o
                0x080022b8                HAL_TIM_PWM_Init
 .text.HAL_TIM_PWM_MspInit
                0x08002356       0x14 ./Drivers/STM32F4xx_HAL_Driver/Src/stm32f4xx_hal_tim.o
                0x08002356                HAL_TIM_PWM_MspInit
 *fill*         0x0800236a        0x2 
 .text.HAL_TIM_PWM_Start
                0x0800236c      0x160 ./Drivers/STM32F4xx_HAL_Driver/Src/stm32f4xx_hal_tim.o
                0x0800236c                HAL_TIM_PWM_Start
 .text.HAL_TIM_IRQHandler
                0x080024cc      0x1e0 ./Drivers/STM32F4xx_HAL_Driver/Src/stm32f4xx_hal_tim.o
                0x080024cc                HAL_TIM_IRQHandler
 .text.HAL_TIM_PWM_ConfigChannel
                0x080026ac      0x184 ./Drivers/STM32F4xx_HAL_Driver/Src/stm32f4xx_hal_tim.o
                0x080026ac                HAL_TIM_PWM_ConfigChannel
 .text.HAL_TIM_ConfigClockSource
                0x08002830      0x18e ./Drivers/STM32F4xx_HAL_Driver/Src/stm32f4xx_hal_tim.o
                0x08002830                HAL_TIM_ConfigClockSource
 .text.HAL_TIM_OC_DelayElapsedCallback
                0x080029be       0x14 ./Drivers/STM32F4xx_HAL_Driver/Src/stm32f4xx_hal_tim.o
                0x080029be                HAL_TIM_OC_DelayElapsedCallback
 .text.HAL_TIM_IC_CaptureCallback
                0x080029d2       0x14 ./Drivers/STM32F4xx_HAL_Driver/Src/stm32f4xx_hal_tim.o
                0x080029d2                HAL_TIM_IC_CaptureCallback
 .text.HAL_TIM_PWM_PulseFinishedCallback
                0x080029e6       0x14 ./Drivers/STM32F4xx_HAL_Driver/Src/stm32f4xx_hal_tim.o
                0x080029e6                HAL_TIM_PWM_PulseFinishedCallback
 .text.HAL_TIM_TriggerCallback
                0x080029fa       0x14 ./Drivers/STM32F4xx_HAL_Driver/Src/stm32f4xx_hal_tim.o
                0x080029fa                HAL_TIM_TriggerCallback
 *fill*         0x08002a0e        0x2 
 .text.TIM_Base_SetConfig
                0x08002a10      0x10c ./Drivers/STM32F4xx_HAL_Driver/Src/stm32f4xx_hal_tim.o
                0x08002a10                TIM_Base_SetConfig
 .text.TIM_OC1_SetConfig
                0x08002b1c       0xcc ./Drivers/STM32F4xx_HAL_Driver/Src/stm32f4xx_hal_tim.o
 .text.TIM_OC2_SetConfig
                0x08002be8       0xd8 ./Drivers/STM32F4xx_HAL_Driver/Src/stm32f4xx_hal_tim.o
                0x08002be8                TIM_OC2_SetConfig
 .text.TIM_OC3_SetConfig
                0x08002cc0       0xd4 ./Drivers/STM32F4xx_HAL_Driver/Src/stm32f4xx_hal_tim.o
 .text.TIM_OC4_SetConfig
                0x08002d94       0xa0 ./Drivers/STM32F4xx_HAL_Driver/Src/stm32f4xx_hal_tim.o
 .text.TIM_TI1_ConfigInputStage
                0x08002e34       0x5e ./Drivers/STM32F4xx_HAL_Driver/Src/stm32f4xx_hal_tim.o
 .text.TIM_TI2_ConfigInputStage
                0x08002e92       0x60 ./Drivers/STM32F4xx_HAL_Driver/Src/stm32f4xx_hal_tim.o
 .text.TIM_ITRx_SetConfig
                0x08002ef2       0x36 ./Drivers/STM32F4xx_HAL_Driver/Src/stm32f4xx_hal_tim.o
 .text.TIM_ETR_SetConfig
                0x08002f28       0x40 ./Drivers/STM32F4xx_HAL_Driver/Src/stm32f4xx_hal_tim.o
                0x08002f28                TIM_ETR_SetConfig
 .text.TIM_CCxChannelCmd
                0x08002f68       0x4a ./Drivers/STM32F4xx_HAL_Driver/Src/stm32f4xx_hal_tim.o
                0x08002f68                TIM_CCxChannelCmd
 *fill*         0x08002fb2        0x2 
 .text.HAL_TIMEx_MasterConfigSynchronization
                0x08002fb4       0xdc ./Drivers/STM32F4xx_HAL_Driver/Src/stm32f4xx_hal_tim_ex.o
                0x08002fb4                HAL_TIMEx_MasterConfigSynchronization
 .text.HAL_TIMEx_CommutCallback
                0x08003090       0x14 ./Drivers/STM32F4xx_HAL_Driver/Src/stm32f4xx_hal_tim_ex.o
                0x08003090                HAL_TIMEx_CommutCallback
 .text.HAL_TIMEx_BreakCallback
                0x080030a4       0x14 ./Drivers/STM32F4xx_HAL_Driver/Src/stm32f4xx_hal_tim_ex.o
                0x080030a4                HAL_TIMEx_BreakCallback
 .text.HAL_UART_Init
                0x080030b8       0xa0 ./Drivers/STM32F4xx_HAL_Driver/Src/stm32f4xx_hal_uart.o
                0x080030b8                HAL_UART_Init
 .text.HAL_UART_Transmit
                0x08003158      0x116 ./Drivers/STM32F4xx_HAL_Driver/Src/stm32f4xx_hal_uart.o
                0x08003158                HAL_UART_Transmit
 .text.UART_WaitOnFlagUntilTimeout
                0x0800326e       0xb2 ./Drivers/STM32F4xx_HAL_Driver/Src/stm32f4xx_hal_uart.o
 .text.UART_EndRxTransfer
                0x08003320       0xc6 ./Drivers/STM32F4xx_HAL_Driver/Src/stm32f4xx_hal_uart.o
 *fill*         0x080033e6        0x2 
 .text.UART_SetConfig
                0x080033e8      0x4e8 ./Drivers/STM32F4xx_HAL_Driver/Src/stm32f4xx_hal_uart.o
 .text.__NVIC_SetPriority
                0x080038d0       0x54 ./Middlewares/Third_Party/FreeRTOS/Source/CMSIS_RTOS_V2/cmsis_os2.o
 .text.SysTick_Handler
                0x08003924       0x20 ./Middlewares/Third_Party/FreeRTOS/Source/CMSIS_RTOS_V2/cmsis_os2.o
                0x08003924                SysTick_Handler
 .text.SVC_Setup
                0x08003944       0x12 ./Middlewares/Third_Party/FreeRTOS/Source/CMSIS_RTOS_V2/cmsis_os2.o
 *fill*         0x08003956        0x2 
 .text.osKernelInitialize
                0x08003958       0x48 ./Middlewares/Third_Party/FreeRTOS/Source/CMSIS_RTOS_V2/cmsis_os2.o
                0x08003958                osKernelInitialize
 .text.osKernelGetState
                0x080039a0       0x44 ./Middlewares/Third_Party/FreeRTOS/Source/CMSIS_RTOS_V2/cmsis_os2.o
                0x080039a0                osKernelGetState
 .text.osKernelStart
                0x080039e4       0x4c ./Middlewares/Third_Party/FreeRTOS/Source/CMSIS_RTOS_V2/cmsis_os2.o
                0x080039e4                osKernelStart
 .text.osThreadNew
                0x08003a30      0x124 ./Middlewares/Third_Party/FreeRTOS/Source/CMSIS_RTOS_V2/cmsis_os2.o
                0x08003a30                osThreadNew
 .text.osDelay  0x08003b54       0x36 ./Middlewares/Third_Party/FreeRTOS/Source/CMSIS_RTOS_V2/cmsis_os2.o
                0x08003b54                osDelay
 .text.osMessageQueueNew
                0x08003b8a       0xe6 ./Middlewares/Third_Party/FreeRTOS/Source/CMSIS_RTOS_V2/cmsis_os2.o
                0x08003b8a                osMessageQueueNew
 .text.osMessageQueuePut
                0x08003c70       0xc0 ./Middlewares/Third_Party/FreeRTOS/Source/CMSIS_RTOS_V2/cmsis_os2.o
                0x08003c70                osMessageQueuePut
 .text.osMessageQueueGet
                0x08003d30       0xbc ./Middlewares/Third_Party/FreeRTOS/Source/CMSIS_RTOS_V2/cmsis_os2.o
                0x08003d30                osMessageQueueGet
 .text.vApplicationGetIdleTaskMemory
                0x08003dec       0x34 ./Middlewares/Third_Party/FreeRTOS/Source/CMSIS_RTOS_V2/cmsis_os2.o
                0x08003dec                vApplicationGetIdleTaskMemory
 .text.vApplicationGetTimerTaskMemory
                0x08003e20       0x34 ./Middlewares/Third_Party/FreeRTOS/Source/CMSIS_RTOS_V2/cmsis_os2.o
                0x08003e20                vApplicationGetTimerTaskMemory
 .text.vListInitialise
                0x08003e54       0x40 ./Middlewares/Third_Party/FreeRTOS/Source/list.o
                0x08003e54                vListInitialise
 .text.vListInitialiseItem
                0x08003e94       0x1a ./Middlewares/Third_Party/FreeRTOS/Source/list.o
                0x08003e94                vListInitialiseItem
 .text.vListInsertEnd
                0x08003eae       0x48 ./Middlewares/Third_Party/FreeRTOS/Source/list.o
                0x08003eae                vListInsertEnd
 .text.vListInsert
                0x08003ef6       0x72 ./Middlewares/Third_Party/FreeRTOS/Source/list.o
                0x08003ef6                vListInsert
 .text.uxListRemove
                0x08003f68       0x54 ./Middlewares/Third_Party/FreeRTOS/Source/list.o
                0x08003f68                uxListRemove
 .text.xQueueGenericReset
                0x08003fbc       0xd4 ./Middlewares/Third_Party/FreeRTOS/Source/queue.o
                0x08003fbc                xQueueGenericReset
 .text.xQueueGenericCreateStatic
                0x08004090       0xfa ./Middlewares/Third_Party/FreeRTOS/Source/queue.o
                0x08004090                xQueueGenericCreateStatic
 .text.xQueueGenericCreate
                0x0800418a       0x76 ./Middlewares/Third_Party/FreeRTOS/Source/queue.o
                0x0800418a                xQueueGenericCreate
 .text.prvInitialiseNewQueue
                0x08004200       0x46 ./Middlewares/Third_Party/FreeRTOS/Source/queue.o
 *fill*         0x08004246        0x2 
 .text.xQueueGenericSend
                0x08004248      0x204 ./Middlewares/Third_Party/FreeRTOS/Source/queue.o
                0x08004248                xQueueGenericSend
 .text.xQueueGenericSendFromISR
                0x0800444c      0x13c ./Middlewares/Third_Party/FreeRTOS/Source/queue.o
                0x0800444c                xQueueGenericSendFromISR
 .text.xQueueReceive
                0x08004588      0x1c4 ./Middlewares/Third_Party/FreeRTOS/Source/queue.o
                0x08004588                xQueueReceive
 .text.xQueueReceiveFromISR
                0x0800474c      0x104 ./Middlewares/Third_Party/FreeRTOS/Source/queue.o
                0x0800474c                xQueueReceiveFromISR
 .text.prvCopyDataToQueue
                0x08004850       0xd4 ./Middlewares/Third_Party/FreeRTOS/Source/queue.o
 .text.prvCopyDataFromQueue
                0x08004924       0x4c ./Middlewares/Third_Party/FreeRTOS/Source/queue.o
 .text.prvUnlockQueue
                0x08004970       0xa4 ./Middlewares/Third_Party/FreeRTOS/Source/queue.o
 .text.prvIsQueueEmpty
                0x08004a14       0x2c ./Middlewares/Third_Party/FreeRTOS/Source/queue.o
 .text.prvIsQueueFull
                0x08004a40       0x30 ./Middlewares/Third_Party/FreeRTOS/Source/queue.o
 .text.vQueueAddToRegistry
                0x08004a70       0x54 ./Middlewares/Third_Party/FreeRTOS/Source/queue.o
                0x08004a70                vQueueAddToRegistry
 .text.vQueueWaitForMessageRestricted
                0x08004ac4       0x68 ./Middlewares/Third_Party/FreeRTOS/Source/queue.o
                0x08004ac4                vQueueWaitForMessageRestricted
 .text.xTaskCreateStatic
                0x08004b2c       0xc0 ./Middlewares/Third_Party/FreeRTOS/Source/tasks.o
                0x08004b2c                xTaskCreateStatic
 .text.xTaskCreate
                0x08004bec       0x8a ./Middlewares/Third_Party/FreeRTOS/Source/tasks.o
                0x08004bec                xTaskCreate
 .text.prvInitialiseNewTask
                0x08004c76      0x120 ./Middlewares/Third_Party/FreeRTOS/Source/tasks.o
 *fill*         0x08004d96        0x2 
 .text.prvAddNewTaskToReadyList
                0x08004d98       0xe0 ./Middlewares/Third_Party/FreeRTOS/Source/tasks.o
 .text.vTaskDelay
                0x08004e78       0x6c ./Middlewares/Third_Party/FreeRTOS/Source/tasks.o
                0x08004e78                vTaskDelay
 .text.vTaskStartScheduler
                0x08004ee4       0xd0 ./Middlewares/Third_Party/FreeRTOS/Source/tasks.o
                0x08004ee4                vTaskStartScheduler
 .text.vTaskSuspendAll
                0x08004fb4       0x1c ./Middlewares/Third_Party/FreeRTOS/Source/tasks.o
                0x08004fb4                vTaskSuspendAll
 .text.xTaskResumeAll
                0x08004fd0      0x13c ./Middlewares/Third_Party/FreeRTOS/Source/tasks.o
                0x08004fd0                xTaskResumeAll
 .text.xTaskGetTickCount
                0x0800510c       0x20 ./Middlewares/Third_Party/FreeRTOS/Source/tasks.o
                0x0800510c                xTaskGetTickCount
 .text.xTaskIncrementTick
                0x0800512c      0x174 ./Middlewares/Third_Party/FreeRTOS/Source/tasks.o
                0x0800512c                xTaskIncrementTick
 .text.vTaskSwitchContext
                0x080052a0       0xbc ./Middlewares/Third_Party/FreeRTOS/Source/tasks.o
                0x080052a0                vTaskSwitchContext
 .text.vTaskPlaceOnEventList
                0x0800535c       0x4c ./Middlewares/Third_Party/FreeRTOS/Source/tasks.o
                0x0800535c                vTaskPlaceOnEventList
 .text.vTaskPlaceOnEventListRestricted
                0x080053a8       0x58 ./Middlewares/Third_Party/FreeRTOS/Source/tasks.o
                0x080053a8                vTaskPlaceOnEventListRestricted
 .text.xTaskRemoveFromEventList
                0x08005400       0xc8 ./Middlewares/Third_Party/FreeRTOS/Source/tasks.o
                0x08005400                xTaskRemoveFromEventList
 .text.vTaskInternalSetTimeOutState
                0x080054c8       0x2c ./Middlewares/Third_Party/FreeRTOS/Source/tasks.o
                0x080054c8                vTaskInternalSetTimeOutState
 .text.xTaskCheckForTimeOut
                0x080054f4       0xc8 ./Middlewares/Third_Party/FreeRTOS/Source/tasks.o
                0x080054f4                xTaskCheckForTimeOut
 .text.vTaskMissedYield
                0x080055bc       0x18 ./Middlewares/Third_Party/FreeRTOS/Source/tasks.o
                0x080055bc                vTaskMissedYield
 .text.prvIdleTask
                0x080055d4       0x30 ./Middlewares/Third_Party/FreeRTOS/Source/tasks.o
 .text.prvInitialiseTaskLists
                0x08005604       0x80 ./Middlewares/Third_Party/FreeRTOS/Source/tasks.o
 .text.prvCheckTasksWaitingTermination
                0x08005684       0x5c ./Middlewares/Third_Party/FreeRTOS/Source/tasks.o
 .text.prvDeleteTCB
                0x080056e0       0x60 ./Middlewares/Third_Party/FreeRTOS/Source/tasks.o
 .text.prvResetNextTaskUnblockTime
                0x08005740       0x40 ./Middlewares/Third_Party/FreeRTOS/Source/tasks.o
 .text.xTaskGetSchedulerState
                0x08005780       0x3c ./Middlewares/Third_Party/FreeRTOS/Source/tasks.o
                0x08005780                xTaskGetSchedulerState
 .text.xTaskPriorityDisinherit
                0x080057bc       0xe0 ./Middlewares/Third_Party/FreeRTOS/Source/tasks.o
                0x080057bc                xTaskPriorityDisinherit
 .text.prvAddCurrentTaskToDelayedList
                0x0800589c       0xa8 ./Middlewares/Third_Party/FreeRTOS/Source/tasks.o
 .text.xTimerCreateTimerTask
                0x08005944       0x94 ./Middlewares/Third_Party/FreeRTOS/Source/timers.o
                0x08005944                xTimerCreateTimerTask
 .text.xTimerGenericCommand
                0x080059d8       0x9c ./Middlewares/Third_Party/FreeRTOS/Source/timers.o
                0x080059d8                xTimerGenericCommand
 .text.prvProcessExpiredTimer
                0x08005a74       0x9c ./Middlewares/Third_Party/FreeRTOS/Source/timers.o
 .text.prvTimerTask
                0x08005b10       0x26 ./Middlewares/Third_Party/FreeRTOS/Source/timers.o
 *fill*         0x08005b36        0x2 
 .text.prvProcessTimerOrBlockTask
                0x08005b38       0x9c ./Middlewares/Third_Party/FreeRTOS/Source/timers.o
 .text.prvGetNextExpireTime
                0x08005bd4       0x48 ./Middlewares/Third_Party/FreeRTOS/Source/timers.o
 .text.prvSampleTimeNow
                0x08005c1c       0x40 ./Middlewares/Third_Party/FreeRTOS/Source/timers.o
 .text.prvInsertTimerInActiveList
                0x08005c5c       0x84 ./Middlewares/Third_Party/FreeRTOS/Source/timers.o
 .text.prvProcessReceivedCommands
                0x08005ce0      0x1cc ./Middlewares/Third_Party/FreeRTOS/Source/timers.o
 .text.prvSwitchTimerLists
                0x08005eac       0xcc ./Middlewares/Third_Party/FreeRTOS/Source/timers.o
 .text.prvCheckForValidListAndQueue
                0x08005f78       0x80 ./Middlewares/Third_Party/FreeRTOS/Source/timers.o
 .text.pxPortInitialiseStack
                0x08005ff8       0x68 ./Middlewares/Third_Party/FreeRTOS/Source/portable/GCC/ARM_CM4F/port.o
                0x08005ff8                pxPortInitialiseStack
 .text.prvTaskExitError
                0x08006060       0x5c ./Middlewares/Third_Party/FreeRTOS/Source/portable/GCC/ARM_CM4F/port.o
 *fill*         0x080060bc        0x4 
 .text.SVC_Handler
                0x080060c0       0x28 ./Middlewares/Third_Party/FreeRTOS/Source/portable/GCC/ARM_CM4F/port.o
                0x080060c0                SVC_Handler
 .text.prvPortStartFirstTask
                0x080060e8       0x28 ./Middlewares/Third_Party/FreeRTOS/Source/portable/GCC/ARM_CM4F/port.o
 .text.xPortStartScheduler
                0x08006110      0x148 ./Middlewares/Third_Party/FreeRTOS/Source/portable/GCC/ARM_CM4F/port.o
                0x08006110                xPortStartScheduler
 .text.vPortEnterCritical
                0x08006258       0x64 ./Middlewares/Third_Party/FreeRTOS/Source/portable/GCC/ARM_CM4F/port.o
                0x08006258                vPortEnterCritical
 .text.vPortExitCritical
                0x080062bc       0x54 ./Middlewares/Third_Party/FreeRTOS/Source/portable/GCC/ARM_CM4F/port.o
                0x080062bc                vPortExitCritical
 .text.PendSV_Handler
                0x08006310       0x68 ./Middlewares/Third_Party/FreeRTOS/Source/portable/GCC/ARM_CM4F/port.o
                0x08006310                PendSV_Handler
 .text.xPortSysTickHandler
                0x08006378       0x44 ./Middlewares/Third_Party/FreeRTOS/Source/portable/GCC/ARM_CM4F/port.o
                0x08006378                xPortSysTickHandler
 .text.vPortSetupTimerInterrupt
                0x080063bc       0x48 ./Middlewares/Third_Party/FreeRTOS/Source/portable/GCC/ARM_CM4F/port.o
                0x080063bc                vPortSetupTimerInterrupt
 .text.vPortEnableVFP
                0x08006404       0x14 ./Middlewares/Third_Party/FreeRTOS/Source/portable/GCC/ARM_CM4F/port.o
 .text.vPortValidateInterruptPriority
                0x08006418       0x84 ./Middlewares/Third_Party/FreeRTOS/Source/portable/GCC/ARM_CM4F/port.o
                0x08006418                vPortValidateInterruptPriority
 .text.pvPortMalloc
                0x0800649c      0x19c ./Middlewares/Third_Party/FreeRTOS/Source/portable/MemMang/heap_4.o
                0x0800649c                pvPortMalloc
 .text.vPortFree
                0x08006638       0xc8 ./Middlewares/Third_Party/FreeRTOS/Source/portable/MemMang/heap_4.o
                0x08006638                vPortFree
 .text.prvHeapInit
                0x08006700       0xc4 ./Middlewares/Third_Party/FreeRTOS/Source/portable/MemMang/heap_4.o
 .text.prvInsertBlockIntoFreeList
                0x080067c4       0xb4 ./Middlewares/Third_Party/FreeRTOS/Source/portable/MemMang/heap_4.o
 .text.memset   0x08006878       0x10 C:/ST/STM32CubeIDE_2.2.0/STM32CubeIDE/plugins/com.st.stm32cube.ide.mcu.externaltools.gnu-tools-for-stm32.14.3.rel1.win32_1.0.100.202602081740/tools/bin/../lib/gcc/arm-none-eabi/14.3.1/../../../../arm-none-eabi/lib/thumb/v7e-m+fp/hard\libc_nano.a(libc_a-memset.o)
                0x08006878                memset
 .text.__libc_init_array
                0x08006888       0x48 C:/ST/STM32CubeIDE_2.2.0/STM32CubeIDE/plugins/com.st.stm32cube.ide.mcu.externaltools.gnu-tools-for-stm32.14.3.rel1.win32_1.0.100.202602081740/tools/bin/../lib/gcc/arm-none-eabi/14.3.1/../../../../arm-none-eabi/lib/thumb/v7e-m+fp/hard\libc_nano.a(libc_a-init.o)
                0x08006888                __libc_init_array
 .text.memcpy   0x080068d0       0x1c C:/ST/STM32CubeIDE_2.2.0/STM32CubeIDE/plugins/com.st.stm32cube.ide.mcu.externaltools.gnu-tools-for-stm32.14.3.rel1.win32_1.0.100.202602081740/tools/bin/../lib/gcc/arm-none-eabi/14.3.1/../../../../arm-none-eabi/lib/thumb/v7e-m+fp/hard\libc_nano.a(libc_a-memcpy-stub.o)
                0x080068d0                memcpy
 *(.glue_7)
 .glue_7        0x080068ec        0x0 linker stubs
 *(.glue_7t)
 .glue_7t       0x080068ec        0x0 linker stubs
 *(.eh_frame)
 .eh_frame      0x080068ec        0x0 C:/ST/STM32CubeIDE_2.2.0/STM32CubeIDE/plugins/com.st.stm32cube.ide.mcu.externaltools.gnu-tools-for-stm32.14.3.rel1.win32_1.0.100.202602081740/tools/bin/../lib/gcc/arm-none-eabi/14.3.1/thumb/v7e-m+fp/hard/crtbegin.o
 *(.init)
 .init          0x080068ec        0x4 C:/ST/STM32CubeIDE_2.2.0/STM32CubeIDE/plugins/com.st.stm32cube.ide.mcu.externaltools.gnu-tools-for-stm32.14.3.rel1.win32_1.0.100.202602081740/tools/bin/../lib/gcc/arm-none-eabi/14.3.1/thumb/v7e-m+fp/hard/crti.o
                0x080068ec                _init
 .init          0x080068f0        0x8 C:/ST/STM32CubeIDE_2.2.0/STM32CubeIDE/plugins/com.st.stm32cube.ide.mcu.externaltools.gnu-tools-for-stm32.14.3.rel1.win32_1.0.100.202602081740/tools/bin/../lib/gcc/arm-none-eabi/14.3.1/thumb/v7e-m+fp/hard/crtn.o
 *(.fini)
 .fini          0x080068f8        0x4 C:/ST/STM32CubeIDE_2.2.0/STM32CubeIDE/plugins/com.st.stm32cube.ide.mcu.externaltools.gnu-tools-for-stm32.14.3.rel1.win32_1.0.100.202602081740/tools/bin/../lib/gcc/arm-none-eabi/14.3.1/thumb/v7e-m+fp/hard/crti.o
                0x080068f8                _fini
 .fini          0x080068fc        0x8 C:/ST/STM32CubeIDE_2.2.0/STM32CubeIDE/plugins/com.st.stm32cube.ide.mcu.externaltools.gnu-tools-for-stm32.14.3.rel1.win32_1.0.100.202602081740/tools/bin/../lib/gcc/arm-none-eabi/14.3.1/thumb/v7e-m+fp/hard/crtn.o
                0x08006904                        . = ALIGN (0x4)
                0x08006904                        _etext = .

.vfp11_veneer   0x08006904        0x0
 .vfp11_veneer  0x08006904        0x0 linker stubs

.v4_bx          0x08006904        0x0
 .v4_bx         0x08006904        0x0 linker stubs

.iplt           0x08006904        0x0
 .iplt          0x08006904        0x0 C:/ST/STM32CubeIDE_2.2.0/STM32CubeIDE/plugins/com.st.stm32cube.ide.mcu.externaltools.gnu-tools-for-stm32.14.3.rel1.win32_1.0.100.202602081740/tools/bin/../lib/gcc/arm-none-eabi/14.3.1/thumb/v7e-m+fp/hard/crtbegin.o

.rodata         0x08006904      0x214
                0x08006904                        . = ALIGN (0x4)
 *(.rodata)
 .rodata        0x08006904       0x45 ./Core/Src/lcd.o
 *fill*         0x08006949        0x3 
 .rodata        0x0800694c      0x12f ./Core/Src/main.o
 *fill*         0x08006a7b        0x1 
 .rodata        0x08006a7c        0x5 ./Middlewares/Third_Party/FreeRTOS/Source/tasks.o
 *fill*         0x08006a81        0x3 
 .rodata        0x08006a84        0xd ./Middlewares/Third_Party/FreeRTOS/Source/timers.o
 *(.rodata*)
 *fill*         0x08006a91        0x3 
 .rodata.SensorTask_attributes
                0x08006a94       0x24 ./Core/Src/main.o
                0x08006a94                SensorTask_attributes
 .rodata.ControlTask_attributes
                0x08006ab8       0x24 ./Core/Src/main.o
                0x08006ab8                ControlTask_attributes
 .rodata.DisplayTask_attributes
                0x08006adc       0x24 ./Core/Src/main.o
                0x08006adc                DisplayTask_attributes
 .rodata.AHBPrescTable
                0x08006b00       0x10 ./Core/Src/system_stm32f4xx.o
                0x08006b00                AHBPrescTable
 .rodata.APBPrescTable
                0x08006b10        0x8 ./Core/Src/system_stm32f4xx.o
                0x08006b10                APBPrescTable
                0x08006b18                        . = ALIGN (0x4)

.ARM.extab      0x08006b18        0x0
                0x08006b18                        . = ALIGN (0x4)
 *(.ARM.extab* .gnu.linkonce.armextab.*)
                0x08006b18                        . = ALIGN (0x4)

.ARM            0x08006b18        0x8
                0x08006b18                        . = ALIGN (0x4)
                0x08006b18                        __exidx_start = .
 *(.ARM.exidx*)
 .ARM.exidx     0x08006b18        0x8 C:/ST/STM32CubeIDE_2.2.0/STM32CubeIDE/plugins/com.st.stm32cube.ide.mcu.externaltools.gnu-tools-for-stm32.14.3.rel1.win32_1.0.100.202602081740/tools/bin/../lib/gcc/arm-none-eabi/14.3.1/../../../../arm-none-eabi/lib/thumb/v7e-m+fp/hard\libc_nano.a(libc_a-strlen.o)
 .ARM.exidx     0x08006b20        0x0 C:/ST/STM32CubeIDE_2.2.0/STM32CubeIDE/plugins/com.st.stm32cube.ide.mcu.externaltools.gnu-tools-for-stm32.14.3.rel1.win32_1.0.100.202602081740/tools/bin/../lib/gcc/arm-none-eabi/14.3.1/thumb/v7e-m+fp/hard\libgcc.a(_udivmoddi4.o)
                                  0x8 (size before relaxing)
                0x08006b20                        __exidx_end = .
                0x08006b20                        . = ALIGN (0x4)

.preinit_array  0x08006b20        0x0
                0x08006b20                        . = ALIGN (0x4)
                0x08006b20                        PROVIDE (__preinit_array_start = .)
 *(.preinit_array*)
                0x08006b20                        PROVIDE (__preinit_array_end = .)
                0x08006b20                        . = ALIGN (0x4)

.init_array     0x08006b20        0x4
                0x08006b20                        . = ALIGN (0x4)
                0x08006b20                        PROVIDE (__init_array_start = .)
 *(SORT_BY_NAME(.init_array.*))
 *(.init_array*)
 .init_array    0x08006b20        0x4 C:/ST/STM32CubeIDE_2.2.0/STM32CubeIDE/plugins/com.st.stm32cube.ide.mcu.externaltools.gnu-tools-for-stm32.14.3.rel1.win32_1.0.100.202602081740/tools/bin/../lib/gcc/arm-none-eabi/14.3.1/thumb/v7e-m+fp/hard/crtbegin.o
                0x08006b24                        PROVIDE (__init_array_end = .)
                0x08006b24                        . = ALIGN (0x4)

.fini_array     0x08006b24        0x4
                0x08006b24                        . = ALIGN (0x4)
                [!provide]                        PROVIDE (__fini_array_start = .)
 *(SORT_BY_NAME(.fini_array.*))
 *(.fini_array*)
 .fini_array    0x08006b24        0x4 C:/ST/STM32CubeIDE_2.2.0/STM32CubeIDE/plugins/com.st.stm32cube.ide.mcu.externaltools.gnu-tools-for-stm32.14.3.rel1.win32_1.0.100.202602081740/tools/bin/../lib/gcc/arm-none-eabi/14.3.1/thumb/v7e-m+fp/hard/crtbegin.o
                [!provide]                        PROVIDE (__fini_array_end = .)
                0x08006b28                        . = ALIGN (0x4)
                0x08006b28                        _sidata = LOADADDR (.data)

.rel.dyn        0x08006b28        0x0
 .rel.iplt      0x08006b28        0x0 C:/ST/STM32CubeIDE_2.2.0/STM32CubeIDE/plugins/com.st.stm32cube.ide.mcu.externaltools.gnu-tools-for-stm32.14.3.rel1.win32_1.0.100.202602081740/tools/bin/../lib/gcc/arm-none-eabi/14.3.1/thumb/v7e-m+fp/hard/crtbegin.o

.data           0x20000000       0x10 load address 0x08006b28
                0x20000000                        . = ALIGN (0x4)
                0x20000000                        _sdata = .
 *(.data)
 *(.data*)
 .data.SystemCoreClock
                0x20000000        0x4 ./Core/Src/system_stm32f4xx.o
                0x20000000                SystemCoreClock
 .data.uwTickPrio
                0x20000004        0x4 ./Drivers/STM32F4xx_HAL_Driver/Src/stm32f4xx_hal.o
                0x20000004                uwTickPrio
 .data.uwTickFreq
                0x20000008        0x1 ./Drivers/STM32F4xx_HAL_Driver/Src/stm32f4xx_hal.o
                0x20000008                uwTickFreq
 *fill*         0x20000009        0x3 
 .data.uxCriticalNesting
                0x2000000c        0x4 ./Middlewares/Third_Party/FreeRTOS/Source/portable/GCC/ARM_CM4F/port.o
 *(.RamFunc)
 *(.RamFunc*)
                0x20000010                        . = ALIGN (0x4)
                0x20000010                        _edata = .

.igot.plt       0x20000010        0x0 load address 0x08006b38
 .igot.plt      0x20000010        0x0 C:/ST/STM32CubeIDE_2.2.0/STM32CubeIDE/plugins/com.st.stm32cube.ide.mcu.externaltools.gnu-tools-for-stm32.14.3.rel1.win32_1.0.100.202602081740/tools/bin/../lib/gcc/arm-none-eabi/14.3.1/thumb/v7e-m+fp/hard/crtbegin.o
                0x20000010                        . = ALIGN (0x4)

.bss            0x20000010     0x4a5c load address 0x08006b38
                0x20000010                        _sbss = .
                0x20000010                        __bss_start__ = _sbss
 *(.bss)
 .bss           0x20000010       0x1c C:/ST/STM32CubeIDE_2.2.0/STM32CubeIDE/plugins/com.st.stm32cube.ide.mcu.externaltools.gnu-tools-for-stm32.14.3.rel1.win32_1.0.100.202602081740/tools/bin/../lib/gcc/arm-none-eabi/14.3.1/thumb/v7e-m+fp/hard/crtbegin.o
 *(.bss*)
 .bss.htim4     0x2000002c       0x48 ./Core/Src/main.o
                0x2000002c                htim4
 .bss.huart2    0x20000074       0x48 ./Core/Src/main.o
                0x20000074                huart2
 .bss.SensorTaskHandle
                0x200000bc        0x4 ./Core/Src/main.o
                0x200000bc                SensorTaskHandle
 .bss.ControlTaskHandle
                0x200000c0        0x4 ./Core/Src/main.o
                0x200000c0                ControlTaskHandle
 .bss.DisplayTaskHandle
                0x200000c4        0x4 ./Core/Src/main.o
                0x200000c4                DisplayTaskHandle
 .bss.sensorQueueHandle
                0x200000c8        0x4 ./Core/Src/main.o
                0x200000c8                sensorQueueHandle
 .bss.displayQueueHandle
                0x200000cc        0x4 ./Core/Src/main.o
                0x200000cc                displayQueueHandle
 .bss.htim5     0x200000d0       0x48 ./Core/Src/stm32f4xx_hal_timebase_tim.o
                0x200000d0                htim5
 .bss.uwTick    0x20000118        0x4 ./Drivers/STM32F4xx_HAL_Driver/Src/stm32f4xx_hal.o
                0x20000118                uwTick
 .bss.KernelState
                0x2000011c        0x4 ./Middlewares/Third_Party/FreeRTOS/Source/CMSIS_RTOS_V2/cmsis_os2.o
 .bss.Idle_TCB.3
                0x20000120       0x5c ./Middlewares/Third_Party/FreeRTOS/Source/CMSIS_RTOS_V2/cmsis_os2.o
 .bss.Idle_Stack.2
                0x2000017c      0x200 ./Middlewares/Third_Party/FreeRTOS/Source/CMSIS_RTOS_V2/cmsis_os2.o
 .bss.Timer_TCB.1
                0x2000037c       0x5c ./Middlewares/Third_Party/FreeRTOS/Source/CMSIS_RTOS_V2/cmsis_os2.o
 .bss.Timer_Stack.0
                0x200003d8      0x400 ./Middlewares/Third_Party/FreeRTOS/Source/CMSIS_RTOS_V2/cmsis_os2.o
 .bss.xQueueRegistry
                0x200007d8       0x40 ./Middlewares/Third_Party/FreeRTOS/Source/queue.o
                0x200007d8                xQueueRegistry
 .bss.pxCurrentTCB
                0x20000818        0x4 ./Middlewares/Third_Party/FreeRTOS/Source/tasks.o
                0x20000818                pxCurrentTCB
 .bss.pxReadyTasksLists
                0x2000081c      0x460 ./Middlewares/Third_Party/FreeRTOS/Source/tasks.o
 .bss.xDelayedTaskList1
                0x20000c7c       0x14 ./Middlewares/Third_Party/FreeRTOS/Source/tasks.o
 .bss.xDelayedTaskList2
                0x20000c90       0x14 ./Middlewares/Third_Party/FreeRTOS/Source/tasks.o
 .bss.pxDelayedTaskList
                0x20000ca4        0x4 ./Middlewares/Third_Party/FreeRTOS/Source/tasks.o
 .bss.pxOverflowDelayedTaskList
                0x20000ca8        0x4 ./Middlewares/Third_Party/FreeRTOS/Source/tasks.o
 .bss.xPendingReadyList
                0x20000cac       0x14 ./Middlewares/Third_Party/FreeRTOS/Source/tasks.o
 .bss.xTasksWaitingTermination
                0x20000cc0       0x14 ./Middlewares/Third_Party/FreeRTOS/Source/tasks.o
 .bss.uxDeletedTasksWaitingCleanUp
                0x20000cd4        0x4 ./Middlewares/Third_Party/FreeRTOS/Source/tasks.o
 .bss.xSuspendedTaskList
                0x20000cd8       0x14 ./Middlewares/Third_Party/FreeRTOS/Source/tasks.o
 .bss.uxCurrentNumberOfTasks
                0x20000cec        0x4 ./Middlewares/Third_Party/FreeRTOS/Source/tasks.o
 .bss.xTickCount
                0x20000cf0        0x4 ./Middlewares/Third_Party/FreeRTOS/Source/tasks.o
 .bss.uxTopReadyPriority
                0x20000cf4        0x4 ./Middlewares/Third_Party/FreeRTOS/Source/tasks.o
 .bss.xSchedulerRunning
                0x20000cf8        0x4 ./Middlewares/Third_Party/FreeRTOS/Source/tasks.o
 .bss.xPendedTicks
                0x20000cfc        0x4 ./Middlewares/Third_Party/FreeRTOS/Source/tasks.o
 .bss.xYieldPending
                0x20000d00        0x4 ./Middlewares/Third_Party/FreeRTOS/Source/tasks.o
 .bss.xNumOfOverflows
                0x20000d04        0x4 ./Middlewares/Third_Party/FreeRTOS/Source/tasks.o
 .bss.uxTaskNumber
                0x20000d08        0x4 ./Middlewares/Third_Party/FreeRTOS/Source/tasks.o
 .bss.xNextTaskUnblockTime
                0x20000d0c        0x4 ./Middlewares/Third_Party/FreeRTOS/Source/tasks.o
 .bss.xIdleTaskHandle
                0x20000d10        0x4 ./Middlewares/Third_Party/FreeRTOS/Source/tasks.o
 .bss.uxSchedulerSuspended
                0x20000d14        0x4 ./Middlewares/Third_Party/FreeRTOS/Source/tasks.o
 .bss.xActiveTimerList1
                0x20000d18       0x14 ./Middlewares/Third_Party/FreeRTOS/Source/timers.o
 .bss.xActiveTimerList2
                0x20000d2c       0x14 ./Middlewares/Third_Party/FreeRTOS/Source/timers.o
 .bss.pxCurrentTimerList
                0x20000d40        0x4 ./Middlewares/Third_Party/FreeRTOS/Source/timers.o
 .bss.pxOverflowTimerList
                0x20000d44        0x4 ./Middlewares/Third_Party/FreeRTOS/Source/timers.o
 .bss.xTimerQueue
                0x20000d48        0x4 ./Middlewares/Third_Party/FreeRTOS/Source/timers.o
 .bss.xTimerTaskHandle
                0x20000d4c        0x4 ./Middlewares/Third_Party/FreeRTOS/Source/timers.o
 .bss.xLastTime.2
                0x20000d50        0x4 ./Middlewares/Third_Party/FreeRTOS/Source/timers.o
 .bss.ucStaticTimerQueueStorage.1
                0x20000d54       0xa0 ./Middlewares/Third_Party/FreeRTOS/Source/timers.o
 .bss.xStaticTimerQueue.0
                0x20000df4       0x50 ./Middlewares/Third_Party/FreeRTOS/Source/timers.o
 .bss.ucMaxSysCallPriority
                0x20000e44        0x1 ./Middlewares/Third_Party/FreeRTOS/Source/portable/GCC/ARM_CM4F/port.o
 *fill*         0x20000e45        0x3 
 .bss.ulMaxPRIGROUPValue
                0x20000e48        0x4 ./Middlewares/Third_Party/FreeRTOS/Source/portable/GCC/ARM_CM4F/port.o
 .bss.ucHeap    0x20000e4c     0x3c00 ./Middlewares/Third_Party/FreeRTOS/Source/portable/MemMang/heap_4.o
 .bss.xStart    0x20004a4c        0x8 ./Middlewares/Third_Party/FreeRTOS/Source/portable/MemMang/heap_4.o
 .bss.pxEnd     0x20004a54        0x4 ./Middlewares/Third_Party/FreeRTOS/Source/portable/MemMang/heap_4.o
 .bss.xFreeBytesRemaining
                0x20004a58        0x4 ./Middlewares/Third_Party/FreeRTOS/Source/portable/MemMang/heap_4.o
 .bss.xMinimumEverFreeBytesRemaining
                0x20004a5c        0x4 ./Middlewares/Third_Party/FreeRTOS/Source/portable/MemMang/heap_4.o
 .bss.xNumberOfSuccessfulAllocations
                0x20004a60        0x4 ./Middlewares/Third_Party/FreeRTOS/Source/portable/MemMang/heap_4.o
 .bss.xNumberOfSuccessfulFrees
                0x20004a64        0x4 ./Middlewares/Third_Party/FreeRTOS/Source/portable/MemMang/heap_4.o
 .bss.xBlockAllocatedBit
                0x20004a68        0x4 ./Middlewares/Third_Party/FreeRTOS/Source/portable/MemMang/heap_4.o
 *(COMMON)
                0x20004a6c                        . = ALIGN (0x4)
                0x20004a6c                        _ebss = .
                0x20004a6c                        __bss_end__ = _ebss

._user_heap_stack
                0x20004a6c      0x604 load address 0x08006b38
                0x20004a70                        . = ALIGN (0x8)
 *fill*         0x20004a6c        0x4 
                [!provide]                        PROVIDE (end = .)
                0x20004a70                        PROVIDE (_end = .)
                0x20004c70                        . = (. + _Min_Heap_Size)
 *fill*         0x20004a70      0x200 
                0x20005070                        . = (. + _Min_Stack_Size)
 *fill*         0x20004c70      0x400 
                0x20005070                        . = ALIGN (0x8)

/DISCARD/
 libc.a(*)
 libm.a(*)
 libgcc.a(*)

.ARM.attributes
                0x00000000       0x30
 *(.ARM.attributes)
 .ARM.attributes
                0x00000000       0x22 C:/ST/STM32CubeIDE_2.2.0/STM32CubeIDE/plugins/com.st.stm32cube.ide.mcu.externaltools.gnu-tools-for-stm32.14.3.rel1.win32_1.0.100.202602081740/tools/bin/../lib/gcc/arm-none-eabi/14.3.1/thumb/v7e-m+fp/hard/crti.o
 .ARM.attributes
                0x00000022       0x34 C:/ST/STM32CubeIDE_2.2.0/STM32CubeIDE/plugins/com.st.stm32cube.ide.mcu.externaltools.gnu-tools-for-stm32.14.3.rel1.win32_1.0.100.202602081740/tools/bin/../lib/gcc/arm-none-eabi/14.3.1/thumb/v7e-m+fp/hard/crtbegin.o
 .ARM.attributes
                0x00000056       0x34 ./Core/Src/button.o
 .ARM.attributes
                0x0000008a       0x34 ./Core/Src/lcd.o
 .ARM.attributes
                0x000000be       0x34 ./Core/Src/main.o
 .ARM.attributes
                0x000000f2       0x34 ./Core/Src/sensor.o
 .ARM.attributes
                0x00000126       0x34 ./Core/Src/servo.o
 .ARM.attributes
                0x0000015a       0x34 ./Core/Src/stm32f4xx_hal_msp.o
 .ARM.attributes
                0x0000018e       0x34 ./Core/Src/stm32f4xx_hal_timebase_tim.o
 .ARM.attributes
                0x000001c2       0x34 ./Core/Src/stm32f4xx_it.o
 .ARM.attributes
                0x000001f6       0x34 ./Core/Src/system_stm32f4xx.o
 .ARM.attributes
                0x0000022a       0x34 ./Core/Src/uart.o
 .ARM.attributes
                0x0000025e       0x21 ./Core/Startup/startup_stm32f411ceux.o
 .ARM.attributes
                0x0000027f       0x34 ./Drivers/STM32F4xx_HAL_Driver/Src/stm32f4xx_hal.o
 .ARM.attributes
                0x000002b3       0x34 ./Drivers/STM32F4xx_HAL_Driver/Src/stm32f4xx_hal_cortex.o
 .ARM.attributes
                0x000002e7       0x34 ./Drivers/STM32F4xx_HAL_Driver/Src/stm32f4xx_hal_gpio.o
 .ARM.attributes
                0x0000031b       0x34 ./Drivers/STM32F4xx_HAL_Driver/Src/stm32f4xx_hal_rcc.o
 .ARM.attributes
                0x0000034f       0x34 ./Drivers/STM32F4xx_HAL_Driver/Src/stm32f4xx_hal_tim.o
 .ARM.attributes
                0x00000383       0x34 ./Drivers/STM32F4xx_HAL_Driver/Src/stm32f4xx_hal_tim_ex.o
 .ARM.attributes
                0x000003b7       0x34 ./Drivers/STM32F4xx_HAL_Driver/Src/stm32f4xx_hal_uart.o
 .ARM.attributes
                0x000003eb       0x34 ./Middlewares/Third_Party/FreeRTOS/Source/CMSIS_RTOS_V2/cmsis_os2.o
 .ARM.attributes
                0x0000041f       0x34 ./Middlewares/Third_Party/FreeRTOS/Source/list.o
 .ARM.attributes
                0x00000453       0x34 ./Middlewares/Third_Party/FreeRTOS/Source/queue.o
 .ARM.attributes
                0x00000487       0x34 ./Middlewares/Third_Party/FreeRTOS/Source/tasks.o
 .ARM.attributes
                0x000004bb       0x34 ./Middlewares/Third_Party/FreeRTOS/Source/timers.o
 .ARM.attributes
                0x000004ef       0x34 ./Middlewares/Third_Party/FreeRTOS/Source/portable/GCC/ARM_CM4F/port.o
 .ARM.attributes
                0x00000523       0x34 ./Middlewares/Third_Party/FreeRTOS/Source/portable/MemMang/heap_4.o
 .ARM.attributes
                0x00000557       0x34 C:/ST/STM32CubeIDE_2.2.0/STM32CubeIDE/plugins/com.st.stm32cube.ide.mcu.externaltools.gnu-tools-for-stm32.14.3.rel1.win32_1.0.100.202602081740/tools/bin/../lib/gcc/arm-none-eabi/14.3.1/../../../../arm-none-eabi/lib/thumb/v7e-m+fp/hard\libc_nano.a(libc_a-memset.o)
 .ARM.attributes
                0x0000058b       0x34 C:/ST/STM32CubeIDE_2.2.0/STM32CubeIDE/plugins/com.st.stm32cube.ide.mcu.externaltools.gnu-tools-for-stm32.14.3.rel1.win32_1.0.100.202602081740/tools/bin/../lib/gcc/arm-none-eabi/14.3.1/../../../../arm-none-eabi/lib/thumb/v7e-m+fp/hard\libc_nano.a(libc_a-init.o)
 .ARM.attributes
                0x000005bf       0x34 C:/ST/STM32CubeIDE_2.2.0/STM32CubeIDE/plugins/com.st.stm32cube.ide.mcu.externaltools.gnu-tools-for-stm32.14.3.rel1.win32_1.0.100.202602081740/tools/bin/../lib/gcc/arm-none-eabi/14.3.1/../../../../arm-none-eabi/lib/thumb/v7e-m+fp/hard\libc_nano.a(libc_a-memcpy-stub.o)
 .ARM.attributes
                0x000005f3       0x17 C:/ST/STM32CubeIDE_2.2.0/STM32CubeIDE/plugins/com.st.stm32cube.ide.mcu.externaltools.gnu-tools-for-stm32.14.3.rel1.win32_1.0.100.202602081740/tools/bin/../lib/gcc/arm-none-eabi/14.3.1/../../../../arm-none-eabi/lib/thumb/v7e-m+fp/hard\libc_nano.a(libc_a-strlen.o)
 .ARM.attributes
                0x0000060a       0x22 C:/ST/STM32CubeIDE_2.2.0/STM32CubeIDE/plugins/com.st.stm32cube.ide.mcu.externaltools.gnu-tools-for-stm32.14.3.rel1.win32_1.0.100.202602081740/tools/bin/../lib/gcc/arm-none-eabi/14.3.1/thumb/v7e-m+fp/hard\libgcc.a(_aeabi_uldivmod.o)
 .ARM.attributes
                0x0000062c       0x34 C:/ST/STM32CubeIDE_2.2.0/STM32CubeIDE/plugins/com.st.stm32cube.ide.mcu.externaltools.gnu-tools-for-stm32.14.3.rel1.win32_1.0.100.202602081740/tools/bin/../lib/gcc/arm-none-eabi/14.3.1/thumb/v7e-m+fp/hard\libgcc.a(_udivmoddi4.o)
 .ARM.attributes
                0x00000660       0x22 C:/ST/STM32CubeIDE_2.2.0/STM32CubeIDE/plugins/com.st.stm32cube.ide.mcu.externaltools.gnu-tools-for-stm32.14.3.rel1.win32_1.0.100.202602081740/tools/bin/../lib/gcc/arm-none-eabi/14.3.1/thumb/v7e-m+fp/hard\libgcc.a(_dvmd_tls.o)
 .ARM.attributes
                0x00000682       0x22 C:/ST/STM32CubeIDE_2.2.0/STM32CubeIDE/plugins/com.st.stm32cube.ide.mcu.externaltools.gnu-tools-for-stm32.14.3.rel1.win32_1.0.100.202602081740/tools/bin/../lib/gcc/arm-none-eabi/14.3.1/thumb/v7e-m+fp/hard/crtn.o
OUTPUT(smart_drying_rack_f411.elf elf32-littlearm)
LOAD linker stubs
LOAD C:/ST/STM32CubeIDE_2.2.0/STM32CubeIDE/plugins/com.st.stm32cube.ide.mcu.externaltools.gnu-tools-for-stm32.14.3.rel1.win32_1.0.100.202602081740/tools/bin/../lib/gcc/arm-none-eabi/14.3.1/../../../../arm-none-eabi/lib/thumb/v7e-m+fp/hard\libc.a
LOAD C:/ST/STM32CubeIDE_2.2.0/STM32CubeIDE/plugins/com.st.stm32cube.ide.mcu.externaltools.gnu-tools-for-stm32.14.3.rel1.win32_1.0.100.202602081740/tools/bin/../lib/gcc/arm-none-eabi/14.3.1/../../../../arm-none-eabi/lib/thumb/v7e-m+fp/hard\libm.a
LOAD C:/ST/STM32CubeIDE_2.2.0/STM32CubeIDE/plugins/com.st.stm32cube.ide.mcu.externaltools.gnu-tools-for-stm32.14.3.rel1.win32_1.0.100.202602081740/tools/bin/../lib/gcc/arm-none-eabi/14.3.1/thumb/v7e-m+fp/hard\libgcc.a

.debug_info     0x00000000    0x17e7a
 .debug_info    0x00000000      0x1e2 ./Core/Src/button.o
 .debug_info    0x000001e2      0x3a4 ./Core/Src/lcd.o
 .debug_info    0x00000586     0x1832 ./Core/Src/main.o
 .debug_info    0x00001db8      0x1ce ./Core/Src/sensor.o
 .debug_info    0x00001f86      0x69d ./Core/Src/servo.o
 .debug_info    0x00002623      0xee9 ./Core/Src/stm32f4xx_hal_msp.o
 .debug_info    0x0000350c      0xb83 ./Core/Src/stm32f4xx_hal_timebase_tim.o
 .debug_info    0x0000408f      0x6a4 ./Core/Src/stm32f4xx_it.o
 .debug_info    0x00004733      0x53e ./Core/Src/system_stm32f4xx.o
 .debug_info    0x00004c71      0x630 ./Core/Src/uart.o
 .debug_info    0x000052a1       0x30 ./Core/Startup/startup_stm32f411ceux.o
 .debug_info    0x000052d1      0x8c4 ./Drivers/STM32F4xx_HAL_Driver/Src/stm32f4xx_hal.o
 .debug_info    0x00005b95      0xcfc ./Drivers/STM32F4xx_HAL_Driver/Src/stm32f4xx_hal_cortex.o
 .debug_info    0x00006891      0x6f9 ./Drivers/STM32F4xx_HAL_Driver/Src/stm32f4xx_hal_gpio.o
 .debug_info    0x00006f8a      0x904 ./Drivers/STM32F4xx_HAL_Driver/Src/stm32f4xx_hal_rcc.o
 .debug_info    0x0000788e     0x2996 ./Drivers/STM32F4xx_HAL_Driver/Src/stm32f4xx_hal_tim.o
 .debug_info    0x0000a224     0x14d4 ./Drivers/STM32F4xx_HAL_Driver/Src/stm32f4xx_hal_tim_ex.o
 .debug_info    0x0000b6f8     0x2f56 ./Drivers/STM32F4xx_HAL_Driver/Src/stm32f4xx_hal_uart.o
 .debug_info    0x0000e64e     0x39dd ./Middlewares/Third_Party/FreeRTOS/Source/CMSIS_RTOS_V2/cmsis_os2.o
 .debug_info    0x0001202b      0x2af ./Middlewares/Third_Party/FreeRTOS/Source/list.o
 .debug_info    0x000122da     0x1b79 ./Middlewares/Third_Party/FreeRTOS/Source/queue.o
 .debug_info    0x00013e53     0x21ec ./Middlewares/Third_Party/FreeRTOS/Source/tasks.o
 .debug_info    0x0001603f     0x1488 ./Middlewares/Third_Party/FreeRTOS/Source/timers.o
 .debug_info    0x000174c7      0x4de ./Middlewares/Third_Party/FreeRTOS/Source/portable/GCC/ARM_CM4F/port.o
 .debug_info    0x000179a5      0x4d5 ./Middlewares/Third_Party/FreeRTOS/Source/portable/MemMang/heap_4.o

.debug_abbrev   0x00000000     0x37b3
 .debug_abbrev  0x00000000       0xf8 ./Core/Src/button.o
 .debug_abbrev  0x000000f8      0x1a9 ./Core/Src/lcd.o
 .debug_abbrev  0x000002a1      0x2f5 ./Core/Src/main.o
 .debug_abbrev  0x00000596       0xf8 ./Core/Src/sensor.o
 .debug_abbrev  0x0000068e      0x192 ./Core/Src/servo.o
 .debug_abbrev  0x00000820      0x1f9 ./Core/Src/stm32f4xx_hal_msp.o
 .debug_abbrev  0x00000a19      0x207 ./Core/Src/stm32f4xx_hal_timebase_tim.o
 .debug_abbrev  0x00000c20      0x190 ./Core/Src/stm32f4xx_it.o
 .debug_abbrev  0x00000db0      0x11a ./Core/Src/system_stm32f4xx.o
 .debug_abbrev  0x00000eca      0x17c ./Core/Src/uart.o
 .debug_abbrev  0x00001046       0x24 ./Core/Startup/startup_stm32f411ceux.o
 .debug_abbrev  0x0000106a      0x24b ./Drivers/STM32F4xx_HAL_Driver/Src/stm32f4xx_hal.o
 .debug_abbrev  0x000012b5      0x31d ./Drivers/STM32F4xx_HAL_Driver/Src/stm32f4xx_hal_cortex.o
 .debug_abbrev  0x000015d2      0x1d3 ./Drivers/STM32F4xx_HAL_Driver/Src/stm32f4xx_hal_gpio.o
 .debug_abbrev  0x000017a5      0x2b6 ./Drivers/STM32F4xx_HAL_Driver/Src/stm32f4xx_hal_rcc.o
 .debug_abbrev  0x00001a5b      0x28b ./Drivers/STM32F4xx_HAL_Driver/Src/stm32f4xx_hal_tim.o
 .debug_abbrev  0x00001ce6      0x296 ./Drivers/STM32F4xx_HAL_Driver/Src/stm32f4xx_hal_tim_ex.o
 .debug_abbrev  0x00001f7c      0x31b ./Drivers/STM32F4xx_HAL_Driver/Src/stm32f4xx_hal_uart.o
 .debug_abbrev  0x00002297      0x520 ./Middlewares/Third_Party/FreeRTOS/Source/CMSIS_RTOS_V2/cmsis_os2.o
 .debug_abbrev  0x000027b7       0xf5 ./Middlewares/Third_Party/FreeRTOS/Source/list.o
 .debug_abbrev  0x000028ac      0x3b6 ./Middlewares/Third_Party/FreeRTOS/Source/queue.o
 .debug_abbrev  0x00002c62      0x386 ./Middlewares/Third_Party/FreeRTOS/Source/tasks.o
 .debug_abbrev  0x00002fe8      0x352 ./Middlewares/Third_Party/FreeRTOS/Source/timers.o
 .debug_abbrev  0x0000333a      0x25c ./Middlewares/Third_Party/FreeRTOS/Source/portable/GCC/ARM_CM4F/port.o
 .debug_abbrev  0x00003596      0x21d ./Middlewares/Third_Party/FreeRTOS/Source/portable/MemMang/heap_4.o

.debug_aranges  0x00000000     0x14e0
 .debug_aranges
                0x00000000       0x30 ./Core/Src/button.o
 .debug_aranges
                0x00000030       0x60 ./Core/Src/lcd.o
 .debug_aranges
                0x00000090       0x68 ./Core/Src/main.o
 .debug_aranges
                0x000000f8       0x28 ./Core/Src/sensor.o
 .debug_aranges
                0x00000120       0x30 ./Core/Src/servo.o
 .debug_aranges
                0x00000150       0x48 ./Core/Src/stm32f4xx_hal_msp.o
 .debug_aranges
                0x00000198       0x30 ./Core/Src/stm32f4xx_hal_timebase_tim.o
 .debug_aranges
                0x000001c8       0x50 ./Core/Src/stm32f4xx_it.o
 .debug_aranges
                0x00000218       0x28 ./Core/Src/system_stm32f4xx.o
 .debug_aranges
                0x00000240       0x20 ./Core/Src/uart.o
 .debug_aranges
                0x00000260       0x28 ./Core/Startup/startup_stm32f411ceux.o
 .debug_aranges
                0x00000288       0xf0 ./Drivers/STM32F4xx_HAL_Driver/Src/stm32f4xx_hal.o
 .debug_aranges
                0x00000378      0x130 ./Drivers/STM32F4xx_HAL_Driver/Src/stm32f4xx_hal_cortex.o
 .debug_aranges
                0x000004a8       0x58 ./Drivers/STM32F4xx_HAL_Driver/Src/stm32f4xx_hal_gpio.o
 .debug_aranges
                0x00000500       0x88 ./Drivers/STM32F4xx_HAL_Driver/Src/stm32f4xx_hal_rcc.o
 .debug_aranges
                0x00000588      0x3d0 ./Drivers/STM32F4xx_HAL_Driver/Src/stm32f4xx_hal_tim.o
 .debug_aranges
                0x00000958      0x168 ./Drivers/STM32F4xx_HAL_Driver/Src/stm32f4xx_hal_tim_ex.o
 .debug_aranges
                0x00000ac0      0x208 ./Drivers/STM32F4xx_HAL_Driver/Src/stm32f4xx_hal_uart.o
 .debug_aranges
                0x00000cc8      0x2b0 ./Middlewares/Third_Party/FreeRTOS/Source/CMSIS_RTOS_V2/cmsis_os2.o
 .debug_aranges
                0x00000f78       0x40 ./Middlewares/Third_Party/FreeRTOS/Source/list.o
 .debug_aranges
                0x00000fb8      0x158 ./Middlewares/Third_Party/FreeRTOS/Source/queue.o
 .debug_aranges
                0x00001110      0x208 ./Middlewares/Third_Party/FreeRTOS/Source/tasks.o
 .debug_aranges
                0x00001318       0xf0 ./Middlewares/Third_Party/FreeRTOS/Source/timers.o
 .debug_aranges
                0x00001408       0x80 ./Middlewares/Third_Party/FreeRTOS/Source/portable/GCC/ARM_CM4F/port.o
 .debug_aranges
                0x00001488       0x58 ./Middlewares/Third_Party/FreeRTOS/Source/portable/MemMang/heap_4.o

.debug_rnglists
                0x00000000     0x1025
 .debug_rnglists
                0x00000000       0x1f ./Core/Src/button.o
 .debug_rnglists
                0x0000001f       0x44 ./Core/Src/lcd.o
 .debug_rnglists
                0x00000063       0x4f ./Core/Src/main.o
 .debug_rnglists
                0x000000b2       0x19 ./Core/Src/sensor.o
 .debug_rnglists
                0x000000cb       0x1f ./Core/Src/servo.o
 .debug_rnglists
                0x000000ea       0x32 ./Core/Src/stm32f4xx_hal_msp.o
 .debug_rnglists
                0x0000011c       0x20 ./Core/Src/stm32f4xx_hal_timebase_tim.o
 .debug_rnglists
                0x0000013c       0x37 ./Core/Src/stm32f4xx_it.o
 .debug_rnglists
                0x00000173       0x1a ./Core/Src/system_stm32f4xx.o
 .debug_rnglists
                0x0000018d       0x13 ./Core/Src/uart.o
 .debug_rnglists
                0x000001a0       0x19 ./Core/Startup/startup_stm32f411ceux.o
 .debug_rnglists
                0x000001b9       0xaf ./Drivers/STM32F4xx_HAL_Driver/Src/stm32f4xx_hal.o
 .debug_rnglists
                0x00000268       0xe0 ./Drivers/STM32F4xx_HAL_Driver/Src/stm32f4xx_hal_cortex.o
 .debug_rnglists
                0x00000348       0x3f ./Drivers/STM32F4xx_HAL_Driver/Src/stm32f4xx_hal_gpio.o
 .debug_rnglists
                0x00000387       0x66 ./Drivers/STM32F4xx_HAL_Driver/Src/stm32f4xx_hal_rcc.o
 .debug_rnglists
                0x000003ed      0x31a ./Drivers/STM32F4xx_HAL_Driver/Src/stm32f4xx_hal_tim.o
 .debug_rnglists
                0x00000707      0x125 ./Drivers/STM32F4xx_HAL_Driver/Src/stm32f4xx_hal_tim_ex.o
 .debug_rnglists
                0x0000082c      0x1bc ./Drivers/STM32F4xx_HAL_Driver/Src/stm32f4xx_hal_uart.o
 .debug_rnglists
                0x000009e8      0x212 ./Middlewares/Third_Party/FreeRTOS/Source/CMSIS_RTOS_V2/cmsis_os2.o
 .debug_rnglists
                0x00000bfa       0x2b ./Middlewares/Third_Party/FreeRTOS/Source/list.o
 .debug_rnglists
                0x00000c25      0x109 ./Middlewares/Third_Party/FreeRTOS/Source/queue.o
 .debug_rnglists
                0x00000d2e      0x1a0 ./Middlewares/Third_Party/FreeRTOS/Source/tasks.o
 .debug_rnglists
                0x00000ece       0xb8 ./Middlewares/Third_Party/FreeRTOS/Source/timers.o
 .debug_rnglists
                0x00000f86       0x5d ./Middlewares/Third_Party/FreeRTOS/Source/portable/GCC/ARM_CM4F/port.o
 .debug_rnglists
                0x00000fe3       0x42 ./Middlewares/Third_Party/FreeRTOS/Source/portable/MemMang/heap_4.o

.debug_macro    0x00000000    0x17a34
 .debug_macro   0x00000000      0x1e2 ./Core/Src/button.o
 .debug_macro   0x000001e2      0xad8 ./Core/Src/button.o
 .debug_macro   0x00000cba       0x22 ./Core/Src/button.o
 .debug_macro   0x00000cdc       0x8e ./Core/Src/button.o
 .debug_macro   0x00000d6a       0x51 ./Core/Src/button.o
 .debug_macro   0x00000dbb      0x103 ./Core/Src/button.o
 .debug_macro   0x00000ebe       0x6a ./Core/Src/button.o
 .debug_macro   0x00000f28      0x1df ./Core/Src/button.o
 .debug_macro   0x00001107      0x29b ./Core/Src/button.o
 .debug_macro   0x000013a2       0x2e ./Core/Src/button.o
 .debug_macro   0x000013d0       0x28 ./Core/Src/button.o
 .debug_macro   0x000013f8       0x1c ./Core/Src/button.o
 .debug_macro   0x00001414       0x22 ./Core/Src/button.o
 .debug_macro   0x00001436       0xfb ./Core/Src/button.o
 .debug_macro   0x00001531     0x1011 ./Core/Src/button.o
 .debug_macro   0x00002542      0x11f ./Core/Src/button.o
 .debug_macro   0x00002661     0xb968 ./Core/Src/button.o
 .debug_macro   0x0000dfc9       0x6d ./Core/Src/button.o
 .debug_macro   0x0000e036     0x3693 ./Core/Src/button.o
 .debug_macro   0x000116c9      0x190 ./Core/Src/button.o
 .debug_macro   0x00011859       0x5c ./Core/Src/button.o
 .debug_macro   0x000118b5      0x45c ./Core/Src/button.o
 .debug_macro   0x00011d11      0x9e9 ./Core/Src/button.o
 .debug_macro   0x000126fa      0x115 ./Core/Src/button.o
 .debug_macro   0x0001280f      0x11b ./Core/Src/button.o
 .debug_macro   0x0001292a       0xa5 ./Core/Src/button.o
 .debug_macro   0x000129cf      0x15f ./Core/Src/button.o
 .debug_macro   0x00012b2e      0x287 ./Core/Src/button.o
 .debug_macro   0x00012db5       0x5f ./Core/Src/button.o
 .debug_macro   0x00012e14      0x236 ./Core/Src/button.o
 .debug_macro   0x0001304a      0x132 ./Core/Src/button.o
 .debug_macro   0x0001317c      0x264 ./Core/Src/button.o
 .debug_macro   0x000133e0       0x2e ./Core/Src/button.o
 .debug_macro   0x0001340e      0x127 ./Core/Src/button.o
 .debug_macro   0x00013535       0x85 ./Core/Src/button.o
 .debug_macro   0x000135ba       0x89 ./Core/Src/button.o
 .debug_macro   0x00013643      0x8ed ./Core/Src/button.o
 .debug_macro   0x00013f30       0x47 ./Core/Src/button.o
 .debug_macro   0x00013f77      0x2aa ./Core/Src/button.o
 .debug_macro   0x00014221      0x126 ./Core/Src/button.o
 .debug_macro   0x00014347      0x216 ./Core/Src/lcd.o
 .debug_macro   0x0001455d      0x2a8 ./Core/Src/main.o
 .debug_macro   0x00014805      0x169 ./Core/Src/main.o
 .debug_macro   0x0001496e       0x66 ./Core/Src/main.o
 .debug_macro   0x000149d4       0x74 ./Core/Src/main.o
 .debug_macro   0x00014a48       0xdd ./Core/Src/main.o
 .debug_macro   0x00014b25      0x1e2 ./Core/Src/sensor.o
 .debug_macro   0x00014d07      0x1ee ./Core/Src/servo.o
 .debug_macro   0x00014ef5      0x1d8 ./Core/Src/stm32f4xx_hal_msp.o
 .debug_macro   0x000150cd      0x1ce ./Core/Src/stm32f4xx_hal_timebase_tim.o
 .debug_macro   0x0001529b      0x1e2 ./Core/Src/stm32f4xx_it.o
 .debug_macro   0x0001547d      0x1ce ./Core/Src/system_stm32f4xx.o
 .debug_macro   0x0001564b      0x2b0 ./Core/Src/uart.o
 .debug_macro   0x000158fb       0x61 ./Core/Src/uart.o
 .debug_macro   0x0001595c       0x10 ./Core/Src/uart.o
 .debug_macro   0x0001596c       0x20 ./Core/Src/uart.o
 .debug_macro   0x0001598c      0x22e ./Drivers/STM32F4xx_HAL_Driver/Src/stm32f4xx_hal.o
 .debug_macro   0x00015bba      0x1ce ./Drivers/STM32F4xx_HAL_Driver/Src/stm32f4xx_hal_cortex.o
 .debug_macro   0x00015d88      0x1d4 ./Drivers/STM32F4xx_HAL_Driver/Src/stm32f4xx_hal_gpio.o
 .debug_macro   0x00015f5c      0x1f2 ./Drivers/STM32F4xx_HAL_Driver/Src/stm32f4xx_hal_rcc.o
 .debug_macro   0x0001614e      0x1cf ./Drivers/STM32F4xx_HAL_Driver/Src/stm32f4xx_hal_tim.o
 .debug_macro   0x0001631d      0x1ce ./Drivers/STM32F4xx_HAL_Driver/Src/stm32f4xx_hal_tim_ex.o
 .debug_macro   0x000164eb      0x1cf ./Drivers/STM32F4xx_HAL_Driver/Src/stm32f4xx_hal_uart.o
 .debug_macro   0x000166ba      0x3c5 ./Middlewares/Third_Party/FreeRTOS/Source/CMSIS_RTOS_V2/cmsis_os2.o
 .debug_macro   0x00016a7f       0x10 ./Middlewares/Third_Party/FreeRTOS/Source/CMSIS_RTOS_V2/cmsis_os2.o
 .debug_macro   0x00016a8f       0xf5 ./Middlewares/Third_Party/FreeRTOS/Source/CMSIS_RTOS_V2/cmsis_os2.o
 .debug_macro   0x00016b84       0x91 ./Middlewares/Third_Party/FreeRTOS/Source/CMSIS_RTOS_V2/cmsis_os2.o
 .debug_macro   0x00016c15       0x8d ./Middlewares/Third_Party/FreeRTOS/Source/CMSIS_RTOS_V2/cmsis_os2.o
 .debug_macro   0x00016ca2       0x9a ./Middlewares/Third_Party/FreeRTOS/Source/CMSIS_RTOS_V2/cmsis_os2.o
 .debug_macro   0x00016d3c       0x22 ./Middlewares/Third_Party/FreeRTOS/Source/CMSIS_RTOS_V2/cmsis_os2.o
 .debug_macro   0x00016d5e       0x56 ./Middlewares/Third_Party/FreeRTOS/Source/CMSIS_RTOS_V2/cmsis_os2.o
 .debug_macro   0x00016db4      0x187 ./Middlewares/Third_Party/FreeRTOS/Source/list.o
 .debug_macro   0x00016f3b      0x216 ./Middlewares/Third_Party/FreeRTOS/Source/queue.o
 .debug_macro   0x00017151       0x16 ./Middlewares/Third_Party/FreeRTOS/Source/queue.o
 .debug_macro   0x00017167       0x87 ./Middlewares/Third_Party/FreeRTOS/Source/queue.o
 .debug_macro   0x000171ee      0x27f ./Middlewares/Third_Party/FreeRTOS/Source/tasks.o
 .debug_macro   0x0001746d       0x10 ./Middlewares/Third_Party/FreeRTOS/Source/tasks.o
 .debug_macro   0x0001747d      0x1dc ./Middlewares/Third_Party/FreeRTOS/Source/timers.o
 .debug_macro   0x00017659       0x97 ./Middlewares/Third_Party/FreeRTOS/Source/timers.o
 .debug_macro   0x000176f0      0x196 ./Middlewares/Third_Party/FreeRTOS/Source/portable/GCC/ARM_CM4F/port.o
 .debug_macro   0x00017886      0x1ae ./Middlewares/Third_Party/FreeRTOS/Source/portable/MemMang/heap_4.o

.debug_line     0x00000000    0x17970
 .debug_line    0x00000000      0x78b ./Core/Src/button.o
 .debug_line    0x0000078b      0x8ac ./Core/Src/lcd.o
 .debug_line    0x00001037      0xc1b ./Core/Src/main.o
 .debug_line    0x00001c52      0x76d ./Core/Src/sensor.o
 .debug_line    0x000023bf      0x777 ./Core/Src/servo.o
 .debug_line    0x00002b36      0x800 ./Core/Src/stm32f4xx_hal_msp.o
 .debug_line    0x00003336      0x7c8 ./Core/Src/stm32f4xx_hal_timebase_tim.o
 .debug_line    0x00003afe      0x7d3 ./Core/Src/stm32f4xx_it.o
 .debug_line    0x000042d1      0x7c0 ./Core/Src/system_stm32f4xx.o
 .debug_line    0x00004a91      0x8a9 ./Core/Src/uart.o
 .debug_line    0x0000533a       0x7a ./Core/Startup/startup_stm32f411ceux.o
 .debug_line    0x000053b4      0xa3f ./Drivers/STM32F4xx_HAL_Driver/Src/stm32f4xx_hal.o
 .debug_line    0x00005df3      0xd0c ./Drivers/STM32F4xx_HAL_Driver/Src/stm32f4xx_hal_cortex.o
 .debug_line    0x00006aff      0xb55 ./Drivers/STM32F4xx_HAL_Driver/Src/stm32f4xx_hal_gpio.o
 .debug_line    0x00007654      0xe49 ./Drivers/STM32F4xx_HAL_Driver/Src/stm32f4xx_hal_rcc.o
 .debug_line    0x0000849d     0x3581 ./Drivers/STM32F4xx_HAL_Driver/Src/stm32f4xx_hal_tim.o
 .debug_line    0x0000ba1e     0x1937 ./Drivers/STM32F4xx_HAL_Driver/Src/stm32f4xx_hal_tim_ex.o
 .debug_line    0x0000d355     0x2584 ./Drivers/STM32F4xx_HAL_Driver/Src/stm32f4xx_hal_uart.o
 .debug_line    0x0000f8d9     0x2520 ./Middlewares/Third_Party/FreeRTOS/Source/CMSIS_RTOS_V2/cmsis_os2.o
 .debug_line    0x00011df9      0x791 ./Middlewares/Third_Party/FreeRTOS/Source/list.o
 .debug_line    0x0001258a     0x1725 ./Middlewares/Third_Party/FreeRTOS/Source/queue.o
 .debug_line    0x00013caf     0x1d08 ./Middlewares/Third_Party/FreeRTOS/Source/tasks.o
 .debug_line    0x000159b7      0xdff ./Middlewares/Third_Party/FreeRTOS/Source/timers.o
 .debug_line    0x000167b6      0x812 ./Middlewares/Third_Party/FreeRTOS/Source/portable/GCC/ARM_CM4F/port.o
 .debug_line    0x00016fc8      0x9a8 ./Middlewares/Third_Party/FreeRTOS/Source/portable/MemMang/heap_4.o

.debug_str      0x00000000    0x98423
 .debug_str     0x00000000    0x98423 ./Core/Src/button.o
                              0x870c8 (size before relaxing)
 .debug_str     0x00098423    0x87257 ./Core/Src/lcd.o
 .debug_str     0x00098423    0x8cecd ./Core/Src/main.o
 .debug_str     0x00098423    0x870bb ./Core/Src/sensor.o
 .debug_str     0x00098423    0x875c4 ./Core/Src/servo.o
 .debug_str     0x00098423    0x87d22 ./Core/Src/stm32f4xx_hal_msp.o
 .debug_str     0x00098423    0x87b79 ./Core/Src/stm32f4xx_hal_timebase_tim.o
 .debug_str     0x00098423    0x875c5 ./Core/Src/stm32f4xx_it.o
 .debug_str     0x00098423    0x871da ./Core/Src/system_stm32f4xx.o
 .debug_str     0x00098423    0x8a666 ./Core/Src/uart.o
 .debug_str     0x00098423       0x7a ./Core/Startup/startup_stm32f411ceux.o
 .debug_str     0x00098423    0x87c06 ./Drivers/STM32F4xx_HAL_Driver/Src/stm32f4xx_hal.o
 .debug_str     0x00098423    0x87970 ./Drivers/STM32F4xx_HAL_Driver/Src/stm32f4xx_hal_cortex.o
 .debug_str     0x00098423    0x87355 ./Drivers/STM32F4xx_HAL_Driver/Src/stm32f4xx_hal_gpio.o
 .debug_str     0x00098423    0x8760e ./Drivers/STM32F4xx_HAL_Driver/Src/stm32f4xx_hal_rcc.o
 .debug_str     0x00098423    0x88552 ./Drivers/STM32F4xx_HAL_Driver/Src/stm32f4xx_hal_tim.o
 .debug_str     0x00098423    0x87d5e ./Drivers/STM32F4xx_HAL_Driver/Src/stm32f4xx_hal_tim_ex.o
 .debug_str     0x00098423    0x87bdd ./Drivers/STM32F4xx_HAL_Driver/Src/stm32f4xx_hal_uart.o
 .debug_str     0x00098423    0x91cb9 ./Middlewares/Third_Party/FreeRTOS/Source/CMSIS_RTOS_V2/cmsis_os2.o
 .debug_str     0x00098423     0xab96 ./Middlewares/Third_Party/FreeRTOS/Source/list.o
 .debug_str     0x00098423     0xc6d6 ./Middlewares/Third_Party/FreeRTOS/Source/queue.o
 .debug_str     0x00098423     0xd193 ./Middlewares/Third_Party/FreeRTOS/Source/tasks.o
 .debug_str     0x00098423     0xcc08 ./Middlewares/Third_Party/FreeRTOS/Source/timers.o
 .debug_str     0x00098423     0x87b2 ./Middlewares/Third_Party/FreeRTOS/Source/portable/GCC/ARM_CM4F/port.o
 .debug_str     0x00098423     0xb4d8 ./Middlewares/Third_Party/FreeRTOS/Source/portable/MemMang/heap_4.o

.comment        0x00000000       0x43
 .comment       0x00000000       0x43 ./Core/Src/button.o
                                 0x44 (size before relaxing)
 .comment       0x00000043       0x44 ./Core/Src/lcd.o
 .comment       0x00000043       0x44 ./Core/Src/main.o
 .comment       0x00000043       0x44 ./Core/Src/sensor.o
 .comment       0x00000043       0x44 ./Core/Src/servo.o
 .comment       0x00000043       0x44 ./Core/Src/stm32f4xx_hal_msp.o
 .comment       0x00000043       0x44 ./Core/Src/stm32f4xx_hal_timebase_tim.o
 .comment       0x00000043       0x44 ./Core/Src/stm32f4xx_it.o
 .comment       0x00000043       0x44 ./Core/Src/system_stm32f4xx.o
 .comment       0x00000043       0x44 ./Core/Src/uart.o
 .comment       0x00000043       0x44 ./Drivers/STM32F4xx_HAL_Driver/Src/stm32f4xx_hal.o
 .comment       0x00000043       0x44 ./Drivers/STM32F4xx_HAL_Driver/Src/stm32f4xx_hal_cortex.o
 .comment       0x00000043       0x44 ./Drivers/STM32F4xx_HAL_Driver/Src/stm32f4xx_hal_gpio.o
 .comment       0x00000043       0x44 ./Drivers/STM32F4xx_HAL_Driver/Src/stm32f4xx_hal_rcc.o
 .comment       0x00000043       0x44 ./Drivers/STM32F4xx_HAL_Driver/Src/stm32f4xx_hal_tim.o
 .comment       0x00000043       0x44 ./Drivers/STM32F4xx_HAL_Driver/Src/stm32f4xx_hal_tim_ex.o
 .comment       0x00000043       0x44 ./Drivers/STM32F4xx_HAL_Driver/Src/stm32f4xx_hal_uart.o
 .comment       0x00000043       0x44 ./Middlewares/Third_Party/FreeRTOS/Source/CMSIS_RTOS_V2/cmsis_os2.o
 .comment       0x00000043       0x44 ./Middlewares/Third_Party/FreeRTOS/Source/list.o
 .comment       0x00000043       0x44 ./Middlewares/Third_Party/FreeRTOS/Source/queue.o
 .comment       0x00000043       0x44 ./Middlewares/Third_Party/FreeRTOS/Source/tasks.o
 .comment       0x00000043       0x44 ./Middlewares/Third_Party/FreeRTOS/Source/timers.o
 .comment       0x00000043       0x44 ./Middlewares/Third_Party/FreeRTOS/Source/portable/GCC/ARM_CM4F/port.o
 .comment       0x00000043       0x44 ./Middlewares/Third_Party/FreeRTOS/Source/portable/MemMang/heap_4.o

.debug_frame    0x00000000     0x5338
 .debug_frame   0x00000000       0x64 ./Core/Src/button.o
 .debug_frame   0x00000064      0x144 ./Core/Src/lcd.o
 .debug_frame   0x000001a8      0x150 ./Core/Src/main.o
 .debug_frame   0x000002f8       0x48 ./Core/Src/sensor.o
 .debug_frame   0x00000340       0x64 ./Core/Src/servo.o
 .debug_frame   0x000003a4       0xe8 ./Core/Src/stm32f4xx_hal_msp.o
 .debug_frame   0x0000048c       0x6c ./Core/Src/stm32f4xx_hal_timebase_tim.o
 .debug_frame   0x000004f8       0xc0 ./Core/Src/stm32f4xx_it.o
 .debug_frame   0x000005b8       0x50 ./Core/Src/system_stm32f4xx.o
 .debug_frame   0x00000608       0x34 ./Core/Src/uart.o
 .debug_frame   0x0000063c      0x31c ./Drivers/STM32F4xx_HAL_Driver/Src/stm32f4xx_hal.o
 .debug_frame   0x00000958      0x4b8 ./Drivers/STM32F4xx_HAL_Driver/Src/stm32f4xx_hal_cortex.o
 .debug_frame   0x00000e10      0x130 ./Drivers/STM32F4xx_HAL_Driver/Src/stm32f4xx_hal_gpio.o
 .debug_frame   0x00000f40      0x1d8 ./Drivers/STM32F4xx_HAL_Driver/Src/stm32f4xx_hal_rcc.o
 .debug_frame   0x00001118     0x10e8 ./Drivers/STM32F4xx_HAL_Driver/Src/stm32f4xx_hal_tim.o
 .debug_frame   0x00002200      0x600 ./Drivers/STM32F4xx_HAL_Driver/Src/stm32f4xx_hal_tim_ex.o
 .debug_frame   0x00002800      0x8ec ./Drivers/STM32F4xx_HAL_Driver/Src/stm32f4xx_hal_uart.o
 .debug_frame   0x000030ec      0xb9c ./Middlewares/Third_Party/FreeRTOS/Source/CMSIS_RTOS_V2/cmsis_os2.o
 .debug_frame   0x00003c88       0xc4 ./Middlewares/Third_Party/FreeRTOS/Source/list.o
 .debug_frame   0x00003d4c      0x5c0 ./Middlewares/Third_Party/FreeRTOS/Source/queue.o
 .debug_frame   0x0000430c      0x8b0 ./Middlewares/Third_Party/FreeRTOS/Source/tasks.o
 .debug_frame   0x00004bbc      0x3e4 ./Middlewares/Third_Party/FreeRTOS/Source/timers.o
 .debug_frame   0x00004fa0      0x18c ./Middlewares/Third_Party/FreeRTOS/Source/portable/GCC/ARM_CM4F/port.o
 .debug_frame   0x0000512c      0x118 ./Middlewares/Third_Party/FreeRTOS/Source/portable/MemMang/heap_4.o
 .debug_frame   0x00005244       0x20 C:/ST/STM32CubeIDE_2.2.0/STM32CubeIDE/plugins/com.st.stm32cube.ide.mcu.externaltools.gnu-tools-for-stm32.14.3.rel1.win32_1.0.100.202602081740/tools/bin/../lib/gcc/arm-none-eabi/14.3.1/../../../../arm-none-eabi/lib/thumb/v7e-m+fp/hard\libc_nano.a(libc_a-memset.o)
 .debug_frame   0x00005264       0x2c C:/ST/STM32CubeIDE_2.2.0/STM32CubeIDE/plugins/com.st.stm32cube.ide.mcu.externaltools.gnu-tools-for-stm32.14.3.rel1.win32_1.0.100.202602081740/tools/bin/../lib/gcc/arm-none-eabi/14.3.1/../../../../arm-none-eabi/lib/thumb/v7e-m+fp/hard\libc_nano.a(libc_a-init.o)
 .debug_frame   0x00005290       0x28 C:/ST/STM32CubeIDE_2.2.0/STM32CubeIDE/plugins/com.st.stm32cube.ide.mcu.externaltools.gnu-tools-for-stm32.14.3.rel1.win32_1.0.100.202602081740/tools/bin/../lib/gcc/arm-none-eabi/14.3.1/../../../../arm-none-eabi/lib/thumb/v7e-m+fp/hard\libc_nano.a(libc_a-memcpy-stub.o)
 .debug_frame   0x000052b8       0x20 C:/ST/STM32CubeIDE_2.2.0/STM32CubeIDE/plugins/com.st.stm32cube.ide.mcu.externaltools.gnu-tools-for-stm32.14.3.rel1.win32_1.0.100.202602081740/tools/bin/../lib/gcc/arm-none-eabi/14.3.1/../../../../arm-none-eabi/lib/thumb/v7e-m+fp/hard\libc_nano.a(libc_a-strlen.o)
 .debug_frame   0x000052d8       0x2c C:/ST/STM32CubeIDE_2.2.0/STM32CubeIDE/plugins/com.st.stm32cube.ide.mcu.externaltools.gnu-tools-for-stm32.14.3.rel1.win32_1.0.100.202602081740/tools/bin/../lib/gcc/arm-none-eabi/14.3.1/thumb/v7e-m+fp/hard\libgcc.a(_aeabi_uldivmod.o)
 .debug_frame   0x00005304       0x34 C:/ST/STM32CubeIDE_2.2.0/STM32CubeIDE/plugins/com.st.stm32cube.ide.mcu.externaltools.gnu-tools-for-stm32.14.3.rel1.win32_1.0.100.202602081740/tools/bin/../lib/gcc/arm-none-eabi/14.3.1/thumb/v7e-m+fp/hard\libgcc.a(_udivmoddi4.o)

.debug_line_str
                0x00000000       0x5e
 .debug_line_str
                0x00000000       0x5e ./Core/Startup/startup_stm32f411ceux.o
