Archive member included to satisfy reference by file (symbol)

C:/ST/STM32CubeIDE_2.2.0/STM32CubeIDE/plugins/com.st.stm32cube.ide.mcu.externaltools.gnu-tools-for-stm32.14.3.rel1.win32_1.0.100.202602081740/tools/bin/../lib/gcc/arm-none-eabi/14.3.1/../../../../arm-none-eabi/lib/thumb/v7e-m+fp/hard\libc_nano.a(libc_a-exit.o)
                              C:/ST/STM32CubeIDE_2.2.0/STM32CubeIDE/plugins/com.st.stm32cube.ide.mcu.externaltools.gnu-tools-for-stm32.14.3.rel1.win32_1.0.100.202602081740/tools/bin/../lib/gcc/arm-none-eabi/14.3.1/../../../../arm-none-eabi/lib/thumb/v7e-m+fp/hard/crt0.o (exit)
C:/ST/STM32CubeIDE_2.2.0/STM32CubeIDE/plugins/com.st.stm32cube.ide.mcu.externaltools.gnu-tools-for-stm32.14.3.rel1.win32_1.0.100.202602081740/tools/bin/../lib/gcc/arm-none-eabi/14.3.1/../../../../arm-none-eabi/lib/thumb/v7e-m+fp/hard\libc_nano.a(libc_a-findfp.o)
                              C:/ST/STM32CubeIDE_2.2.0/STM32CubeIDE/plugins/com.st.stm32cube.ide.mcu.externaltools.gnu-tools-for-stm32.14.3.rel1.win32_1.0.100.202602081740/tools/bin/../lib/gcc/arm-none-eabi/14.3.1/../../../../arm-none-eabi/lib/thumb/v7e-m+fp/hard\libc_nano.a(libc_a-exit.o) (__stdio_exit_handler)
C:/ST/STM32CubeIDE_2.2.0/STM32CubeIDE/plugins/com.st.stm32cube.ide.mcu.externaltools.gnu-tools-for-stm32.14.3.rel1.win32_1.0.100.202602081740/tools/bin/../lib/gcc/arm-none-eabi/14.3.1/../../../../arm-none-eabi/lib/thumb/v7e-m+fp/hard\libc_nano.a(libc_a-fwalk.o)
                              C:/ST/STM32CubeIDE_2.2.0/STM32CubeIDE/plugins/com.st.stm32cube.ide.mcu.externaltools.gnu-tools-for-stm32.14.3.rel1.win32_1.0.100.202602081740/tools/bin/../lib/gcc/arm-none-eabi/14.3.1/../../../../arm-none-eabi/lib/thumb/v7e-m+fp/hard\libc_nano.a(libc_a-findfp.o) (_fwalk_sglue)
C:/ST/STM32CubeIDE_2.2.0/STM32CubeIDE/plugins/com.st.stm32cube.ide.mcu.externaltools.gnu-tools-for-stm32.14.3.rel1.win32_1.0.100.202602081740/tools/bin/../lib/gcc/arm-none-eabi/14.3.1/../../../../arm-none-eabi/lib/thumb/v7e-m+fp/hard\libc_nano.a(libc_a-stdio.o)
                              C:/ST/STM32CubeIDE_2.2.0/STM32CubeIDE/plugins/com.st.stm32cube.ide.mcu.externaltools.gnu-tools-for-stm32.14.3.rel1.win32_1.0.100.202602081740/tools/bin/../lib/gcc/arm-none-eabi/14.3.1/../../../../arm-none-eabi/lib/thumb/v7e-m+fp/hard\libc_nano.a(libc_a-findfp.o) (__sread)
C:/ST/STM32CubeIDE_2.2.0/STM32CubeIDE/plugins/com.st.stm32cube.ide.mcu.externaltools.gnu-tools-for-stm32.14.3.rel1.win32_1.0.100.202602081740/tools/bin/../lib/gcc/arm-none-eabi/14.3.1/../../../../arm-none-eabi/lib/thumb/v7e-m+fp/hard\libc_nano.a(libc_a-memset.o)
                              C:/ST/STM32CubeIDE_2.2.0/STM32CubeIDE/plugins/com.st.stm32cube.ide.mcu.externaltools.gnu-tools-for-stm32.14.3.rel1.win32_1.0.100.202602081740/tools/bin/../lib/gcc/arm-none-eabi/14.3.1/../../../../arm-none-eabi/lib/thumb/v7e-m+fp/hard/crt0.o (memset)
C:/ST/STM32CubeIDE_2.2.0/STM32CubeIDE/plugins/com.st.stm32cube.ide.mcu.externaltools.gnu-tools-for-stm32.14.3.rel1.win32_1.0.100.202602081740/tools/bin/../lib/gcc/arm-none-eabi/14.3.1/../../../../arm-none-eabi/lib/thumb/v7e-m+fp/hard\libc_nano.a(libc_a-closer.o)
                              C:/ST/STM32CubeIDE_2.2.0/STM32CubeIDE/plugins/com.st.stm32cube.ide.mcu.externaltools.gnu-tools-for-stm32.14.3.rel1.win32_1.0.100.202602081740/tools/bin/../lib/gcc/arm-none-eabi/14.3.1/../../../../arm-none-eabi/lib/thumb/v7e-m+fp/hard\libc_nano.a(libc_a-stdio.o) (_close_r)
C:/ST/STM32CubeIDE_2.2.0/STM32CubeIDE/plugins/com.st.stm32cube.ide.mcu.externaltools.gnu-tools-for-stm32.14.3.rel1.win32_1.0.100.202602081740/tools/bin/../lib/gcc/arm-none-eabi/14.3.1/../../../../arm-none-eabi/lib/thumb/v7e-m+fp/hard\libc_nano.a(libc_a-reent.o)
                              C:/ST/STM32CubeIDE_2.2.0/STM32CubeIDE/plugins/com.st.stm32cube.ide.mcu.externaltools.gnu-tools-for-stm32.14.3.rel1.win32_1.0.100.202602081740/tools/bin/../lib/gcc/arm-none-eabi/14.3.1/../../../../arm-none-eabi/lib/thumb/v7e-m+fp/hard\libc_nano.a(libc_a-closer.o) (errno)
C:/ST/STM32CubeIDE_2.2.0/STM32CubeIDE/plugins/com.st.stm32cube.ide.mcu.externaltools.gnu-tools-for-stm32.14.3.rel1.win32_1.0.100.202602081740/tools/bin/../lib/gcc/arm-none-eabi/14.3.1/../../../../arm-none-eabi/lib/thumb/v7e-m+fp/hard\libc_nano.a(libc_a-impure.o)
                              C:/ST/STM32CubeIDE_2.2.0/STM32CubeIDE/plugins/com.st.stm32cube.ide.mcu.externaltools.gnu-tools-for-stm32.14.3.rel1.win32_1.0.100.202602081740/tools/bin/../lib/gcc/arm-none-eabi/14.3.1/../../../../arm-none-eabi/lib/thumb/v7e-m+fp/hard\libc_nano.a(libc_a-reent.o) (_impure_ptr)
C:/ST/STM32CubeIDE_2.2.0/STM32CubeIDE/plugins/com.st.stm32cube.ide.mcu.externaltools.gnu-tools-for-stm32.14.3.rel1.win32_1.0.100.202602081740/tools/bin/../lib/gcc/arm-none-eabi/14.3.1/../../../../arm-none-eabi/lib/thumb/v7e-m+fp/hard\libc_nano.a(libc_a-lseekr.o)
[...]
Memory Configuration

Name             Origin             Length             Attributes
RAM              0x20000000         0x00020000         xrw
FLASH            0x08000000         0x00080000         xr
*default*        0x00000000         0xffffffff

Linker script and memory map

LOAD C:/ST/STM32CubeIDE_2.2.0/STM32CubeIDE/plugins/com.st.stm32cube.ide.mcu.externaltools.gnu-tools-for-stm32.14.3.rel1.win32_1.0.100.202602081740/tools/bin/../lib/gcc/arm-none-eabi/14.3.1/thumb/v7e-m+fp/hard/crti.o
LOAD C:/ST/STM32CubeIDE_2.2.0/STM32CubeIDE/plugins/com.st.stm32cube.ide.mcu.externaltools.gnu-tools-for-stm32.14.3.rel1.win32_1.0.100.202602081740/tools/bin/../lib/gcc/arm-none-eabi/14.3.1/thumb/v7e-m+fp/hard/crtbegin.o
LOAD C:/ST/STM32CubeIDE_2.2.0/STM32CubeIDE/plugins/com.st.stm32cube.ide.mcu.externaltools.gnu-tools-for-stm32.14.3.rel1.win32_1.0.100.202602081740/tools/bin/../lib/gcc/arm-none-eabi/14.3.1/../../../../arm-none-eabi/lib/thumb/v7e-m+fp/hard/crt0.o
LOAD ./Core/Src/button.o
LOAD ./Core/Src/freertos.o
LOAD ./Core/Src/lcd.o
LOAD ./Core/Src/main.o
LOAD ./Core/Src/sensor.o
LOAD ./Core/Src/servo.o
LOAD ./Core/Src/stm32f4xx_hal_msp.o
LOAD ./Core/Src/stm32f4xx_hal_timebase_tim.o
LOAD ./Core/Src/stm32f4xx_it.o
LOAD ./Core/Src/syscalls.o
LOAD ./Core/Src/sysmem.o
LOAD ./Core/Src/system_stm32f4xx.o
LOAD ./Core/Src/uart.o
LOAD ./Core/Startup/startup_stm32f411ceux.o
LOAD ./Drivers/STM32F4xx_HAL_Driver/Src/stm32f4xx_hal.o
LOAD ./Drivers/STM32F4xx_HAL_Driver/Src/stm32f4xx_hal_cortex.o
LOAD ./Drivers/STM32F4xx_HAL_Driver/Src/stm32f4xx_hal_dma.o
LOAD ./Drivers/STM32F4xx_HAL_Driver/Src/stm32f4xx_hal_dma_ex.o
LOAD ./Drivers/STM32F4xx_HAL_Driver/Src/stm32f4xx_hal_exti.o
LOAD ./Drivers/STM32F4xx_HAL_Driver/Src/stm32f4xx_hal_flash.o
LOAD ./Drivers/STM32F4xx_HAL_Driver/Src/stm32f4xx_hal_flash_ex.o
LOAD ./Drivers/STM32F4xx_HAL_Driver/Src/stm32f4xx_hal_flash_ramfunc.o
LOAD ./Drivers/STM32F4xx_HAL_Driver/Src/stm32f4xx_hal_gpio.o
LOAD ./Drivers/STM32F4xx_HAL_Driver/Src/stm32f4xx_hal_i2c.o
LOAD ./Drivers/STM32F4xx_HAL_Driver/Src/stm32f4xx_hal_i2c_ex.o
LOAD ./Drivers/STM32F4xx_HAL_Driver/Src/stm32f4xx_hal_pwr.o
LOAD ./Drivers/STM32F4xx_HAL_Driver/Src/stm32f4xx_hal_pwr_ex.o
LOAD ./Drivers/STM32F4xx_HAL_Driver/Src/stm32f4xx_hal_rcc.o
LOAD ./Drivers/STM32F4xx_HAL_Driver/Src/stm32f4xx_hal_rcc_ex.o
LOAD ./Drivers/STM32F4xx_HAL_Driver/Src/stm32f4xx_hal_tim.o
LOAD ./Drivers/STM32F4xx_HAL_Driver/Src/stm32f4xx_hal_tim_ex.o
LOAD ./Drivers/STM32F4xx_HAL_Driver/Src/stm32f4xx_hal_uart.o
LOAD ./Middlewares/Third_Party/FreeRTOS/Source/CMSIS_RTOS_V2/cmsis_os2.o
LOAD ./Middlewares/Third_Party/FreeRTOS/Source/croutine.o
LOAD ./Middlewares/Third_Party/FreeRTOS/Source/event_groups.o
LOAD ./Middlewares/Third_Party/FreeRTOS/Source/list.o
LOAD ./Middlewares/Third_Party/FreeRTOS/Source/queue.o
LOAD ./Middlewares/Third_Party/FreeRTOS/Source/stream_buffer.o
LOAD ./Middlewares/Third_Party/FreeRTOS/Source/tasks.o
LOAD ./Middlewares/Third_Party/FreeRTOS/Source/timers.o
LOAD ./Middlewares/Third_Party/FreeRTOS/Source/portable/GCC/ARM_CM4F/port.o
LOAD ./Middlewares/Third_Party/FreeRTOS/Source/portable/MemMang/heap_4.o
START GROUP
LOAD C:/ST/STM32CubeIDE_2.2.0/STM32CubeIDE/plugins/com.st.stm32cube.ide.mcu.externaltools.gnu-tools-for-stm32.14.3.rel1.win32_1.0.100.202602081740/tools/bin/../lib/gcc/arm-none-eabi/14.3.1/../../../../arm-none-eabi/lib/thumb/v7e-m+fp/hard\libc_nano.a
LOAD C:/ST/STM32CubeIDE_2.2.0/STM32CubeIDE/plugins/com.st.stm32cube.ide.mcu.externaltools.gnu-tools-for-stm32.14.3.rel1.win32_1.0.100.202602081740/tools/bin/../lib/gcc/arm-none-eabi/14.3.1/../../../../arm-none-eabi/lib/thumb/v7e-m+fp/hard\libm.a
END GROUP
START GROUP
LOAD C:/ST/STM32CubeIDE_2.2.0/STM32CubeIDE/plugins/com.st.stm32cube.ide.mcu.externaltools.gnu-tools-for-stm32.14.3.rel1.win32_1.0.100.202602081740/tools/bin/../lib/gcc/arm-none-eabi/14.3.1/thumb/v7e-m+fp/hard\libgcc.a
LOAD C:/ST/STM32CubeIDE_2.2.0/STM32CubeIDE/plugins/com.st.stm32cube.ide.mcu.externaltools.gnu-tools-for-stm32.14.3.rel1.win32_1.0.100.202602081740/tools/bin/../lib/gcc/arm-none-eabi/14.3.1/../../../../arm-none-eabi/lib/thumb/v7e-m+fp/hard\libc_nano.a
END GROUP
START GROUP
LOAD C:/ST/STM32CubeIDE_2.2.0/STM32CubeIDE/plugins/com.st.stm32cube.ide.mcu.externaltools.gnu-tools-for-stm32.14.3.rel1.win32_1.0.100.202602081740/tools/bin/../lib/gcc/arm-none-eabi/14.3.1/thumb/v7e-m+fp/hard\libgcc.a
LOAD C:/ST/STM32CubeIDE_2.2.0/STM32CubeIDE/plugins/com.st.stm32cube.ide.mcu.externaltools.gnu-tools-for-stm32.14.3.rel1.win32_1.0.100.202602081740/tools/bin/../lib/gcc/arm-none-eabi/14.3.1/../../../../arm-none-eabi/lib/thumb/v7e-m+fp/hard\libc_nano.a
LOAD C:/ST/STM32CubeIDE_2.2.0/STM32CubeIDE/plugins/com.st.stm32cube.ide.mcu.externaltools.gnu-tools-for-stm32.14.3.rel1.win32_1.0.100.202602081740/tools/bin/../lib/gcc/arm-none-eabi/14.3.1/../../../../arm-none-eabi/lib/thumb/v7e-m+fp/hard\libnosys.a
END GROUP
START GROUP
LOAD C:/ST/STM32CubeIDE_2.2.0/STM32CubeIDE/plugins/com.st.stm32cube.ide.mcu.externaltools.gnu-tools-for-stm32.14.3.rel1.win32_1.0.100.202602081740/tools/bin/../lib/gcc/arm-none-eabi/14.3.1/thumb/v7e-m+fp/hard\libgcc.a
LOAD C:/ST/STM32CubeIDE_2.2.0/STM32CubeIDE/plugins/com.st.stm32cube.ide.mcu.externaltools.gnu-tools-for-stm32.14.3.rel1.win32_1.0.100.202602081740/tools/bin/../lib/gcc/arm-none-eabi/14.3.1/../../../../arm-none-eabi/lib/thumb/v7e-m+fp/hard\libc_nano.a
LOAD C:/ST/STM32CubeIDE_2.2.0/STM32CubeIDE/plugins/com.st.stm32cube.ide.mcu.externaltools.gnu-tools-for-stm32.14.3.rel1.win32_1.0.100.202602081740/tools/bin/../lib/gcc/arm-none-eabi/14.3.1/../../../../arm-none-eabi/lib/thumb/v7e-m+fp/hard\libnosys.a
END GROUP
LOAD C:/ST/STM32CubeIDE_2.2.0/STM32CubeIDE/plugins/com.st.stm32cube.ide.mcu.externaltools.gnu-tools-for-stm32.14.3.rel1.win32_1.0.100.202602081740/tools/bin/../lib/gcc/arm-none-eabi/14.3.1/thumb/v7e-m+fp/hard/crtend.o
LOAD C:/ST/STM32CubeIDE_2.2.0/STM32CubeIDE/plugins/com.st.stm32cube.ide.mcu.externaltools.gnu-tools-for-stm32.14.3.rel1.win32_1.0.100.202602081740/tools/bin/../lib/gcc/arm-none-eabi/14.3.1/thumb/v7e-m+fp/hard/crtn.o
                0x20020000                        _estack = (ORIGIN (RAM) + LENGTH (RAM))
                0x00000200                        _Min_Heap_Size = 0x200
                0x00000400                        _Min_Stack_Size = 0x400

.isr_vector     0x08000000      0x198
                0x08000000                        . = ALIGN (0x4)
 *(.isr_vector)
 .isr_vector    0x08000000      0x198 ./Core/Startup/startup_stm32f411ceux.o
                0x08000000                g_pfnVectors
                0x08000198                        . = ALIGN (0x4)

.text           0x080001a0     0x70f4
                0x080001a0                        . = ALIGN (0x4)
 *(.text)
 .text          0x080001a0       0x40 C:/ST/STM32CubeIDE_2.2.0/STM32CubeIDE/plugins/com.st.stm32cube.ide.mcu.externaltools.gnu-tools-for-stm32.14.3.rel1.win32_1.0.100.202602081740/tools/bin/../lib/gcc/arm-none-eabi/14.3.1/thumb/v7e-m+fp/hard/crtbegin.o
 .text          0x080001e0       0x10 C:/ST/STM32CubeIDE_2.2.0/STM32CubeIDE/plugins/com.st.stm32cube.ide.mcu.externaltools.gnu-tools-for-stm32.14.3.rel1.win32_1.0.100.202602081740/tools/bin/../lib/gcc/arm-none-eabi/14.3.1/../../../../arm-none-eabi/lib/thumb/v7e-m+fp/hard\libc_nano.a(libc_a-strlen.o)
                0x080001e0                strlen
 .text          0x080001f0       0x30 C:/ST/STM32CubeIDE_2.2.0/STM32CubeIDE/plugins/com.st.stm32cube.ide.mcu.externaltools.gnu-tools-for-stm32.14.3.rel1.win32_1.0.100.202602081740/tools/bin/../lib/gcc/arm-none-eabi/14.3.1/thumb/v7e-m+fp/hard\libgcc.a(_aeabi_uldivmod.o)
                0x080001f0                __aeabi_uldivmod
 .text          0x08000220      0x2f8 C:/ST/STM32CubeIDE_2.2.0/STM32CubeIDE/plugins/com.st.stm32cube.ide.mcu.externaltools.gnu-tools-for-stm32.14.3.rel1.win32_1.0.100.202602081740/tools/bin/../lib/gcc/arm-none-eabi/14.3.1/thumb/v7e-m+fp/hard\libgcc.a(_udivmoddi4.o)
                0x08000220                __udivmoddi4
 .text          0x08000518        0x4 C:/ST/STM32CubeIDE_2.2.0/STM32CubeIDE/plugins/com.st.stm32cube.ide.mcu.externaltools.gnu-tools-for-stm32.14.3.rel1.win32_1.0.100.202602081740/tools/bin/../lib/gcc/arm-none-eabi/14.3.1/thumb/v7e-m+fp/hard\libgcc.a(_dvmd_tls.o)
                0x08000518                __aeabi_idiv0
                0x08000518                __aeabi_ldiv0
 *(.text*)
 .text.Button_Mode
                0x0800051c       0x20 ./Core/Src/button.o
                0x0800051c                Button_Mode
 .text.Button_ManualIn
                0x0800053c       0x20 ./Core/Src/button.o
                0x0800053c                Button_ManualIn
 .text.Button_ManualOut
                0x0800055c       0x20 ./Core/Src/button.o
                0x0800055c                Button_ManualOut
 .text.LCD_I2C_Write
                0x0800057c       0x28 ./Core/Src/lcd.o
 .text.LCD_EnablePulse
                0x080005a4       0x3a ./Core/Src/lcd.o
 .text.LCD_SendNibble
                0x080005de       0x3c ./Core/Src/lcd.o
 .text.LCD_SendCommand
                0x0800061a       0x36 ./Core/Src/lcd.o
 .text.LCD_SendData
                0x08000650       0x30 ./Core/Src/lcd.o
 .text.LCD_SendString
                0x08000680       0x2c ./Core/Src/lcd.o
 .text.LCD_SetCursor
                0x080006ac       0x38 ./Core/Src/lcd.o
 .text.LCD_Init
                0x080006e4       0x5c ./Core/Src/lcd.o
                0x080006e4                LCD_Init
 .text.LCD_Clear
                0x08000740       0x14 ./Core/Src/lcd.o
                0x08000740                LCD_Clear
 .text.LCD_Update
                0x08000754       0xa0 ./Core/Src/lcd.o
                0x08000754                LCD_Update
 .text.main     0x080007f4       0xc0 ./Core/Src/main.o
                0x080007f4                main
 .text.SystemClock_Config
                0x080008b4       0xbc ./Core/Src/main.o
                0x080008b4                SystemClock_Config
 .text.MX_I2C1_Init
                0x08000970       0x5c ./Core/Src/main.o
 .text.MX_TIM4_Init
                0x080009cc       0xf0 ./Core/Src/main.o
 .text.MX_USART2_UART_Init
                0x08000abc       0x54 ./Core/Src/main.o
 .text.MX_GPIO_Init
                0x08000b10       0x94 ./Core/Src/main.o
 .text.StartSensorTask
                0x08000ba4       0x68 ./Core/Src/main.o
                0x08000ba4                StartSensorTask
 .text.StartControlTask
                0x08000c0c      0x100 ./Core/Src/main.o
                0x08000c0c                StartControlTask
 .text.StartDisplayTask
                0x08000d0c       0xe4 ./Core/Src/main.o
                0x08000d0c                StartDisplayTask
 .text.HAL_TIM_PeriodElapsedCallback
                0x08000df0       0x24 ./Core/Src/main.o
                0x08000df0                HAL_TIM_PeriodElapsedCallback
 .text.Error_Handler
                0x08000e14        0xc ./Core/Src/main.o
                0x08000e14                Error_Handler
 .text.Sensor_IsRaining
                0x08000e20       0x20 ./Core/Src/sensor.o
                0x08000e20                Sensor_IsRaining
 .text.Sensor_IsLight
                0x08000e40       0x20 ./Core/Src/sensor.o
                0x08000e40                Sensor_IsLight
 .text.Servo_Init
                0x08000e60       0x18 ./Core/Src/servo.o
                0x08000e60                Servo_Init
 .text.Servo_SetIn
                0x08000e78       0x1c ./Core/Src/servo.o
                0x08000e78                Servo_SetIn
 .text.Servo_SetOut
                0x08000e94       0x1c ./Core/Src/servo.o
                0x08000e94                Servo_SetOut
 .text.HAL_MspInit
                0x08000eb0       0x58 ./Core/Src/stm32f4xx_hal_msp.o
                0x08000eb0                HAL_MspInit
 .text.HAL_I2C_MspInit
                0x08000f08       0x90 ./Core/Src/stm32f4xx_hal_msp.o
                0x08000f08                HAL_I2C_MspInit
 .text.HAL_TIM_Base_MspInit
                0x08000f98       0x44 ./Core/Src/stm32f4xx_hal_msp.o
                0x08000f98                HAL_TIM_Base_MspInit
 .text.HAL_TIM_MspPostInit
                0x08000fdc       0x74 ./Core/Src/stm32f4xx_hal_msp.o
                0x08000fdc                HAL_TIM_MspPostInit
 .text.HAL_UART_MspInit
                0x08001050       0x90 ./Core/Src/stm32f4xx_hal_msp.o
                0x08001050                HAL_UART_MspInit
 .text.HAL_InitTick
                0x080010e0       0xf8 ./Core/Src/stm32f4xx_hal_timebase_tim.o
                0x080010e0                HAL_InitTick
 .text.NMI_Handler
                0x080011d8        0x8 ./Core/Src/stm32f4xx_it.o
                0x080011d8                NMI_Handler
 .text.HardFault_Handler
                0x080011e0        0x8 ./Core/Src/stm32f4xx_it.o
                0x080011e0                HardFault_Handler
 .text.MemManage_Handler
                0x080011e8        0x8 ./Core/Src/stm32f4xx_it.o
                0x080011e8                MemManage_Handler
 .text.BusFault_Handler
                0x080011f0        0x8 ./Core/Src/stm32f4xx_it.o
                0x080011f0                BusFault_Handler
 .text.UsageFault_Handler
                0x080011f8        0x8 ./Core/Src/stm32f4xx_it.o
                0x080011f8                UsageFault_Handler
 .text.DebugMon_Handler
                0x08001200        0xe ./Core/Src/stm32f4xx_it.o
                0x08001200                DebugMon_Handler
 *fill*         0x0800120e        0x2 
 .text.TIM5_IRQHandler
                0x08001210       0x14 ./Core/Src/stm32f4xx_it.o
                0x08001210                TIM5_IRQHandler
 .text.SystemInit
                0x08001224       0x24 ./Core/Src/system_stm32f4xx.o
                0x08001224                SystemInit
 .text.UART2_SendString
                0x08001248       0x2c ./Core/Src/uart.o
                0x08001248                UART2_SendString
 .text.Reset_Handler
                0x08001274       0x50 ./Core/Startup/startup_stm32f411ceux.o
                0x08001274                Reset_Handler
 .text.Default_Handler
                0x080012c4        0x2 ./Core/Startup/startup_stm32f411ceux.o
                0x080012c4                RTC_Alarm_IRQHandler
                0x080012c4                EXTI2_IRQHandler
                0x080012c4                SPI4_IRQHandler
                0x080012c4                TIM1_CC_IRQHandler
                0x080012c4                DMA2_Stream5_IRQHandler
                0x080012c4                DMA1_Stream5_IRQHandler
                0x080012c4                PVD_IRQHandler
                0x080012c4                SDIO_IRQHandler
                0x080012c4                TAMP_STAMP_IRQHandler
                0x080012c4                EXTI3_IRQHandler
                0x080012c4                TIM1_UP_TIM10_IRQHandler
                0x080012c4                I2C3_ER_IRQHandler
                0x080012c4                EXTI0_IRQHandler
                0x080012c4                I2C2_EV_IRQHandler
                0x080012c4                DMA1_Stream2_IRQHandler
                0x080012c4                FPU_IRQHandler
                0x080012c4                DMA2_Stream2_IRQHandler
                0x080012c4                SPI1_IRQHandler
                0x080012c4                TIM1_BRK_TIM9_IRQHandler
                0x080012c4                DMA2_Stream3_IRQHandler
                0x080012c4                USART6_IRQHandler
                0x080012c4                DMA2_Stream0_IRQHandler
                0x080012c4                TIM4_IRQHandler
                0x080012c4                I2C1_EV_IRQHandler
                0x080012c4                DMA1_Stream6_IRQHandler
                0x080012c4                DMA1_Stream1_IRQHandler
                0x080012c4                TIM3_IRQHandler
                0x080012c4                RCC_IRQHandler
                0x080012c4                Default_Handler
                0x080012c4                EXTI15_10_IRQHandler
                0x080012c4                ADC_IRQHandler
                0x080012c4                DMA1_Stream7_IRQHandler
                0x080012c4                SPI5_IRQHandler
                0x080012c4                DMA2_Stream7_IRQHandler
                0x080012c4                I2C3_EV_IRQHandler
                0x080012c4                EXTI9_5_IRQHandler
                0x080012c4                RTC_WKUP_IRQHandler
                0x080012c4                SPI2_IRQHandler
                0x080012c4                DMA1_Stream0_IRQHandler
                0x080012c4                EXTI4_IRQHandler
                0x080012c4                WWDG_IRQHandler
                0x080012c4                TIM2_IRQHandler
                0x080012c4                OTG_FS_WKUP_IRQHandler
                0x080012c4                TIM1_TRG_COM_TIM11_IRQHandler
                0x080012c4                EXTI1_IRQHandler
                0x080012c4                USART2_IRQHandler
                0x080012c4                I2C2_ER_IRQHandler
                0x080012c4                DMA2_Stream1_IRQHandler
                0x080012c4                FLASH_IRQHandler
                0x080012c4                DMA2_Stream4_IRQHandler
                0x080012c4                USART1_IRQHandler
                0x080012c4                OTG_FS_IRQHandler
                0x080012c4                SPI3_IRQHandler
                0x080012c4                DMA1_Stream4_IRQHandler
                0x080012c4                I2C1_ER_IRQHandler
                0x080012c4                DMA2_Stream6_IRQHandler
                0x080012c4                DMA1_Stream3_IRQHandler
 *fill*         0x080012c6        0x2 
 .text.HAL_Init
                0x080012c8       0x44 ./Drivers/STM32F4xx_HAL_Driver/Src/stm32f4xx_hal.o
                0x080012c8                HAL_Init
 .text.HAL_IncTick
                0x0800130c       0x28 ./Drivers/STM32F4xx_HAL_Driver/Src/stm32f4xx_hal.o
                0x0800130c                HAL_IncTick
 .text.HAL_GetTick
                0x08001334       0x18 ./Drivers/STM32F4xx_HAL_Driver/Src/stm32f4xx_hal.o
                0x08001334                HAL_GetTick
 .text.HAL_Delay
                0x0800134c       0x48 ./Drivers/STM32F4xx_HAL_Driver/Src/stm32f4xx_hal.o
                0x0800134c                HAL_Delay
 .text.__NVIC_SetPriorityGrouping
                0x08001394       0x48 ./Drivers/STM32F4xx_HAL_Driver/Src/stm32f4xx_hal_cortex.o
 .text.__NVIC_GetPriorityGrouping
                0x080013dc       0x1c ./Drivers/STM32F4xx_HAL_Driver/Src/stm32f4xx_hal_cortex.o
 .text.__NVIC_EnableIRQ
                0x080013f8       0x3c ./Drivers/STM32F4xx_HAL_Driver/Src/stm32f4xx_hal_cortex.o
 .text.__NVIC_SetPriority
                0x08001434       0x54 ./Drivers/STM32F4xx_HAL_Driver/Src/stm32f4xx_hal_cortex.o
 .text.NVIC_EncodePriority
                0x08001488       0x66 ./Drivers/STM32F4xx_HAL_Driver/Src/stm32f4xx_hal_cortex.o
 .text.HAL_NVIC_SetPriorityGrouping
                0x080014ee       0x16 ./Drivers/STM32F4xx_HAL_Driver/Src/stm32f4xx_hal_cortex.o
                0x080014ee                HAL_NVIC_SetPriorityGrouping
 .text.HAL_NVIC_SetPriority
                0x08001504       0x38 ./Drivers/STM32F4xx_HAL_Driver/Src/stm32f4xx_hal_cortex.o
                0x08001504                HAL_NVIC_SetPriority
 .text.HAL_NVIC_EnableIRQ
                0x0800153c       0x1c ./Drivers/STM32F4xx_HAL_Driver/Src/stm32f4xx_hal_cortex.o
                0x0800153c                HAL_NVIC_EnableIRQ
 .text.HAL_GPIO_Init
                0x08001558      0x308 ./Drivers/STM32F4xx_HAL_Driver/Src/stm32f4xx_hal_gpio.o
                0x08001558                HAL_GPIO_Init
 .text.HAL_GPIO_ReadPin
                0x08001860       0x30 ./Drivers/STM32F4xx_HAL_Driver/Src/stm32f4xx_hal_gpio.o
                0x08001860                HAL_GPIO_ReadPin
 .text.HAL_I2C_Init
                0x08001890      0x288 ./Drivers/STM32F4xx_HAL_Driver/Src/stm32f4xx_hal_i2c.o
                0x08001890                HAL_I2C_Init
 .text.HAL_I2C_Master_Transmit
                0x08001b18      0x1fc ./Drivers/STM32F4xx_HAL_Driver/Src/stm32f4xx_hal_i2c.o
                0x08001b18                HAL_I2C_Master_Transmit
 .text.I2C_MasterRequestWrite
                0x08001d14      0x104 ./Drivers/STM32F4xx_HAL_Driver/Src/stm32f4xx_hal_i2c.o
 .text.I2C_WaitOnFlagUntilTimeout
                0x08001e18       0xf4 ./Drivers/STM32F4xx_HAL_Driver/Src/stm32f4xx_hal_i2c.o
 .text.I2C_WaitOnMasterAddressFlagUntilTimeout
                0x08001f0c      0x140 ./Drivers/STM32F4xx_HAL_Driver/Src/stm32f4xx_hal_i2c.o
 .text.I2C_WaitOnTXEFlagUntilTimeout
                0x0800204c       0x90 ./Drivers/STM32F4xx_HAL_Driver/Src/stm32f4xx_hal_i2c.o
 .text.I2C_WaitOnBTFFlagUntilTimeout
                0x080020dc       0x90 ./Drivers/STM32F4xx_HAL_Driver/Src/stm32f4xx_hal_i2c.o
 .text.I2C_IsAcknowledgeFailed
                0x0800216c       0x5e ./Drivers/STM32F4xx_HAL_Driver/Src/stm32f4xx_hal_i2c.o
 *fill*         0x080021ca        0x2 
 .text.HAL_RCC_OscConfig
                0x080021cc      0x4f0 ./Drivers/STM32F4xx_HAL_Driver/Src/stm32f4xx_hal_rcc.o
                0x080021cc                HAL_RCC_OscConfig
 .text.HAL_RCC_ClockConfig
                0x080026bc      0x1cc ./Drivers/STM32F4xx_HAL_Driver/Src/stm32f4xx_hal_rcc.o
                0x080026bc                HAL_RCC_ClockConfig
 .text.HAL_RCC_GetSysClockFreq
                0x08002888      0x188 ./Drivers/STM32F4xx_HAL_Driver/Src/stm32f4xx_hal_rcc.o
                0x08002888                HAL_RCC_GetSysClockFreq
 .text.HAL_RCC_GetHCLKFreq
                0x08002a10       0x18 ./Drivers/STM32F4xx_HAL_Driver/Src/stm32f4xx_hal_rcc.o
                0x08002a10                HAL_RCC_GetHCLKFreq
 .text.HAL_RCC_GetPCLK1Freq
                0x08002a28       0x28 ./Drivers/STM32F4xx_HAL_Driver/Src/stm32f4xx_hal_rcc.o
                0x08002a28                HAL_RCC_GetPCLK1Freq
 .text.HAL_RCC_GetPCLK2Freq
                0x08002a50       0x28 ./Drivers/STM32F4xx_HAL_Driver/Src/stm32f4xx_hal_rcc.o
                0x08002a50                HAL_RCC_GetPCLK2Freq
 .text.HAL_RCC_GetClockConfig
                0x08002a78       0x64 ./Drivers/STM32F4xx_HAL_Driver/Src/stm32f4xx_hal_rcc.o
                0x08002a78                HAL_RCC_GetClockConfig
 .text.HAL_TIM_Base_Init
                0x08002adc       0x9e ./Drivers/STM32F4xx_HAL_Driver/Src/stm32f4xx_hal_tim.o
                0x08002adc                HAL_TIM_Base_Init
 *fill*         0x08002b7a        0x2 
 .text.HAL_TIM_Base_Start_IT
                0x08002b7c       0xc4 ./Drivers/STM32F4xx_HAL_Driver/Src/stm32f4xx_hal_tim.o
                0x08002b7c                HAL_TIM_Base_Start_IT
 .text.HAL_TIM_PWM_Init
                0x08002c40       0x9e ./Drivers/STM32F4xx_HAL_Driver/Src/stm32f4xx_hal_tim.o
                0x08002c40                HAL_TIM_PWM_Init
 .text.HAL_TIM_PWM_MspInit
                0x08002cde       0x14 ./Drivers/STM32F4xx_HAL_Driver/Src/stm32f4xx_hal_tim.o
                0x08002cde                HAL_TIM_PWM_MspInit
 *fill*         0x08002cf2        0x2 
 .text.HAL_TIM_PWM_Start
                0x08002cf4      0x160 ./Drivers/STM32F4xx_HAL_Driver/Src/stm32f4xx_hal_tim.o
                0x08002cf4                HAL_TIM_PWM_Start
 .text.HAL_TIM_IRQHandler
                0x08002e54      0x1e0 ./Drivers/STM32F4xx_HAL_Driver/Src/stm32f4xx_hal_tim.o
                0x08002e54                HAL_TIM_IRQHandler
 .text.HAL_TIM_PWM_ConfigChannel
                0x08003034      0x184 ./Drivers/STM32F4xx_HAL_Driver/Src/stm32f4xx_hal_tim.o
                0x08003034                HAL_TIM_PWM_ConfigChannel
 .text.HAL_TIM_ConfigClockSource
                0x080031b8      0x18e ./Drivers/STM32F4xx_HAL_Driver/Src/stm32f4xx_hal_tim.o
                0x080031b8                HAL_TIM_ConfigClockSource
 .text.HAL_TIM_OC_DelayElapsedCallback
                0x08003346       0x14 ./Drivers/STM32F4xx_HAL_Driver/Src/stm32f4xx_hal_tim.o
                0x08003346                HAL_TIM_OC_DelayElapsedCallback
 .text.HAL_TIM_IC_CaptureCallback
                0x0800335a       0x14 ./Drivers/STM32F4xx_HAL_Driver/Src/stm32f4xx_hal_tim.o
                0x0800335a                HAL_TIM_IC_CaptureCallback
 .text.HAL_TIM_PWM_PulseFinishedCallback
                0x0800336e       0x14 ./Drivers/STM32F4xx_HAL_Driver/Src/stm32f4xx_hal_tim.o
                0x0800336e                HAL_TIM_PWM_PulseFinishedCallback
 .text.HAL_TIM_TriggerCallback
                0x08003382       0x14 ./Drivers/STM32F4xx_HAL_Driver/Src/stm32f4xx_hal_tim.o
                0x08003382                HAL_TIM_TriggerCallback
 *fill*         0x08003396        0x2 
 .text.TIM_Base_SetConfig
                0x08003398      0x10c ./Drivers/STM32F4xx_HAL_Driver/Src/stm32f4xx_hal_tim.o
                0x08003398                TIM_Base_SetConfig
 .text.TIM_OC1_SetConfig
                0x080034a4       0xcc ./Drivers/STM32F4xx_HAL_Driver/Src/stm32f4xx_hal_tim.o
 .text.TIM_OC2_SetConfig
                0x08003570       0xd8 ./Drivers/STM32F4xx_HAL_Driver/Src/stm32f4xx_hal_tim.o
                0x08003570                TIM_OC2_SetConfig
 .text.TIM_OC3_SetConfig
                0x08003648       0xd4 ./Drivers/STM32F4xx_HAL_Driver/Src/stm32f4xx_hal_tim.o
 .text.TIM_OC4_SetConfig
                0x0800371c       0xa0 ./Drivers/STM32F4xx_HAL_Driver/Src/stm32f4xx_hal_tim.o
 .text.TIM_TI1_ConfigInputStage
                0x080037bc       0x5e ./Drivers/STM32F4xx_HAL_Driver/Src/stm32f4xx_hal_tim.o
 .text.TIM_TI2_ConfigInputStage
                0x0800381a       0x60 ./Drivers/STM32F4xx_HAL_Driver/Src/stm32f4xx_hal_tim.o
 .text.TIM_ITRx_SetConfig
                0x0800387a       0x36 ./Drivers/STM32F4xx_HAL_Driver/Src/stm32f4xx_hal_tim.o
 .text.TIM_ETR_SetConfig
                0x080038b0       0x40 ./Drivers/STM32F4xx_HAL_Driver/Src/stm32f4xx_hal_tim.o
                0x080038b0                TIM_ETR_SetConfig
 .text.TIM_CCxChannelCmd
                0x080038f0       0x4a ./Drivers/STM32F4xx_HAL_Driver/Src/stm32f4xx_hal_tim.o
                0x080038f0                TIM_CCxChannelCmd
 *fill*         0x0800393a        0x2 
 .text.HAL_TIMEx_MasterConfigSynchronization
                0x0800393c       0xdc ./Drivers/STM32F4xx_HAL_Driver/Src/stm32f4xx_hal_tim_ex.o
                0x0800393c                HAL_TIMEx_MasterConfigSynchronization
 .text.HAL_TIMEx_CommutCallback
                0x08003a18       0x14 ./Drivers/STM32F4xx_HAL_Driver/Src/stm32f4xx_hal_tim_ex.o
                0x08003a18                HAL_TIMEx_CommutCallback
 .text.HAL_TIMEx_BreakCallback
                0x08003a2c       0x14 ./Drivers/STM32F4xx_HAL_Driver/Src/stm32f4xx_hal_tim_ex.o
                0x08003a2c                HAL_TIMEx_BreakCallback
 .text.HAL_UART_Init
                0x08003a40       0xa0 ./Drivers/STM32F4xx_HAL_Driver/Src/stm32f4xx_hal_uart.o
                0x08003a40                HAL_UART_Init
 .text.HAL_UART_Transmit
                0x08003ae0      0x116 ./Drivers/STM32F4xx_HAL_Driver/Src/stm32f4xx_hal_uart.o
                0x08003ae0                HAL_UART_Transmit
 .text.UART_WaitOnFlagUntilTimeout
                0x08003bf6       0xb2 ./Drivers/STM32F4xx_HAL_Driver/Src/stm32f4xx_hal_uart.o
 .text.UART_EndRxTransfer
                0x08003ca8       0xc6 ./Drivers/STM32F4xx_HAL_Driver/Src/stm32f4xx_hal_uart.o
 *fill*         0x08003d6e        0x2 
 .text.UART_SetConfig
                0x08003d70      0x4e8 ./Drivers/STM32F4xx_HAL_Driver/Src/stm32f4xx_hal_uart.o
 .text.__NVIC_SetPriority
                0x08004258       0x54 ./Middlewares/Third_Party/FreeRTOS/Source/CMSIS_RTOS_V2/cmsis_os2.o
 .text.SysTick_Handler
                0x080042ac       0x20 ./Middlewares/Third_Party/FreeRTOS/Source/CMSIS_RTOS_V2/cmsis_os2.o
                0x080042ac                SysTick_Handler
 .text.SVC_Setup
                0x080042cc       0x12 ./Middlewares/Third_Party/FreeRTOS/Source/CMSIS_RTOS_V2/cmsis_os2.o
 *fill*         0x080042de        0x2 
 .text.osKernelInitialize
                0x080042e0       0x48 ./Middlewares/Third_Party/FreeRTOS/Source/CMSIS_RTOS_V2/cmsis_os2.o
                0x080042e0                osKernelInitialize
 .text.osKernelGetState
                0x08004328       0x44 ./Middlewares/Third_Party/FreeRTOS/Source/CMSIS_RTOS_V2/cmsis_os2.o
                0x08004328                osKernelGetState
 .text.osKernelStart
                0x0800436c       0x4c ./Middlewares/Third_Party/FreeRTOS/Source/CMSIS_RTOS_V2/cmsis_os2.o
                0x0800436c                osKernelStart
 .text.osThreadNew
                0x080043b8      0x124 ./Middlewares/Third_Party/FreeRTOS/Source/CMSIS_RTOS_V2/cmsis_os2.o
                0x080043b8                osThreadNew
 .text.osDelay  0x080044dc       0x36 ./Middlewares/Third_Party/FreeRTOS/Source/CMSIS_RTOS_V2/cmsis_os2.o
                0x080044dc                osDelay
 .text.osMessageQueueNew
                0x08004512       0xe6 ./Middlewares/Third_Party/FreeRTOS/Source/CMSIS_RTOS_V2/cmsis_os2.o
                0x08004512                osMessageQueueNew
 .text.osMessageQueuePut
                0x080045f8       0xc0 ./Middlewares/Third_Party/FreeRTOS/Source/CMSIS_RTOS_V2/cmsis_os2.o
                0x080045f8                osMessageQueuePut
 .text.osMessageQueueGet
                0x080046b8       0xbc ./Middlewares/Third_Party/FreeRTOS/Source/CMSIS_RTOS_V2/cmsis_os2.o
                0x080046b8                osMessageQueueGet
 .text.vApplicationGetIdleTaskMemory
                0x08004774       0x34 ./Middlewares/Third_Party/FreeRTOS/Source/CMSIS_RTOS_V2/cmsis_os2.o
                0x08004774                vApplicationGetIdleTaskMemory
 .text.vApplicationGetTimerTaskMemory
                0x080047a8       0x34 ./Middlewares/Third_Party/FreeRTOS/Source/CMSIS_RTOS_V2/cmsis_os2.o
                0x080047a8                vApplicationGetTimerTaskMemory
 .text.vListInitialise
                0x080047dc       0x40 ./Middlewares/Third_Party/FreeRTOS/Source/list.o
                0x080047dc                vListInitialise
 .text.vListInitialiseItem
                0x0800481c       0x1a ./Middlewares/Third_Party/FreeRTOS/Source/list.o
                0x0800481c                vListInitialiseItem
 .text.vListInsertEnd
                0x08004836       0x48 ./Middlewares/Third_Party/FreeRTOS/Source/list.o
                0x08004836                vListInsertEnd
 .text.vListInsert
                0x0800487e       0x72 ./Middlewares/Third_Party/FreeRTOS/Source/list.o
                0x0800487e                vListInsert
 .text.uxListRemove
                0x080048f0       0x54 ./Middlewares/Third_Party/FreeRTOS/Source/list.o
                0x080048f0                uxListRemove
 .text.xQueueGenericReset
                0x08004944       0xd4 ./Middlewares/Third_Party/FreeRTOS/Source/queue.o
                0x08004944                xQueueGenericReset
 .text.xQueueGenericCreateStatic
                0x08004a18       0xfa ./Middlewares/Third_Party/FreeRTOS/Source/queue.o
                0x08004a18                xQueueGenericCreateStatic
 .text.xQueueGenericCreate
                0x08004b12       0x76 ./Middlewares/Third_Party/FreeRTOS/Source/queue.o
                0x08004b12                xQueueGenericCreate
 .text.prvInitialiseNewQueue
                0x08004b88       0x46 ./Middlewares/Third_Party/FreeRTOS/Source/queue.o
 *fill*         0x08004bce        0x2 
 .text.xQueueGenericSend
                0x08004bd0      0x204 ./Middlewares/Third_Party/FreeRTOS/Source/queue.o
                0x08004bd0                xQueueGenericSend
 .text.xQueueGenericSendFromISR
                0x08004dd4      0x13c ./Middlewares/Third_Party/FreeRTOS/Source/queue.o
                0x08004dd4                xQueueGenericSendFromISR
 .text.xQueueReceive
                0x08004f10      0x1c4 ./Middlewares/Third_Party/FreeRTOS/Source/queue.o
                0x08004f10                xQueueReceive
 .text.xQueueReceiveFromISR
                0x080050d4      0x104 ./Middlewares/Third_Party/FreeRTOS/Source/queue.o
                0x080050d4                xQueueReceiveFromISR
 .text.prvCopyDataToQueue
                0x080051d8       0xd4 ./Middlewares/Third_Party/FreeRTOS/Source/queue.o
 .text.prvCopyDataFromQueue
                0x080052ac       0x4c ./Middlewares/Third_Party/FreeRTOS/Source/queue.o
 .text.prvUnlockQueue
                0x080052f8       0xa4 ./Middlewares/Third_Party/FreeRTOS/Source/queue.o
 .text.prvIsQueueEmpty
                0x0800539c       0x2c ./Middlewares/Third_Party/FreeRTOS/Source/queue.o
 .text.prvIsQueueFull
                0x080053c8       0x30 ./Middlewares/Third_Party/FreeRTOS/Source/queue.o
 .text.vQueueAddToRegistry
                0x080053f8       0x54 ./Middlewares/Third_Party/FreeRTOS/Source/queue.o
                0x080053f8                vQueueAddToRegistry
 .text.vQueueWaitForMessageRestricted
                0x0800544c       0x68 ./Middlewares/Third_Party/FreeRTOS/Source/queue.o
                0x0800544c                vQueueWaitForMessageRestricted
 .text.xTaskCreateStatic
                0x080054b4       0xc0 ./Middlewares/Third_Party/FreeRTOS/Source/tasks.o
                0x080054b4                xTaskCreateStatic
 .text.xTaskCreate
                0x08005574       0x8a ./Middlewares/Third_Party/FreeRTOS/Source/tasks.o
                0x08005574                xTaskCreate
 .text.prvInitialiseNewTask
                0x080055fe      0x120 ./Middlewares/Third_Party/FreeRTOS/Source/tasks.o
 *fill*         0x0800571e        0x2 
 .text.prvAddNewTaskToReadyList
                0x08005720       0xe0 ./Middlewares/Third_Party/FreeRTOS/Source/tasks.o
 .text.vTaskDelay
                0x08005800       0x6c ./Middlewares/Third_Party/FreeRTOS/Source/tasks.o
                0x08005800                vTaskDelay
 .text.vTaskStartScheduler
                0x0800586c       0xd0 ./Middlewares/Third_Party/FreeRTOS/Source/tasks.o
                0x0800586c                vTaskStartScheduler
 .text.vTaskSuspendAll
                0x0800593c       0x1c ./Middlewares/Third_Party/FreeRTOS/Source/tasks.o
                0x0800593c                vTaskSuspendAll
 .text.xTaskResumeAll
                0x08005958      0x13c ./Middlewares/Third_Party/FreeRTOS/Source/tasks.o
                0x08005958                xTaskResumeAll
 .text.xTaskGetTickCount
                0x08005a94       0x20 ./Middlewares/Third_Party/FreeRTOS/Source/tasks.o
                0x08005a94                xTaskGetTickCount
 .text.xTaskIncrementTick
                0x08005ab4      0x174 ./Middlewares/Third_Party/FreeRTOS/Source/tasks.o
                0x08005ab4                xTaskIncrementTick
 .text.vTaskSwitchContext
                0x08005c28       0xbc ./Middlewares/Third_Party/FreeRTOS/Source/tasks.o
                0x08005c28                vTaskSwitchContext
 .text.vTaskPlaceOnEventList
                0x08005ce4       0x4c ./Middlewares/Third_Party/FreeRTOS/Source/tasks.o
                0x08005ce4                vTaskPlaceOnEventList
 .text.vTaskPlaceOnEventListRestricted
                0x08005d30       0x58 ./Middlewares/Third_Party/FreeRTOS/Source/tasks.o
                0x08005d30                vTaskPlaceOnEventListRestricted
 .text.xTaskRemoveFromEventList
                0x08005d88       0xc8 ./Middlewares/Third_Party/FreeRTOS/Source/tasks.o
                0x08005d88                xTaskRemoveFromEventList
 .text.vTaskInternalSetTimeOutState
                0x08005e50       0x2c ./Middlewares/Third_Party/FreeRTOS/Source/tasks.o
                0x08005e50                vTaskInternalSetTimeOutState
 .text.xTaskCheckForTimeOut
                0x08005e7c       0xc8 ./Middlewares/Third_Party/FreeRTOS/Source/tasks.o
                0x08005e7c                xTaskCheckForTimeOut
 .text.vTaskMissedYield
                0x08005f44       0x18 ./Middlewares/Third_Party/FreeRTOS/Source/tasks.o
                0x08005f44                vTaskMissedYield
 .text.prvIdleTask
                0x08005f5c       0x30 ./Middlewares/Third_Party/FreeRTOS/Source/tasks.o
 .text.prvInitialiseTaskLists
                0x08005f8c       0x80 ./Middlewares/Third_Party/FreeRTOS/Source/tasks.o
 .text.prvCheckTasksWaitingTermination
                0x0800600c       0x5c ./Middlewares/Third_Party/FreeRTOS/Source/tasks.o
 .text.prvDeleteTCB
                0x08006068       0x60 ./Middlewares/Third_Party/FreeRTOS/Source/tasks.o
 .text.prvResetNextTaskUnblockTime
                0x080060c8       0x40 ./Middlewares/Third_Party/FreeRTOS/Source/tasks.o
 .text.xTaskGetSchedulerState
                0x08006108       0x3c ./Middlewares/Third_Party/FreeRTOS/Source/tasks.o
                0x08006108                xTaskGetSchedulerState
 .text.xTaskPriorityDisinherit
                0x08006144       0xe0 ./Middlewares/Third_Party/FreeRTOS/Source/tasks.o
                0x08006144                xTaskPriorityDisinherit
 .text.prvAddCurrentTaskToDelayedList
                0x08006224       0xa8 ./Middlewares/Third_Party/FreeRTOS/Source/tasks.o
 .text.xTimerCreateTimerTask
                0x080062cc       0x94 ./Middlewares/Third_Party/FreeRTOS/Source/timers.o
                0x080062cc                xTimerCreateTimerTask
 .text.xTimerGenericCommand
                0x08006360       0x9c ./Middlewares/Third_Party/FreeRTOS/Source/timers.o
                0x08006360                xTimerGenericCommand
 .text.prvProcessExpiredTimer
                0x080063fc       0x9c ./Middlewares/Third_Party/FreeRTOS/Source/timers.o
 .text.prvTimerTask
                0x08006498       0x26 ./Middlewares/Third_Party/FreeRTOS/Source/timers.o
 *fill*         0x080064be        0x2 
 .text.prvProcessTimerOrBlockTask
                0x080064c0       0x9c ./Middlewares/Third_Party/FreeRTOS/Source/timers.o
 .text.prvGetNextExpireTime
                0x0800655c       0x48 ./Middlewares/Third_Party/FreeRTOS/Source/timers.o
 .text.prvSampleTimeNow
                0x080065a4       0x40 ./Middlewares/Third_Party/FreeRTOS/Source/timers.o
 .text.prvInsertTimerInActiveList
                0x080065e4       0x84 ./Middlewares/Third_Party/FreeRTOS/Source/timers.o
 .text.prvProcessReceivedCommands
                0x08006668      0x1cc ./Middlewares/Third_Party/FreeRTOS/Source/timers.o
 .text.prvSwitchTimerLists
                0x08006834       0xcc ./Middlewares/Third_Party/FreeRTOS/Source/timers.o
 .text.prvCheckForValidListAndQueue
                0x08006900       0x80 ./Middlewares/Third_Party/FreeRTOS/Source/timers.o
 .text.pxPortInitialiseStack
                0x08006980       0x68 ./Middlewares/Third_Party/FreeRTOS/Source/portable/GCC/ARM_CM4F/port.o
                0x08006980                pxPortInitialiseStack
 .text.prvTaskExitError
                0x080069e8       0x5c ./Middlewares/Third_Party/FreeRTOS/Source/portable/GCC/ARM_CM4F/port.o
 *fill*         0x08006a44        0xc 
 .text.SVC_Handler
                0x08006a50       0x28 ./Middlewares/Third_Party/FreeRTOS/Source/portable/GCC/ARM_CM4F/port.o
                0x08006a50                SVC_Handler
 .text.prvPortStartFirstTask
                0x08006a78       0x28 ./Middlewares/Third_Party/FreeRTOS/Source/portable/GCC/ARM_CM4F/port.o
 .text.xPortStartScheduler
                0x08006aa0      0x148 ./Middlewares/Third_Party/FreeRTOS/Source/portable/GCC/ARM_CM4F/port.o
                0x08006aa0                xPortStartScheduler
 .text.vPortEnterCritical
                0x08006be8       0x64 ./Middlewares/Third_Party/FreeRTOS/Source/portable/GCC/ARM_CM4F/port.o
                0x08006be8                vPortEnterCritical
 .text.vPortExitCritical
                0x08006c4c       0x54 ./Middlewares/Third_Party/FreeRTOS/Source/portable/GCC/ARM_CM4F/port.o
                0x08006c4c                vPortExitCritical
 .text.PendSV_Handler
                0x08006ca0       0x68 ./Middlewares/Third_Party/FreeRTOS/Source/portable/GCC/ARM_CM4F/port.o
                0x08006ca0                PendSV_Handler
 .text.xPortSysTickHandler
                0x08006d08       0x44 ./Middlewares/Third_Party/FreeRTOS/Source/portable/GCC/ARM_CM4F/port.o
                0x08006d08                xPortSysTickHandler
 .text.vPortSetupTimerInterrupt
                0x08006d4c       0x48 ./Middlewares/Third_Party/FreeRTOS/Source/portable/GCC/ARM_CM4F/port.o
                0x08006d4c                vPortSetupTimerInterrupt
 .text.vPortEnableVFP
                0x08006d94       0x14 ./Middlewares/Third_Party/FreeRTOS/Source/portable/GCC/ARM_CM4F/port.o
 .text.vPortValidateInterruptPriority
                0x08006da8       0x84 ./Middlewares/Third_Party/FreeRTOS/Source/portable/GCC/ARM_CM4F/port.o
                0x08006da8                vPortValidateInterruptPriority
 .text.pvPortMalloc
                0x08006e2c      0x19c ./Middlewares/Third_Party/FreeRTOS/Source/portable/MemMang/heap_4.o
                0x08006e2c                pvPortMalloc
 .text.vPortFree
                0x08006fc8       0xc8 ./Middlewares/Third_Party/FreeRTOS/Source/portable/MemMang/heap_4.o
                0x08006fc8                vPortFree
 .text.prvHeapInit
                0x08007090       0xc4 ./Middlewares/Third_Party/FreeRTOS/Source/portable/MemMang/heap_4.o
 .text.prvInsertBlockIntoFreeList
                0x08007154       0xb4 ./Middlewares/Third_Party/FreeRTOS/Source/portable/MemMang/heap_4.o
 .text.memset   0x08007208       0x10 C:/ST/STM32CubeIDE_2.2.0/STM32CubeIDE/plugins/com.st.stm32cube.ide.mcu.externaltools.gnu-tools-for-stm32.14.3.rel1.win32_1.0.100.202602081740/tools/bin/../lib/gcc/arm-none-eabi/14.3.1/../../../../arm-none-eabi/lib/thumb/v7e-m+fp/hard\libc_nano.a(libc_a-memset.o)
                0x08007208                memset
 .text.__libc_init_array
                0x08007218       0x48 C:/ST/STM32CubeIDE_2.2.0/STM32CubeIDE/plugins/com.st.stm32cube.ide.mcu.externaltools.gnu-tools-for-stm32.14.3.rel1.win32_1.0.100.202602081740/tools/bin/../lib/gcc/arm-none-eabi/14.3.1/../../../../arm-none-eabi/lib/thumb/v7e-m+fp/hard\libc_nano.a(libc_a-init.o)
                0x08007218                __libc_init_array
 .text.memcpy   0x08007260       0x1c C:/ST/STM32CubeIDE_2.2.0/STM32CubeIDE/plugins/com.st.stm32cube.ide.mcu.externaltools.gnu-tools-for-stm32.14.3.rel1.win32_1.0.100.202602081740/tools/bin/../lib/gcc/arm-none-eabi/14.3.1/../../../../arm-none-eabi/lib/thumb/v7e-m+fp/hard\libc_nano.a(libc_a-memcpy-stub.o)
                0x08007260                memcpy
 *(.glue_7)
 .glue_7        0x0800727c        0x0 linker stubs
 *(.glue_7t)
 .glue_7t       0x0800727c        0x0 linker stubs
 *(.eh_frame)
 .eh_frame      0x0800727c        0x0 C:/ST/STM32CubeIDE_2.2.0/STM32CubeIDE/plugins/com.st.stm32cube.ide.mcu.externaltools.gnu-tools-for-stm32.14.3.rel1.win32_1.0.100.202602081740/tools/bin/../lib/gcc/arm-none-eabi/14.3.1/thumb/v7e-m+fp/hard/crtbegin.o
 *(.init)
 .init          0x0800727c        0x4 C:/ST/STM32CubeIDE_2.2.0/STM32CubeIDE/plugins/com.st.stm32cube.ide.mcu.externaltools.gnu-tools-for-stm32.14.3.rel1.win32_1.0.100.202602081740/tools/bin/../lib/gcc/arm-none-eabi/14.3.1/thumb/v7e-m+fp/hard/crti.o
                0x0800727c                _init
 .init          0x08007280        0x8 C:/ST/STM32CubeIDE_2.2.0/STM32CubeIDE/plugins/com.st.stm32cube.ide.mcu.externaltools.gnu-tools-for-stm32.14.3.rel1.win32_1.0.100.202602081740/tools/bin/../lib/gcc/arm-none-eabi/14.3.1/thumb/v7e-m+fp/hard/crtn.o
 *(.fini)
 .fini          0x08007288        0x4 C:/ST/STM32CubeIDE_2.2.0/STM32CubeIDE/plugins/com.st.stm32cube.ide.mcu.externaltools.gnu-tools-for-stm32.14.3.rel1.win32_1.0.100.202602081740/tools/bin/../lib/gcc/arm-none-eabi/14.3.1/thumb/v7e-m+fp/hard/crti.o
                0x08007288                _fini
 .fini          0x0800728c        0x8 C:/ST/STM32CubeIDE_2.2.0/STM32CubeIDE/plugins/com.st.stm32cube.ide.mcu.externaltools.gnu-tools-for-stm32.14.3.rel1.win32_1.0.100.202602081740/tools/bin/../lib/gcc/arm-none-eabi/14.3.1/thumb/v7e-m+fp/hard/crtn.o
                0x08007294                        . = ALIGN (0x4)
                0x08007294                        _etext = .

.vfp11_veneer   0x08007294        0x0
 .vfp11_veneer  0x08007294        0x0 linker stubs

.v4_bx          0x08007294        0x0
 .v4_bx         0x08007294        0x0 linker stubs

.iplt           0x08007294        0x0
 .iplt          0x08007294        0x0 C:/ST/STM32CubeIDE_2.2.0/STM32CubeIDE/plugins/com.st.stm32cube.ide.mcu.externaltools.gnu-tools-for-stm32.14.3.rel1.win32_1.0.100.202602081740/tools/bin/../lib/gcc/arm-none-eabi/14.3.1/thumb/v7e-m+fp/hard/crtbegin.o

.rodata         0x08007294      0x214
                0x08007294                        . = ALIGN (0x4)
 *(.rodata)
 .rodata        0x08007294       0x45 ./Core/Src/lcd.o
 *fill*         0x080072d9        0x3 
 .rodata        0x080072dc      0x12f ./Core/Src/main.o
 *fill*         0x0800740b        0x1 
 .rodata        0x0800740c        0x5 ./Middlewares/Third_Party/FreeRTOS/Source/tasks.o
 *fill*         0x08007411        0x3 
 .rodata        0x08007414        0xd ./Middlewares/Third_Party/FreeRTOS/Source/timers.o
 *(.rodata*)
 *fill*         0x08007421        0x3 
 .rodata.SensorTask_attributes
                0x08007424       0x24 ./Core/Src/main.o
                0x08007424                SensorTask_attributes
 .rodata.ControlTask_attributes
                0x08007448       0x24 ./Core/Src/main.o
                0x08007448                ControlTask_attributes
 .rodata.DisplayTask_attributes
                0x0800746c       0x24 ./Core/Src/main.o
                0x0800746c                DisplayTask_attributes
 .rodata.AHBPrescTable
                0x08007490       0x10 ./Core/Src/system_stm32f4xx.o
                0x08007490                AHBPrescTable
 .rodata.APBPrescTable
                0x080074a0        0x8 ./Core/Src/system_stm32f4xx.o
                0x080074a0                APBPrescTable
                0x080074a8                        . = ALIGN (0x4)

.ARM.extab      0x080074a8        0x0
                0x080074a8                        . = ALIGN (0x4)
 *(.ARM.extab* .gnu.linkonce.armextab.*)
                0x080074a8                        . = ALIGN (0x4)

.ARM            0x080074a8        0x8
                0x080074a8                        . = ALIGN (0x4)
                0x080074a8                        __exidx_start = .
 *(.ARM.exidx*)
 .ARM.exidx     0x080074a8        0x8 C:/ST/STM32CubeIDE_2.2.0/STM32CubeIDE/plugins/com.st.stm32cube.ide.mcu.externaltools.gnu-tools-for-stm32.14.3.rel1.win32_1.0.100.202602081740/tools/bin/../lib/gcc/arm-none-eabi/14.3.1/../../../../arm-none-eabi/lib/thumb/v7e-m+fp/hard\libc_nano.a(libc_a-strlen.o)
 .ARM.exidx     0x080074b0        0x0 C:/ST/STM32CubeIDE_2.2.0/STM32CubeIDE/plugins/com.st.stm32cube.ide.mcu.externaltools.gnu-tools-for-stm32.14.3.rel1.win32_1.0.100.202602081740/tools/bin/../lib/gcc/arm-none-eabi/14.3.1/thumb/v7e-m+fp/hard\libgcc.a(_udivmoddi4.o)
                                  0x8 (size before relaxing)
                0x080074b0                        __exidx_end = .
                0x080074b0                        . = ALIGN (0x4)

.preinit_array  0x080074b0        0x0
                0x080074b0                        . = ALIGN (0x4)
                0x080074b0                        PROVIDE (__preinit_array_start = .)
 *(.preinit_array*)
                0x080074b0                        PROVIDE (__preinit_array_end = .)
                0x080074b0                        . = ALIGN (0x4)

.init_array     0x080074b0        0x4
                0x080074b0                        . = ALIGN (0x4)
                0x080074b0                        PROVIDE (__init_array_start = .)
 *(SORT_BY_NAME(.init_array.*))
 *(.init_array*)
 .init_array    0x080074b0        0x4 C:/ST/STM32CubeIDE_2.2.0/STM32CubeIDE/plugins/com.st.stm32cube.ide.mcu.externaltools.gnu-tools-for-stm32.14.3.rel1.win32_1.0.100.202602081740/tools/bin/../lib/gcc/arm-none-eabi/14.3.1/thumb/v7e-m+fp/hard/crtbegin.o
                0x080074b4                        PROVIDE (__init_array_end = .)
                0x080074b4                        . = ALIGN (0x4)

.fini_array     0x080074b4        0x4
                0x080074b4                        . = ALIGN (0x4)
                [!provide]                        PROVIDE (__fini_array_start = .)
 *(SORT_BY_NAME(.fini_array.*))
 *(.fini_array*)
 .fini_array    0x080074b4        0x4 C:/ST/STM32CubeIDE_2.2.0/STM32CubeIDE/plugins/com.st.stm32cube.ide.mcu.externaltools.gnu-tools-for-stm32.14.3.rel1.win32_1.0.100.202602081740/tools/bin/../lib/gcc/arm-none-eabi/14.3.1/thumb/v7e-m+fp/hard/crtbegin.o
                [!provide]                        PROVIDE (__fini_array_end = .)
                0x080074b8                        . = ALIGN (0x4)
                0x080074b8                        _sidata = LOADADDR (.data)

.rel.dyn        0x080074b8        0x0
 .rel.iplt      0x080074b8        0x0 C:/ST/STM32CubeIDE_2.2.0/STM32CubeIDE/plugins/com.st.stm32cube.ide.mcu.externaltools.gnu-tools-for-stm32.14.3.rel1.win32_1.0.100.202602081740/tools/bin/../lib/gcc/arm-none-eabi/14.3.1/thumb/v7e-m+fp/hard/crtbegin.o

.data           0x20000000       0x10 load address 0x080074b8
                0x20000000                        . = ALIGN (0x4)
                0x20000000                        _sdata = .
 *(.data)
 *(.data*)
 .data.SystemCoreClock
                0x20000000        0x4 ./Core/Src/system_stm32f4xx.o
                0x20000000                SystemCoreClock
 .data.uwTickPrio
                0x20000004        0x4 ./Drivers/STM32F4xx_HAL_Driver/Src/stm32f4xx_hal.o
                0x20000004                uwTickPrio
 .data.uwTickFreq
                0x20000008        0x1 ./Drivers/STM32F4xx_HAL_Driver/Src/stm32f4xx_hal.o
                0x20000008                uwTickFreq
 *fill*         0x20000009        0x3 
 .data.uxCriticalNesting
                0x2000000c        0x4 ./Middlewares/Third_Party/FreeRTOS/Source/portable/GCC/ARM_CM4F/port.o
 *(.RamFunc)
 *(.RamFunc*)
                0x20000010                        . = ALIGN (0x4)
                0x20000010                        _edata = .

.igot.plt       0x20000010        0x0 load address 0x080074c8
 .igot.plt      0x20000010        0x0 C:/ST/STM32CubeIDE_2.2.0/STM32CubeIDE/plugins/com.st.stm32cube.ide.mcu.externaltools.gnu-tools-for-stm32.14.3.rel1.win32_1.0.100.202602081740/tools/bin/../lib/gcc/arm-none-eabi/14.3.1/thumb/v7e-m+fp/hard/crtbegin.o
                0x20000010                        . = ALIGN (0x4)

.bss            0x20000010     0x4ab0 load address 0x080074c8
                0x20000010                        _sbss = .
                0x20000010                        __bss_start__ = _sbss
 *(.bss)
 .bss           0x20000010       0x1c C:/ST/STM32CubeIDE_2.2.0/STM32CubeIDE/plugins/com.st.stm32cube.ide.mcu.externaltools.gnu-tools-for-stm32.14.3.rel1.win32_1.0.100.202602081740/tools/bin/../lib/gcc/arm-none-eabi/14.3.1/thumb/v7e-m+fp/hard/crtbegin.o
 *(.bss*)
 .bss.hi2c1     0x2000002c       0x54 ./Core/Src/main.o
                0x2000002c                hi2c1
 .bss.htim4     0x20000080       0x48 ./Core/Src/main.o
                0x20000080                htim4
 .bss.huart2    0x200000c8       0x48 ./Core/Src/main.o
                0x200000c8                huart2
 .bss.SensorTaskHandle
                0x20000110        0x4 ./Core/Src/main.o
                0x20000110                SensorTaskHandle
 .bss.ControlTaskHandle
                0x20000114        0x4 ./Core/Src/main.o
                0x20000114                ControlTaskHandle
 .bss.DisplayTaskHandle
                0x20000118        0x4 ./Core/Src/main.o
                0x20000118                DisplayTaskHandle
 .bss.sensorQueueHandle
                0x2000011c        0x4 ./Core/Src/main.o
                0x2000011c                sensorQueueHandle
 .bss.displayQueueHandle
                0x20000120        0x4 ./Core/Src/main.o
                0x20000120                displayQueueHandle
 .bss.htim5     0x20000124       0x48 ./Core/Src/stm32f4xx_hal_timebase_tim.o
                0x20000124                htim5
 .bss.uwTick    0x2000016c        0x4 ./Drivers/STM32F4xx_HAL_Driver/Src/stm32f4xx_hal.o
                0x2000016c                uwTick
 .bss.KernelState
                0x20000170        0x4 ./Middlewares/Third_Party/FreeRTOS/Source/CMSIS_RTOS_V2/cmsis_os2.o
 .bss.Idle_TCB.3
                0x20000174       0x5c ./Middlewares/Third_Party/FreeRTOS/Source/CMSIS_RTOS_V2/cmsis_os2.o
 .bss.Idle_Stack.2
                0x200001d0      0x200 ./Middlewares/Third_Party/FreeRTOS/Source/CMSIS_RTOS_V2/cmsis_os2.o
 .bss.Timer_TCB.1
                0x200003d0       0x5c ./Middlewares/Third_Party/FreeRTOS/Source/CMSIS_RTOS_V2/cmsis_os2.o
 .bss.Timer_Stack.0
                0x2000042c      0x400 ./Middlewares/Third_Party/FreeRTOS/Source/CMSIS_RTOS_V2/cmsis_os2.o
 .bss.xQueueRegistry
                0x2000082c       0x40 ./Middlewares/Third_Party/FreeRTOS/Source/queue.o
                0x2000082c                xQueueRegistry
 .bss.pxCurrentTCB
                0x2000086c        0x4 ./Middlewares/Third_Party/FreeRTOS/Source/tasks.o
                0x2000086c                pxCurrentTCB
 .bss.pxReadyTasksLists
                0x20000870      0x460 ./Middlewares/Third_Party/FreeRTOS/Source/tasks.o
 .bss.xDelayedTaskList1
                0x20000cd0       0x14 ./Middlewares/Third_Party/FreeRTOS/Source/tasks.o
 .bss.xDelayedTaskList2
                0x20000ce4       0x14 ./Middlewares/Third_Party/FreeRTOS/Source/tasks.o
 .bss.pxDelayedTaskList
                0x20000cf8        0x4 ./Middlewares/Third_Party/FreeRTOS/Source/tasks.o
 .bss.pxOverflowDelayedTaskList
                0x20000cfc        0x4 ./Middlewares/Third_Party/FreeRTOS/Source/tasks.o
 .bss.xPendingReadyList
                0x20000d00       0x14 ./Middlewares/Third_Party/FreeRTOS/Source/tasks.o
 .bss.xTasksWaitingTermination
                0x20000d14       0x14 ./Middlewares/Third_Party/FreeRTOS/Source/tasks.o
 .bss.uxDeletedTasksWaitingCleanUp
                0x20000d28        0x4 ./Middlewares/Third_Party/FreeRTOS/Source/tasks.o
 .bss.xSuspendedTaskList
                0x20000d2c       0x14 ./Middlewares/Third_Party/FreeRTOS/Source/tasks.o
 .bss.uxCurrentNumberOfTasks
                0x20000d40        0x4 ./Middlewares/Third_Party/FreeRTOS/Source/tasks.o
 .bss.xTickCount
                0x20000d44        0x4 ./Middlewares/Third_Party/FreeRTOS/Source/tasks.o
 .bss.uxTopReadyPriority
                0x20000d48        0x4 ./Middlewares/Third_Party/FreeRTOS/Source/tasks.o
 .bss.xSchedulerRunning
                0x20000d4c        0x4 ./Middlewares/Third_Party/FreeRTOS/Source/tasks.o
 .bss.xPendedTicks
                0x20000d50        0x4 ./Middlewares/Third_Party/FreeRTOS/Source/tasks.o
 .bss.xYieldPending
                0x20000d54        0x4 ./Middlewares/Third_Party/FreeRTOS/Source/tasks.o
 .bss.xNumOfOverflows
                0x20000d58        0x4 ./Middlewares/Third_Party/FreeRTOS/Source/tasks.o
 .bss.uxTaskNumber
                0x20000d5c        0x4 ./Middlewares/Third_Party/FreeRTOS/Source/tasks.o
 .bss.xNextTaskUnblockTime
                0x20000d60        0x4 ./Middlewares/Third_Party/FreeRTOS/Source/tasks.o
 .bss.xIdleTaskHandle
                0x20000d64        0x4 ./Middlewares/Third_Party/FreeRTOS/Source/tasks.o
 .bss.uxSchedulerSuspended
                0x20000d68        0x4 ./Middlewares/Third_Party/FreeRTOS/Source/tasks.o
 .bss.xActiveTimerList1
                0x20000d6c       0x14 ./Middlewares/Third_Party/FreeRTOS/Source/timers.o
 .bss.xActiveTimerList2
                0x20000d80       0x14 ./Middlewares/Third_Party/FreeRTOS/Source/timers.o
 .bss.pxCurrentTimerList
                0x20000d94        0x4 ./Middlewares/Third_Party/FreeRTOS/Source/timers.o
 .bss.pxOverflowTimerList
                0x20000d98        0x4 ./Middlewares/Third_Party/FreeRTOS/Source/timers.o
 .bss.xTimerQueue
                0x20000d9c        0x4 ./Middlewares/Third_Party/FreeRTOS/Source/timers.o
 .bss.xTimerTaskHandle
                0x20000da0        0x4 ./Middlewares/Third_Party/FreeRTOS/Source/timers.o
 .bss.xLastTime.2
                0x20000da4        0x4 ./Middlewares/Third_Party/FreeRTOS/Source/timers.o
 .bss.ucStaticTimerQueueStorage.1
                0x20000da8       0xa0 ./Middlewares/Third_Party/FreeRTOS/Source/timers.o
 .bss.xStaticTimerQueue.0
                0x20000e48       0x50 ./Middlewares/Third_Party/FreeRTOS/Source/timers.o
 .bss.ucMaxSysCallPriority
                0x20000e98        0x1 ./Middlewares/Third_Party/FreeRTOS/Source/portable/GCC/ARM_CM4F/port.o
 *fill*         0x20000e99        0x3 
 .bss.ulMaxPRIGROUPValue
                0x20000e9c        0x4 ./Middlewares/Third_Party/FreeRTOS/Source/portable/GCC/ARM_CM4F/port.o
 .bss.ucHeap    0x20000ea0     0x3c00 ./Middlewares/Third_Party/FreeRTOS/Source/portable/MemMang/heap_4.o
 .bss.xStart    0x20004aa0        0x8 ./Middlewares/Third_Party/FreeRTOS/Source/portable/MemMang/heap_4.o
 .bss.pxEnd     0x20004aa8        0x4 ./Middlewares/Third_Party/FreeRTOS/Source/portable/MemMang/heap_4.o
 .bss.xFreeBytesRemaining
                0x20004aac        0x4 ./Middlewares/Third_Party/FreeRTOS/Source/portable/MemMang/heap_4.o
 .bss.xMinimumEverFreeBytesRemaining
                0x20004ab0        0x4 ./Middlewares/Third_Party/FreeRTOS/Source/portable/MemMang/heap_4.o
 .bss.xNumberOfSuccessfulAllocations
                0x20004ab4        0x4 ./Middlewares/Third_Party/FreeRTOS/Source/portable/MemMang/heap_4.o
 .bss.xNumberOfSuccessfulFrees
                0x20004ab8        0x4 ./Middlewares/Third_Party/FreeRTOS/Source/portable/MemMang/heap_4.o
 .bss.xBlockAllocatedBit
                0x20004abc        0x4 ./Middlewares/Third_Party/FreeRTOS/Source/portable/MemMang/heap_4.o
 *(COMMON)
                0x20004ac0                        . = ALIGN (0x4)
                0x20004ac0                        _ebss = .
                0x20004ac0                        __bss_end__ = _ebss

._user_heap_stack
                0x20004ac0      0x600 load address 0x080074c8
                0x20004ac0                        . = ALIGN (0x8)
                [!provide]                        PROVIDE (end = .)
                0x20004ac0                        PROVIDE (_end = .)
                0x20004cc0                        . = (. + _Min_Heap_Size)
 *fill*         0x20004ac0      0x200 
                0x200050c0                        . = (. + _Min_Stack_Size)
 *fill*         0x20004cc0      0x400 
                0x200050c0                        . = ALIGN (0x8)

/DISCARD/
 libc.a(*)
 libm.a(*)
 libgcc.a(*)

.ARM.attributes
                0x00000000       0x30
 *(.ARM.attributes)
 .ARM.attributes
                0x00000000       0x22 C:/ST/STM32CubeIDE_2.2.0/STM32CubeIDE/plugins/com.st.stm32cube.ide.mcu.externaltools.gnu-tools-for-stm32.14.3.rel1.win32_1.0.100.202602081740/tools/bin/../lib/gcc/arm-none-eabi/14.3.1/thumb/v7e-m+fp/hard/crti.o
 .ARM.attributes
                0x00000022       0x34 C:/ST/STM32CubeIDE_2.2.0/STM32CubeIDE/plugins/com.st.stm32cube.ide.mcu.externaltools.gnu-tools-for-stm32.14.3.rel1.win32_1.0.100.202602081740/tools/bin/../lib/gcc/arm-none-eabi/14.3.1/thumb/v7e-m+fp/hard/crtbegin.o
 .ARM.attributes
                0x00000056       0x34 ./Core/Src/button.o
 .ARM.attributes
                0x0000008a       0x34 ./Core/Src/lcd.o
 .ARM.attributes
                0x000000be       0x34 ./Core/Src/main.o
 .ARM.attributes
                0x000000f2       0x34 ./Core/Src/sensor.o
 .ARM.attributes
                0x00000126       0x34 ./Core/Src/servo.o
 .ARM.attributes
                0x0000015a       0x34 ./Core/Src/stm32f4xx_hal_msp.o
 .ARM.attributes
                0x0000018e       0x34 ./Core/Src/stm32f4xx_hal_timebase_tim.o
 .ARM.attributes
                0x000001c2       0x34 ./Core/Src/stm32f4xx_it.o
 .ARM.attributes
                0x000001f6       0x34 ./Core/Src/system_stm32f4xx.o
 .ARM.attributes
                0x0000022a       0x34 ./Core/Src/uart.o
 .ARM.attributes
                0x0000025e       0x21 ./Core/Startup/startup_stm32f411ceux.o
 .ARM.attributes
                0x0000027f       0x34 ./Drivers/STM32F4xx_HAL_Driver/Src/stm32f4xx_hal.o
 .ARM.attributes
                0x000002b3       0x34 ./Drivers/STM32F4xx_HAL_Driver/Src/stm32f4xx_hal_cortex.o
 .ARM.attributes
                0x000002e7       0x34 ./Drivers/STM32F4xx_HAL_Driver/Src/stm32f4xx_hal_gpio.o
 .ARM.attributes
                0x0000031b       0x34 ./Drivers/STM32F4xx_HAL_Driver/Src/stm32f4xx_hal_i2c.o
 .ARM.attributes
                0x0000034f       0x34 ./Drivers/STM32F4xx_HAL_Driver/Src/stm32f4xx_hal_rcc.o
 .ARM.attributes
                0x00000383       0x34 ./Drivers/STM32F4xx_HAL_Driver/Src/stm32f4xx_hal_tim.o
 .ARM.attributes
                0x000003b7       0x34 ./Drivers/STM32F4xx_HAL_Driver/Src/stm32f4xx_hal_tim_ex.o
 .ARM.attributes
                0x000003eb       0x34 ./Drivers/STM32F4xx_HAL_Driver/Src/stm32f4xx_hal_uart.o
 .ARM.attributes
                0x0000041f       0x34 ./Middlewares/Third_Party/FreeRTOS/Source/CMSIS_RTOS_V2/cmsis_os2.o
 .ARM.attributes
                0x00000453       0x34 ./Middlewares/Third_Party/FreeRTOS/Source/list.o
 .ARM.attributes
                0x00000487       0x34 ./Middlewares/Third_Party/FreeRTOS/Source/queue.o
 .ARM.attributes
                0x000004bb       0x34 ./Middlewares/Third_Party/FreeRTOS/Source/tasks.o
 .ARM.attributes
                0x000004ef       0x34 ./Middlewares/Third_Party/FreeRTOS/Source/timers.o
 .ARM.attributes
                0x00000523       0x34 ./Middlewares/Third_Party/FreeRTOS/Source/portable/GCC/ARM_CM4F/port.o
 .ARM.attributes
                0x00000557       0x34 ./Middlewares/Third_Party/FreeRTOS/Source/portable/MemMang/heap_4.o
 .ARM.attributes
                0x0000058b       0x34 C:/ST/STM32CubeIDE_2.2.0/STM32CubeIDE/plugins/com.st.stm32cube.ide.mcu.externaltools.gnu-tools-for-stm32.14.3.rel1.win32_1.0.100.202602081740/tools/bin/../lib/gcc/arm-none-eabi/14.3.1/../../../../arm-none-eabi/lib/thumb/v7e-m+fp/hard\libc_nano.a(libc_a-memset.o)
 .ARM.attributes
                0x000005bf       0x34 C:/ST/STM32CubeIDE_2.2.0/STM32CubeIDE/plugins/com.st.stm32cube.ide.mcu.externaltools.gnu-tools-for-stm32.14.3.rel1.win32_1.0.100.202602081740/tools/bin/../lib/gcc/arm-none-eabi/14.3.1/../../../../arm-none-eabi/lib/thumb/v7e-m+fp/hard\libc_nano.a(libc_a-init.o)
 .ARM.attributes
                0x000005f3       0x34 C:/ST/STM32CubeIDE_2.2.0/STM32CubeIDE/plugins/com.st.stm32cube.ide.mcu.externaltools.gnu-tools-for-stm32.14.3.rel1.win32_1.0.100.202602081740/tools/bin/../lib/gcc/arm-none-eabi/14.3.1/../../../../arm-none-eabi/lib/thumb/v7e-m+fp/hard\libc_nano.a(libc_a-memcpy-stub.o)
 .ARM.attributes
                0x00000627       0x17 C:/ST/STM32CubeIDE_2.2.0/STM32CubeIDE/plugins/com.st.stm32cube.ide.mcu.externaltools.gnu-tools-for-stm32.14.3.rel1.win32_1.0.100.202602081740/tools/bin/../lib/gcc/arm-none-eabi/14.3.1/../../../../arm-none-eabi/lib/thumb/v7e-m+fp/hard\libc_nano.a(libc_a-strlen.o)
 .ARM.attributes
                0x0000063e       0x22 C:/ST/STM32CubeIDE_2.2.0/STM32CubeIDE/plugins/com.st.stm32cube.ide.mcu.externaltools.gnu-tools-for-stm32.14.3.rel1.win32_1.0.100.202602081740/tools/bin/../lib/gcc/arm-none-eabi/14.3.1/thumb/v7e-m+fp/hard\libgcc.a(_aeabi_uldivmod.o)
 .ARM.attributes
                0x00000660       0x34 C:/ST/STM32CubeIDE_2.2.0/STM32CubeIDE/plugins/com.st.stm32cube.ide.mcu.externaltools.gnu-tools-for-stm32.14.3.rel1.win32_1.0.100.202602081740/tools/bin/../lib/gcc/arm-none-eabi/14.3.1/thumb/v7e-m+fp/hard\libgcc.a(_udivmoddi4.o)
 .ARM.attributes
                0x00000694       0x22 C:/ST/STM32CubeIDE_2.2.0/STM32CubeIDE/plugins/com.st.stm32cube.ide.mcu.externaltools.gnu-tools-for-stm32.14.3.rel1.win32_1.0.100.202602081740/tools/bin/../lib/gcc/arm-none-eabi/14.3.1/thumb/v7e-m+fp/hard\libgcc.a(_dvmd_tls.o)
 .ARM.attributes
                0x000006b6       0x22 C:/ST/STM32CubeIDE_2.2.0/STM32CubeIDE/plugins/com.st.stm32cube.ide.mcu.externaltools.gnu-tools-for-stm32.14.3.rel1.win32_1.0.100.202602081740/tools/bin/../lib/gcc/arm-none-eabi/14.3.1/thumb/v7e-m+fp/hard/crtn.o
OUTPUT(smart_drying_rack_f411_i2c.elf elf32-littlearm)
LOAD linker stubs
LOAD C:/ST/STM32CubeIDE_2.2.0/STM32CubeIDE/plugins/com.st.stm32cube.ide.mcu.externaltools.gnu-tools-for-stm32.14.3.rel1.win32_1.0.100.202602081740/tools/bin/../lib/gcc/arm-none-eabi/14.3.1/../../../../arm-none-eabi/lib/thumb/v7e-m+fp/hard\libc.a
LOAD C:/ST/STM32CubeIDE_2.2.0/STM32CubeIDE/plugins/com.st.stm32cube.ide.mcu.externaltools.gnu-tools-for-stm32.14.3.rel1.win32_1.0.100.202602081740/tools/bin/../lib/gcc/arm-none-eabi/14.3.1/../../../../arm-none-eabi/lib/thumb/v7e-m+fp/hard\libm.a
LOAD C:/ST/STM32CubeIDE_2.2.0/STM32CubeIDE/plugins/com.st.stm32cube.ide.mcu.externaltools.gnu-tools-for-stm32.14.3.rel1.win32_1.0.100.202602081740/tools/bin/../lib/gcc/arm-none-eabi/14.3.1/thumb/v7e-m+fp/hard\libgcc.a

.debug_info     0x00000000    0x1ad1d
 .debug_info    0x00000000      0x1e2 ./Core/Src/button.o
 .debug_info    0x000001e2      0x853 ./Core/Src/lcd.o
 .debug_info    0x00000a35     0x1acf ./Core/Src/main.o
 .debug_info    0x00002504      0x1ce ./Core/Src/sensor.o
 .debug_info    0x000026d2      0x69d ./Core/Src/servo.o
 .debug_info    0x00002d6f     0x121a ./Core/Src/stm32f4xx_hal_msp.o
 .debug_info    0x00003f89      0xb83 ./Core/Src/stm32f4xx_hal_timebase_tim.o
 .debug_info    0x00004b0c      0x6a4 ./Core/Src/stm32f4xx_it.o
 .debug_info    0x000051b0      0x53e ./Core/Src/system_stm32f4xx.o
 .debug_info    0x000056ee      0x630 ./Core/Src/uart.o
 .debug_info    0x00005d1e       0x30 ./Core/Startup/startup_stm32f411ceux.o
 .debug_info    0x00005d4e      0x8c4 ./Drivers/STM32F4xx_HAL_Driver/Src/stm32f4xx_hal.o
 .debug_info    0x00006612      0xcfc ./Drivers/STM32F4xx_HAL_Driver/Src/stm32f4xx_hal_cortex.o
 .debug_info    0x0000730e      0x6f9 ./Drivers/STM32F4xx_HAL_Driver/Src/stm32f4xx_hal_gpio.o
 .debug_info    0x00007a07     0x2426 ./Drivers/STM32F4xx_HAL_Driver/Src/stm32f4xx_hal_i2c.o
 .debug_info    0x00009e2d      0x904 ./Drivers/STM32F4xx_HAL_Driver/Src/stm32f4xx_hal_rcc.o
 .debug_info    0x0000a731     0x2996 ./Drivers/STM32F4xx_HAL_Driver/Src/stm32f4xx_hal_tim.o
 .debug_info    0x0000d0c7     0x14d4 ./Drivers/STM32F4xx_HAL_Driver/Src/stm32f4xx_hal_tim_ex.o
 .debug_info    0x0000e59b     0x2f56 ./Drivers/STM32F4xx_HAL_Driver/Src/stm32f4xx_hal_uart.o
 .debug_info    0x000114f1     0x39dd ./Middlewares/Third_Party/FreeRTOS/Source/CMSIS_RTOS_V2/cmsis_os2.o
 .debug_info    0x00014ece      0x2af ./Middlewares/Third_Party/FreeRTOS/Source/list.o
 .debug_info    0x0001517d     0x1b79 ./Middlewares/Third_Party/FreeRTOS/Source/queue.o
 .debug_info    0x00016cf6     0x21ec ./Middlewares/Third_Party/FreeRTOS/Source/tasks.o
 .debug_info    0x00018ee2     0x1488 ./Middlewares/Third_Party/FreeRTOS/Source/timers.o
 .debug_info    0x0001a36a      0x4de ./Middlewares/Third_Party/FreeRTOS/Source/portable/GCC/ARM_CM4F/port.o
 .debug_info    0x0001a848      0x4d5 ./Middlewares/Third_Party/FreeRTOS/Source/portable/MemMang/heap_4.o

.debug_abbrev   0x00000000     0x3ae2
 .debug_abbrev  0x00000000       0xf8 ./Core/Src/button.o
 .debug_abbrev  0x000000f8      0x1f0 ./Core/Src/lcd.o
 .debug_abbrev  0x000002e8      0x2f5 ./Core/Src/main.o
 .debug_abbrev  0x000005dd       0xf8 ./Core/Src/sensor.o
 .debug_abbrev  0x000006d5      0x192 ./Core/Src/servo.o
 .debug_abbrev  0x00000867      0x225 ./Core/Src/stm32f4xx_hal_msp.o
 .debug_abbrev  0x00000a8c      0x207 ./Core/Src/stm32f4xx_hal_timebase_tim.o
 .debug_abbrev  0x00000c93      0x190 ./Core/Src/stm32f4xx_it.o
 .debug_abbrev  0x00000e23      0x11a ./Core/Src/system_stm32f4xx.o
 .debug_abbrev  0x00000f3d      0x17c ./Core/Src/uart.o
 .debug_abbrev  0x000010b9       0x24 ./Core/Startup/startup_stm32f411ceux.o
 .debug_abbrev  0x000010dd      0x24b ./Drivers/STM32F4xx_HAL_Driver/Src/stm32f4xx_hal.o
 .debug_abbrev  0x00001328      0x31d ./Drivers/STM32F4xx_HAL_Driver/Src/stm32f4xx_hal_cortex.o
 .debug_abbrev  0x00001645      0x1d3 ./Drivers/STM32F4xx_HAL_Driver/Src/stm32f4xx_hal_gpio.o
 .debug_abbrev  0x00001818      0x2bc ./Drivers/STM32F4xx_HAL_Driver/Src/stm32f4xx_hal_i2c.o
 .debug_abbrev  0x00001ad4      0x2b6 ./Drivers/STM32F4xx_HAL_Driver/Src/stm32f4xx_hal_rcc.o
 .debug_abbrev  0x00001d8a      0x28b ./Drivers/STM32F4xx_HAL_Driver/Src/stm32f4xx_hal_tim.o
 .debug_abbrev  0x00002015      0x296 ./Drivers/STM32F4xx_HAL_Driver/Src/stm32f4xx_hal_tim_ex.o
 .debug_abbrev  0x000022ab      0x31b ./Drivers/STM32F4xx_HAL_Driver/Src/stm32f4xx_hal_uart.o
 .debug_abbrev  0x000025c6      0x520 ./Middlewares/Third_Party/FreeRTOS/Source/CMSIS_RTOS_V2/cmsis_os2.o
 .debug_abbrev  0x00002ae6       0xf5 ./Middlewares/Third_Party/FreeRTOS/Source/list.o
 .debug_abbrev  0x00002bdb      0x3b6 ./Middlewares/Third_Party/FreeRTOS/Source/queue.o
 .debug_abbrev  0x00002f91      0x386 ./Middlewares/Third_Party/FreeRTOS/Source/tasks.o
 .debug_abbrev  0x00003317      0x352 ./Middlewares/Third_Party/FreeRTOS/Source/timers.o
 .debug_abbrev  0x00003669      0x25c ./Middlewares/Third_Party/FreeRTOS/Source/portable/GCC/ARM_CM4F/port.o
 .debug_abbrev  0x000038c5      0x21d ./Middlewares/Third_Party/FreeRTOS/Source/portable/MemMang/heap_4.o

.debug_aranges  0x00000000     0x17a8
 .debug_aranges
                0x00000000       0x30 ./Core/Src/button.o
 .debug_aranges
                0x00000030       0x68 ./Core/Src/lcd.o
 .debug_aranges
                0x00000098       0x70 ./Core/Src/main.o
 .debug_aranges
                0x00000108       0x28 ./Core/Src/sensor.o
 .debug_aranges
                0x00000130       0x30 ./Core/Src/servo.o
 .debug_aranges
                0x00000160       0x58 ./Core/Src/stm32f4xx_hal_msp.o
 .debug_aranges
                0x000001b8       0x30 ./Core/Src/stm32f4xx_hal_timebase_tim.o
 .debug_aranges
                0x000001e8       0x50 ./Core/Src/stm32f4xx_it.o
 .debug_aranges
                0x00000238       0x28 ./Core/Src/system_stm32f4xx.o
 .debug_aranges
                0x00000260       0x20 ./Core/Src/uart.o
 .debug_aranges
                0x00000280       0x28 ./Core/Startup/startup_stm32f411ceux.o
 .debug_aranges
                0x000002a8       0xf0 ./Drivers/STM32F4xx_HAL_Driver/Src/stm32f4xx_hal.o
 .debug_aranges
                0x00000398      0x130 ./Drivers/STM32F4xx_HAL_Driver/Src/stm32f4xx_hal_cortex.o
 .debug_aranges
                0x000004c8       0x58 ./Drivers/STM32F4xx_HAL_Driver/Src/stm32f4xx_hal_gpio.o
 .debug_aranges
                0x00000520      0x2a8 ./Drivers/STM32F4xx_HAL_Driver/Src/stm32f4xx_hal_i2c.o
 .debug_aranges
                0x000007c8       0x88 ./Drivers/STM32F4xx_HAL_Driver/Src/stm32f4xx_hal_rcc.o
 .debug_aranges
                0x00000850      0x3d0 ./Drivers/STM32F4xx_HAL_Driver/Src/stm32f4xx_hal_tim.o
 .debug_aranges
                0x00000c20      0x168 ./Drivers/STM32F4xx_HAL_Driver/Src/stm32f4xx_hal_tim_ex.o
 .debug_aranges
                0x00000d88      0x208 ./Drivers/STM32F4xx_HAL_Driver/Src/stm32f4xx_hal_uart.o
 .debug_aranges
                0x00000f90      0x2b0 ./Middlewares/Third_Party/FreeRTOS/Source/CMSIS_RTOS_V2/cmsis_os2.o
 .debug_aranges
                0x00001240       0x40 ./Middlewares/Third_Party/FreeRTOS/Source/list.o
 .debug_aranges
                0x00001280      0x158 ./Middlewares/Third_Party/FreeRTOS/Source/queue.o
 .debug_aranges
                0x000013d8      0x208 ./Middlewares/Third_Party/FreeRTOS/Source/tasks.o
 .debug_aranges
                0x000015e0       0xf0 ./Middlewares/Third_Party/FreeRTOS/Source/timers.o
 .debug_aranges
                0x000016d0       0x80 ./Middlewares/Third_Party/FreeRTOS/Source/portable/GCC/ARM_CM4F/port.o
 .debug_aranges
                0x00001750       0x58 ./Middlewares/Third_Party/FreeRTOS/Source/portable/MemMang/heap_4.o

.debug_rnglists
                0x00000000     0x127a
 .debug_rnglists
                0x00000000       0x1f ./Core/Src/button.o
 .debug_rnglists
                0x0000001f       0x4a ./Core/Src/lcd.o
 .debug_rnglists
                0x00000069       0x55 ./Core/Src/main.o
 .debug_rnglists
                0x000000be       0x19 ./Core/Src/sensor.o
 .debug_rnglists
                0x000000d7       0x1f ./Core/Src/servo.o
 .debug_rnglists
                0x000000f6       0x3f ./Core/Src/stm32f4xx_hal_msp.o
 .debug_rnglists
                0x00000135       0x20 ./Core/Src/stm32f4xx_hal_timebase_tim.o
 .debug_rnglists
                0x00000155       0x37 ./Core/Src/stm32f4xx_it.o
 .debug_rnglists
                0x0000018c       0x1a ./Core/Src/system_stm32f4xx.o
 .debug_rnglists
                0x000001a6       0x13 ./Core/Src/uart.o
 .debug_rnglists
                0x000001b9       0x19 ./Core/Startup/startup_stm32f411ceux.o
 .debug_rnglists
                0x000001d2       0xaf ./Drivers/STM32F4xx_HAL_Driver/Src/stm32f4xx_hal.o
 .debug_rnglists
                0x00000281       0xe0 ./Drivers/STM32F4xx_HAL_Driver/Src/stm32f4xx_hal_cortex.o
 .debug_rnglists
                0x00000361       0x3f ./Drivers/STM32F4xx_HAL_Driver/Src/stm32f4xx_hal_gpio.o
 .debug_rnglists
                0x000003a0      0x23c ./Drivers/STM32F4xx_HAL_Driver/Src/stm32f4xx_hal_i2c.o
 .debug_rnglists
                0x000005dc       0x66 ./Drivers/STM32F4xx_HAL_Driver/Src/stm32f4xx_hal_rcc.o
 .debug_rnglists
                0x00000642      0x31a ./Drivers/STM32F4xx_HAL_Driver/Src/stm32f4xx_hal_tim.o
 .debug_rnglists
                0x0000095c      0x125 ./Drivers/STM32F4xx_HAL_Driver/Src/stm32f4xx_hal_tim_ex.o
 .debug_rnglists
                0x00000a81      0x1bc ./Drivers/STM32F4xx_HAL_Driver/Src/stm32f4xx_hal_uart.o
 .debug_rnglists
                0x00000c3d      0x212 ./Middlewares/Third_Party/FreeRTOS/Source/CMSIS_RTOS_V2/cmsis_os2.o
 .debug_rnglists
                0x00000e4f       0x2b ./Middlewares/Third_Party/FreeRTOS/Source/list.o
 .debug_rnglists
                0x00000e7a      0x109 ./Middlewares/Third_Party/FreeRTOS/Source/queue.o
 .debug_rnglists
                0x00000f83      0x1a0 ./Middlewares/Third_Party/FreeRTOS/Source/tasks.o
 .debug_rnglists
                0x00001123       0xb8 ./Middlewares/Third_Party/FreeRTOS/Source/timers.o
 .debug_rnglists
                0x000011db       0x5d ./Middlewares/Third_Party/FreeRTOS/Source/portable/GCC/ARM_CM4F/port.o
 .debug_rnglists
                0x00001238       0x42 ./Middlewares/Third_Party/FreeRTOS/Source/portable/MemMang/heap_4.o

.debug_macro    0x00000000    0x180cc
 .debug_macro   0x00000000      0x1fb ./Core/Src/button.o
 .debug_macro   0x000001fb      0xad8 ./Core/Src/button.o
 .debug_macro   0x00000cd3       0x22 ./Core/Src/button.o
 .debug_macro   0x00000cf5       0x8e ./Core/Src/button.o
 .debug_macro   0x00000d83       0x51 ./Core/Src/button.o
 .debug_macro   0x00000dd4      0x103 ./Core/Src/button.o
 .debug_macro   0x00000ed7       0x6a ./Core/Src/button.o
 .debug_macro   0x00000f41      0x1df ./Core/Src/button.o
 .debug_macro   0x00001120      0x2a1 ./Core/Src/button.o
 .debug_macro   0x000013c1       0x2e ./Core/Src/button.o
 .debug_macro   0x000013ef       0x28 ./Core/Src/button.o
 .debug_macro   0x00001417       0x1c ./Core/Src/button.o
 .debug_macro   0x00001433       0x22 ./Core/Src/button.o
 .debug_macro   0x00001455       0xfb ./Core/Src/button.o
 .debug_macro   0x00001550     0x1011 ./Core/Src/button.o
 .debug_macro   0x00002561      0x11f ./Core/Src/button.o
 .debug_macro   0x00002680     0xb968 ./Core/Src/button.o
 .debug_macro   0x0000dfe8       0x6d ./Core/Src/button.o
 .debug_macro   0x0000e055     0x3693 ./Core/Src/button.o
 .debug_macro   0x000116e8      0x190 ./Core/Src/button.o
 .debug_macro   0x00011878       0x5c ./Core/Src/button.o
 .debug_macro   0x000118d4      0x45c ./Core/Src/button.o
 .debug_macro   0x00011d30      0x9e9 ./Core/Src/button.o
 .debug_macro   0x00012719      0x115 ./Core/Src/button.o
 .debug_macro   0x0001282e      0x11b ./Core/Src/button.o
 .debug_macro   0x00012949       0xa5 ./Core/Src/button.o
 .debug_macro   0x000129ee      0x15f ./Core/Src/button.o
 .debug_macro   0x00012b4d      0x287 ./Core/Src/button.o
 .debug_macro   0x00012dd4       0x5f ./Core/Src/button.o
 .debug_macro   0x00012e33      0x236 ./Core/Src/button.o
 .debug_macro   0x00013069      0x132 ./Core/Src/button.o
 .debug_macro   0x0001319b      0x264 ./Core/Src/button.o
 .debug_macro   0x000133ff       0x2e ./Core/Src/button.o
 .debug_macro   0x0001342d      0x1b5 ./Core/Src/button.o
 .debug_macro   0x000135e2       0x22 ./Core/Src/button.o
 .debug_macro   0x00013604       0xd6 ./Core/Src/button.o
 .debug_macro   0x000136da      0x127 ./Core/Src/button.o
 .debug_macro   0x00013801       0x85 ./Core/Src/button.o
 .debug_macro   0x00013886       0x89 ./Core/Src/button.o
 .debug_macro   0x0001390f      0x8ed ./Core/Src/button.o
 .debug_macro   0x000141fc       0x47 ./Core/Src/button.o
 .debug_macro   0x00014243      0x2aa ./Core/Src/button.o
 .debug_macro   0x000144ed      0x126 ./Core/Src/button.o
 .debug_macro   0x00014613      0x21d ./Core/Src/lcd.o
 .debug_macro   0x00014830      0x2c1 ./Core/Src/main.o
 .debug_macro   0x00014af1      0x169 ./Core/Src/main.o
 .debug_macro   0x00014c5a       0x66 ./Core/Src/main.o
 .debug_macro   0x00014cc0       0x74 ./Core/Src/main.o
 .debug_macro   0x00014d34       0xdd ./Core/Src/main.o
 .debug_macro   0x00014e11      0x1fb ./Core/Src/sensor.o
 .debug_macro   0x0001500c      0x207 ./Core/Src/servo.o
 .debug_macro   0x00015213      0x1f1 ./Core/Src/stm32f4xx_hal_msp.o
 .debug_macro   0x00015404      0x1e7 ./Core/Src/stm32f4xx_hal_timebase_tim.o
 .debug_macro   0x000155eb      0x1fb ./Core/Src/stm32f4xx_it.o
 .debug_macro   0x000157e6      0x1e7 ./Core/Src/system_stm32f4xx.o
 .debug_macro   0x000159cd      0x2c9 ./Core/Src/uart.o
 .debug_macro   0x00015c96       0x61 ./Core/Src/uart.o
 .debug_macro   0x00015cf7       0x10 ./Core/Src/uart.o
 .debug_macro   0x00015d07       0x20 ./Core/Src/uart.o
 .debug_macro   0x00015d27      0x247 ./Drivers/STM32F4xx_HAL_Driver/Src/stm32f4xx_hal.o
 .debug_macro   0x00015f6e      0x1e7 ./Drivers/STM32F4xx_HAL_Driver/Src/stm32f4xx_hal_cortex.o
 .debug_macro   0x00016155      0x1ed ./Drivers/STM32F4xx_HAL_Driver/Src/stm32f4xx_hal_gpio.o
 .debug_macro   0x00016342      0x235 ./Drivers/STM32F4xx_HAL_Driver/Src/stm32f4xx_hal_i2c.o
 .debug_macro   0x00016577      0x20b ./Drivers/STM32F4xx_HAL_Driver/Src/stm32f4xx_hal_rcc.o
 .debug_macro   0x00016782      0x1e8 ./Drivers/STM32F4xx_HAL_Driver/Src/stm32f4xx_hal_tim.o
 .debug_macro   0x0001696a      0x1e7 ./Drivers/STM32F4xx_HAL_Driver/Src/stm32f4xx_hal_tim_ex.o
 .debug_macro   0x00016b51      0x1e8 ./Drivers/STM32F4xx_HAL_Driver/Src/stm32f4xx_hal_uart.o
 .debug_macro   0x00016d39      0x3de ./Middlewares/Third_Party/FreeRTOS/Source/CMSIS_RTOS_V2/cmsis_os2.o
 .debug_macro   0x00017117       0x10 ./Middlewares/Third_Party/FreeRTOS/Source/CMSIS_RTOS_V2/cmsis_os2.o
 .debug_macro   0x00017127       0xf5 ./Middlewares/Third_Party/FreeRTOS/Source/CMSIS_RTOS_V2/cmsis_os2.o
 .debug_macro   0x0001721c       0x91 ./Middlewares/Third_Party/FreeRTOS/Source/CMSIS_RTOS_V2/cmsis_os2.o
 .debug_macro   0x000172ad       0x8d ./Middlewares/Third_Party/FreeRTOS/Source/CMSIS_RTOS_V2/cmsis_os2.o
 .debug_macro   0x0001733a       0x9a ./Middlewares/Third_Party/FreeRTOS/Source/CMSIS_RTOS_V2/cmsis_os2.o
 .debug_macro   0x000173d4       0x22 ./Middlewares/Third_Party/FreeRTOS/Source/CMSIS_RTOS_V2/cmsis_os2.o
 .debug_macro   0x000173f6       0x56 ./Middlewares/Third_Party/FreeRTOS/Source/CMSIS_RTOS_V2/cmsis_os2.o
 .debug_macro   0x0001744c      0x187 ./Middlewares/Third_Party/FreeRTOS/Source/list.o
 .debug_macro   0x000175d3      0x216 ./Middlewares/Third_Party/FreeRTOS/Source/queue.o
 .debug_macro   0x000177e9       0x16 ./Middlewares/Third_Party/FreeRTOS/Source/queue.o
 .debug_macro   0x000177ff       0x87 ./Middlewares/Third_Party/FreeRTOS/Source/queue.o
 .debug_macro   0x00017886      0x27f ./Middlewares/Third_Party/FreeRTOS/Source/tasks.o
 .debug_macro   0x00017b05       0x10 ./Middlewares/Third_Party/FreeRTOS/Source/tasks.o
 .debug_macro   0x00017b15      0x1dc ./Middlewares/Third_Party/FreeRTOS/Source/timers.o
 .debug_macro   0x00017cf1       0x97 ./Middlewares/Third_Party/FreeRTOS/Source/timers.o
 .debug_macro   0x00017d88      0x196 ./Middlewares/Third_Party/FreeRTOS/Source/portable/GCC/ARM_CM4F/port.o
 .debug_macro   0x00017f1e      0x1ae ./Middlewares/Third_Party/FreeRTOS/Source/portable/MemMang/heap_4.o

.debug_line     0x00000000    0x1b857
 .debug_line    0x00000000      0x7bc ./Core/Src/button.o
 .debug_line    0x000007bc      0x8b8 ./Core/Src/lcd.o
 .debug_line    0x00001074      0xc7e ./Core/Src/main.o
 .debug_line    0x00001cf2      0x79e ./Core/Src/sensor.o
 .debug_line    0x00002490      0x7a8 ./Core/Src/servo.o
 .debug_line    0x00002c38      0x87f ./Core/Src/stm32f4xx_hal_msp.o
 .debug_line    0x000034b7      0x7f9 ./Core/Src/stm32f4xx_hal_timebase_tim.o
 .debug_line    0x00003cb0      0x804 ./Core/Src/stm32f4xx_it.o
 .debug_line    0x000044b4      0x7f1 ./Core/Src/system_stm32f4xx.o
 .debug_line    0x00004ca5      0x8da ./Core/Src/uart.o
 .debug_line    0x0000557f       0x7a ./Core/Startup/startup_stm32f411ceux.o
 .debug_line    0x000055f9      0xa70 ./Drivers/STM32F4xx_HAL_Driver/Src/stm32f4xx_hal.o
 .debug_line    0x00006069      0xd3d ./Drivers/STM32F4xx_HAL_Driver/Src/stm32f4xx_hal_cortex.o
 .debug_line    0x00006da6      0xb86 ./Drivers/STM32F4xx_HAL_Driver/Src/stm32f4xx_hal_gpio.o
 .debug_line    0x0000792c     0x3b1a ./Drivers/STM32F4xx_HAL_Driver/Src/stm32f4xx_hal_i2c.o
 .debug_line    0x0000b446      0xe7a ./Drivers/STM32F4xx_HAL_Driver/Src/stm32f4xx_hal_rcc.o
 .debug_line    0x0000c2c0     0x35b2 ./Drivers/STM32F4xx_HAL_Driver/Src/stm32f4xx_hal_tim.o
 .debug_line    0x0000f872     0x1968 ./Drivers/STM32F4xx_HAL_Driver/Src/stm32f4xx_hal_tim_ex.o
 .debug_line    0x000111da     0x25b5 ./Drivers/STM32F4xx_HAL_Driver/Src/stm32f4xx_hal_uart.o
 .debug_line    0x0001378f     0x2551 ./Middlewares/Third_Party/FreeRTOS/Source/CMSIS_RTOS_V2/cmsis_os2.o
 .debug_line    0x00015ce0      0x791 ./Middlewares/Third_Party/FreeRTOS/Source/list.o
 .debug_line    0x00016471     0x1725 ./Middlewares/Third_Party/FreeRTOS/Source/queue.o
 .debug_line    0x00017b96     0x1d08 ./Middlewares/Third_Party/FreeRTOS/Source/tasks.o
 .debug_line    0x0001989e      0xdff ./Middlewares/Third_Party/FreeRTOS/Source/timers.o
 .debug_line    0x0001a69d      0x812 ./Middlewares/Third_Party/FreeRTOS/Source/portable/GCC/ARM_CM4F/port.o
 .debug_line    0x0001aeaf      0x9a8 ./Middlewares/Third_Party/FreeRTOS/Source/portable/MemMang/heap_4.o

.debug_str      0x00000000    0x9ab4d
 .debug_str     0x00000000    0x9ab4d ./Core/Src/button.o
                              0x88ac5 (size before relaxing)
 .debug_str     0x0009ab4d    0x890d2 ./Core/Src/lcd.o
 .debug_str     0x0009ab4d    0x8eb24 ./Core/Src/main.o
 .debug_str     0x0009ab4d    0x88ab8 ./Core/Src/sensor.o
 .debug_str     0x0009ab4d    0x88fc1 ./Core/Src/servo.o
 .debug_str     0x0009ab4d    0x899bc ./Core/Src/stm32f4xx_hal_msp.o
 .debug_str     0x0009ab4d    0x89576 ./Core/Src/stm32f4xx_hal_timebase_tim.o
 .debug_str     0x0009ab4d    0x88fc2 ./Core/Src/stm32f4xx_it.o
 .debug_str     0x0009ab4d    0x88bd7 ./Core/Src/system_stm32f4xx.o
 .debug_str     0x0009ab4d    0x8c063 ./Core/Src/uart.o
 .debug_str     0x0009ab4d       0x7e ./Core/Startup/startup_stm32f411ceux.o
 .debug_str     0x0009ab4d    0x89603 ./Drivers/STM32F4xx_HAL_Driver/Src/stm32f4xx_hal.o
 .debug_str     0x0009ab4d    0x8936d ./Drivers/STM32F4xx_HAL_Driver/Src/stm32f4xx_hal_cortex.o
 .debug_str     0x0009ab4d    0x88d52 ./Drivers/STM32F4xx_HAL_Driver/Src/stm32f4xx_hal_gpio.o
 .debug_str     0x0009ab4d    0x89be8 ./Drivers/STM32F4xx_HAL_Driver/Src/stm32f4xx_hal_i2c.o
 .debug_str     0x0009ab4d    0x8900b ./Drivers/STM32F4xx_HAL_Driver/Src/stm32f4xx_hal_rcc.o
 .debug_str     0x0009ab4d    0x89f4f ./Drivers/STM32F4xx_HAL_Driver/Src/stm32f4xx_hal_tim.o
 .debug_str     0x0009ab4d    0x8975b ./Drivers/STM32F4xx_HAL_Driver/Src/stm32f4xx_hal_tim_ex.o
 .debug_str     0x0009ab4d    0x895da ./Drivers/STM32F4xx_HAL_Driver/Src/stm32f4xx_hal_uart.o
 .debug_str     0x0009ab4d    0x936b6 ./Middlewares/Third_Party/FreeRTOS/Source/CMSIS_RTOS_V2/cmsis_os2.o
 .debug_str     0x0009ab4d     0xab9a ./Middlewares/Third_Party/FreeRTOS/Source/list.o
 .debug_str     0x0009ab4d     0xc6da ./Middlewares/Third_Party/FreeRTOS/Source/queue.o
 .debug_str     0x0009ab4d     0xd197 ./Middlewares/Third_Party/FreeRTOS/Source/tasks.o
 .debug_str     0x0009ab4d     0xcc0c ./Middlewares/Third_Party/FreeRTOS/Source/timers.o
 .debug_str     0x0009ab4d     0x87b6 ./Middlewares/Third_Party/FreeRTOS/Source/portable/GCC/ARM_CM4F/port.o
 .debug_str     0x0009ab4d     0xb4dc ./Middlewares/Third_Party/FreeRTOS/Source/portable/MemMang/heap_4.o

.comment        0x00000000       0x43
 .comment       0x00000000       0x43 ./Core/Src/button.o
                                 0x44 (size before relaxing)
 .comment       0x00000043       0x44 ./Core/Src/lcd.o
 .comment       0x00000043       0x44 ./Core/Src/main.o
 .comment       0x00000043       0x44 ./Core/Src/sensor.o
 .comment       0x00000043       0x44 ./Core/Src/servo.o
 .comment       0x00000043       0x44 ./Core/Src/stm32f4xx_hal_msp.o
 .comment       0x00000043       0x44 ./Core/Src/stm32f4xx_hal_timebase_tim.o
 .comment       0x00000043       0x44 ./Core/Src/stm32f4xx_it.o
 .comment       0x00000043       0x44 ./Core/Src/system_stm32f4xx.o
 .comment       0x00000043       0x44 ./Core/Src/uart.o
 .comment       0x00000043       0x44 ./Drivers/STM32F4xx_HAL_Driver/Src/stm32f4xx_hal.o
 .comment       0x00000043       0x44 ./Drivers/STM32F4xx_HAL_Driver/Src/stm32f4xx_hal_cortex.o
 .comment       0x00000043       0x44 ./Drivers/STM32F4xx_HAL_Driver/Src/stm32f4xx_hal_gpio.o
 .comment       0x00000043       0x44 ./Drivers/STM32F4xx_HAL_Driver/Src/stm32f4xx_hal_i2c.o
 .comment       0x00000043       0x44 ./Drivers/STM32F4xx_HAL_Driver/Src/stm32f4xx_hal_rcc.o
 .comment       0x00000043       0x44 ./Drivers/STM32F4xx_HAL_Driver/Src/stm32f4xx_hal_tim.o
 .comment       0x00000043       0x44 ./Drivers/STM32F4xx_HAL_Driver/Src/stm32f4xx_hal_tim_ex.o
 .comment       0x00000043       0x44 ./Drivers/STM32F4xx_HAL_Driver/Src/stm32f4xx_hal_uart.o
 .comment       0x00000043       0x44 ./Middlewares/Third_Party/FreeRTOS/Source/CMSIS_RTOS_V2/cmsis_os2.o
 .comment       0x00000043       0x44 ./Middlewares/Third_Party/FreeRTOS/Source/list.o
 .comment       0x00000043       0x44 ./Middlewares/Third_Party/FreeRTOS/Source/queue.o
 .comment       0x00000043       0x44 ./Middlewares/Third_Party/FreeRTOS/Source/tasks.o
 .comment       0x00000043       0x44 ./Middlewares/Third_Party/FreeRTOS/Source/timers.o
 .comment       0x00000043       0x44 ./Middlewares/Third_Party/FreeRTOS/Source/portable/GCC/ARM_CM4F/port.o
 .comment       0x00000043       0x44 ./Middlewares/Third_Party/FreeRTOS/Source/portable/MemMang/heap_4.o

.debug_frame    0x00000000     0x5fb4
 .debug_frame   0x00000000       0x64 ./Core/Src/button.o
 .debug_frame   0x00000064      0x168 ./Core/Src/lcd.o
 .debug_frame   0x000001cc      0x16c ./Core/Src/main.o
 .debug_frame   0x00000338       0x48 ./Core/Src/sensor.o
 .debug_frame   0x00000380       0x64 ./Core/Src/servo.o
 .debug_frame   0x000003e4      0x130 ./Core/Src/stm32f4xx_hal_msp.o
 .debug_frame   0x00000514       0x6c ./Core/Src/stm32f4xx_hal_timebase_tim.o
 .debug_frame   0x00000580       0xc0 ./Core/Src/stm32f4xx_it.o
 .debug_frame   0x00000640       0x50 ./Core/Src/system_stm32f4xx.o
 .debug_frame   0x00000690       0x34 ./Core/Src/uart.o
 .debug_frame   0x000006c4      0x31c ./Drivers/STM32F4xx_HAL_Driver/Src/stm32f4xx_hal.o
 .debug_frame   0x000009e0      0x4b8 ./Drivers/STM32F4xx_HAL_Driver/Src/stm32f4xx_hal_cortex.o
 .debug_frame   0x00000e98      0x130 ./Drivers/STM32F4xx_HAL_Driver/Src/stm32f4xx_hal_gpio.o
 .debug_frame   0x00000fc8      0xbf4 ./Drivers/STM32F4xx_HAL_Driver/Src/stm32f4xx_hal_i2c.o
 .debug_frame   0x00001bbc      0x1d8 ./Drivers/STM32F4xx_HAL_Driver/Src/stm32f4xx_hal_rcc.o
 .debug_frame   0x00001d94     0x10e8 ./Drivers/STM32F4xx_HAL_Driver/Src/stm32f4xx_hal_tim.o
 .debug_frame   0x00002e7c      0x600 ./Drivers/STM32F4xx_HAL_Driver/Src/stm32f4xx_hal_tim_ex.o
 .debug_frame   0x0000347c      0x8ec ./Drivers/STM32F4xx_HAL_Driver/Src/stm32f4xx_hal_uart.o
 .debug_frame   0x00003d68      0xb9c ./Middlewares/Third_Party/FreeRTOS/Source/CMSIS_RTOS_V2/cmsis_os2.o
 .debug_frame   0x00004904       0xc4 ./Middlewares/Third_Party/FreeRTOS/Source/list.o
 .debug_frame   0x000049c8      0x5c0 ./Middlewares/Third_Party/FreeRTOS/Source/queue.o
 .debug_frame   0x00004f88      0x8b0 ./Middlewares/Third_Party/FreeRTOS/Source/tasks.o
 .debug_frame   0x00005838      0x3e4 ./Middlewares/Third_Party/FreeRTOS/Source/timers.o
 .debug_frame   0x00005c1c      0x18c ./Middlewares/Third_Party/FreeRTOS/Source/portable/GCC/ARM_CM4F/port.o
 .debug_frame   0x00005da8      0x118 ./Middlewares/Third_Party/FreeRTOS/Source/portable/MemMang/heap_4.o
 .debug_frame   0x00005ec0       0x20 C:/ST/STM32CubeIDE_2.2.0/STM32CubeIDE/plugins/com.st.stm32cube.ide.mcu.externaltools.gnu-tools-for-stm32.14.3.rel1.win32_1.0.100.202602081740/tools/bin/../lib/gcc/arm-none-eabi/14.3.1/../../../../arm-none-eabi/lib/thumb/v7e-m+fp/hard\libc_nano.a(libc_a-memset.o)
 .debug_frame   0x00005ee0       0x2c C:/ST/STM32CubeIDE_2.2.0/STM32CubeIDE/plugins/com.st.stm32cube.ide.mcu.externaltools.gnu-tools-for-stm32.14.3.rel1.win32_1.0.100.202602081740/tools/bin/../lib/gcc/arm-none-eabi/14.3.1/../../../../arm-none-eabi/lib/thumb/v7e-m+fp/hard\libc_nano.a(libc_a-init.o)
 .debug_frame   0x00005f0c       0x28 C:/ST/STM32CubeIDE_2.2.0/STM32CubeIDE/plugins/com.st.stm32cube.ide.mcu.externaltools.gnu-tools-for-stm32.14.3.rel1.win32_1.0.100.202602081740/tools/bin/../lib/gcc/arm-none-eabi/14.3.1/../../../../arm-none-eabi/lib/thumb/v7e-m+fp/hard\libc_nano.a(libc_a-memcpy-stub.o)
 .debug_frame   0x00005f34       0x20 C:/ST/STM32CubeIDE_2.2.0/STM32CubeIDE/plugins/com.st.stm32cube.ide.mcu.externaltools.gnu-tools-for-stm32.14.3.rel1.win32_1.0.100.202602081740/tools/bin/../lib/gcc/arm-none-eabi/14.3.1/../../../../arm-none-eabi/lib/thumb/v7e-m+fp/hard\libc_nano.a(libc_a-strlen.o)
 .debug_frame   0x00005f54       0x2c C:/ST/STM32CubeIDE_2.2.0/STM32CubeIDE/plugins/com.st.stm32cube.ide.mcu.externaltools.gnu-tools-for-stm32.14.3.rel1.win32_1.0.100.202602081740/tools/bin/../lib/gcc/arm-none-eabi/14.3.1/thumb/v7e-m+fp/hard\libgcc.a(_aeabi_uldivmod.o)
 .debug_frame   0x00005f80       0x34 C:/ST/STM32CubeIDE_2.2.0/STM32CubeIDE/plugins/com.st.stm32cube.ide.mcu.externaltools.gnu-tools-for-stm32.14.3.rel1.win32_1.0.100.202602081740/tools/bin/../lib/gcc/arm-none-eabi/14.3.1/thumb/v7e-m+fp/hard\libgcc.a(_udivmoddi4.o)

.debug_line_str
                0x00000000       0x62
 .debug_line_str
                0x00000000       0x62 ./Core/Startup/startup_stm32f411ceux.o
